Archive member included to satisfy reference by file (symbol)

C:/ST/STM32CubeIDE_1.18.1/STM32CubeIDE/plugins/com.st.stm32cube.ide.mcu.externaltools.gnu-tools-for-stm32.13.3.rel1.win32_1.0.0.202411081344/tools/bin/../lib/gcc/arm-none-eabi/13.3.1/../../../../arm-none-eabi/lib/thumb/v7e-m+fp/hard\libc_nano.a(libc_a-exit.o)
                              C:/ST/STM32CubeIDE_1.18.1/STM32CubeIDE/plugins/com.st.stm32cube.ide.mcu.externaltools.gnu-tools-for-stm32.13.3.rel1.win32_1.0.0.202411081344/tools/bin/../lib/gcc/arm-none-eabi/13.3.1/../../../../arm-none-eabi/lib/thumb/v7e-m+fp/hard/crt0.o (exit)
C:/ST/STM32CubeIDE_1.18.1/STM32CubeIDE/plugins/com.st.stm32cube.ide.mcu.externaltools.gnu-tools-for-stm32.13.3.rel1.win32_1.0.0.202411081344/tools/bin/../lib/gcc/arm-none-eabi/13.3.1/../../../../arm-none-eabi/lib/thumb/v7e-m+fp/hard\libc_nano.a(libc_a-malloc.o)
                              ./Middlewares/ST/STM32_USB_Host_Library/Class/CDC/Src/usbh_cdc.o (malloc)
C:/ST/STM32CubeIDE_1.18.1/STM32CubeIDE/plugins/com.st.stm32cube.ide.mcu.externaltools.gnu-tools-for-stm32.13.3.rel1.win32_1.0.0.202411081344/tools/bin/../lib/gcc/arm-none-eabi/13.3.1/../../../../arm-none-eabi/lib/thumb/v7e-m+fp/hard\libc_nano.a(libc_a-mallocr.o)
                              C:/ST/STM32CubeIDE_1.18.1/STM32CubeIDE/plugins/com.st.stm32cube.ide.mcu.externaltools.gnu-tools-for-stm32.13.3.rel1.win32_1.0.0.202411081344/tools/bin/../lib/gcc/arm-none-eabi/13.3.1/../../../../arm-none-eabi/lib/thumb/v7e-m+fp/hard\libc_nano.a(libc_a-malloc.o) (_malloc_r)
C:/ST/STM32CubeIDE_1.18.1/STM32CubeIDE/plugins/com.st.stm32cube.ide.mcu.externaltools.gnu-tools-for-stm32.13.3.rel1.win32_1.0.0.202411081344/tools/bin/../lib/gcc/arm-none-eabi/13.3.1/../../../../arm-none-eabi/lib/thumb/v7e-m+fp/hard\libc_nano.a(libc_a-mlock.o)
                              C:/ST/STM32CubeIDE_1.18.1/STM32CubeIDE/plugins/com.st.stm32cube.ide.mcu.externaltools.gnu-tools-for-stm32.13.3.rel1.win32_1.0.0.202411081344/tools/bin/../lib/gcc/arm-none-eabi/13.3.1/../../../../arm-none-eabi/lib/thumb/v7e-m+fp/hard\libc_nano.a(libc_a-mallocr.o) (__malloc_lock)
C:/ST/STM32CubeIDE_1.18.1/STM32CubeIDE/plugins/com.st.stm32cube.ide.mcu.externaltools.gnu-tools-for-stm32.13.3.rel1.win32_1.0.0.202411081344/tools/bin/../lib/gcc/arm-none-eabi/13.3.1/../../../../arm-none-eabi/lib/thumb/v7e-m+fp/hard\libc_nano.a(libc_a-findfp.o)
                              C:/ST/STM32CubeIDE_1.18.1/STM32CubeIDE/plugins/com.st.stm32cube.ide.mcu.externaltools.gnu-tools-for-stm32.13.3.rel1.win32_1.0.0.202411081344/tools/bin/../lib/gcc/arm-none-eabi/13.3.1/../../../../arm-none-eabi/lib/thumb/v7e-m+fp/hard\libc_nano.a(libc_a-exit.o) (__stdio_exit_handler)
C:/ST/STM32CubeIDE_1.18.1/STM32CubeIDE/plugins/com.st.stm32cube.ide.mcu.externaltools.gnu-tools-for-stm32.13.3.rel1.win32_1.0.0.202411081344/tools/bin/../lib/gcc/arm-none-eabi/13.3.1/../../../../arm-none-eabi/lib/thumb/v7e-m+fp/hard\libc_nano.a(libc_a-fwalk.o)
                              C:/ST/STM32CubeIDE_1.18.1/STM32CubeIDE/plugins/com.st.stm32cube.ide.mcu.externaltools.gnu-tools-for-stm32.13.3.rel1.win32_1.0.0.202411081344/tools/bin/../lib/gcc/arm-none-eabi/13.3.1/../../../../arm-none-eabi/lib/thumb/v7e-m+fp/hard\libc_nano.a(libc_a-findfp.o) (_fwalk_sglue)
C:/ST/STM32CubeIDE_1.18.1/STM32CubeIDE/plugins/com.st.stm32cube.ide.mcu.externaltools.gnu-tools-for-stm32.13.3.rel1.win32_1.0.0.202411081344/tools/bin/../lib/gcc/arm-none-eabi/13.3.1/../../../../arm-none-eabi/lib/thumb/v7e-m+fp/hard\libc_nano.a(libc_a-sprintf.o)
                              ./Core/Src/main.o (sprintf)
C:/ST/STM32CubeIDE_1.18.1/STM32CubeIDE/plugins/com.st.stm32cube.ide.mcu.externaltools.gnu-tools-for-stm32.13.3.rel1.win32_1.0.0.202411081344/tools/bin/../lib/gcc/arm-none-eabi/13.3.1/../../../../arm-none-eabi/lib/thumb/v7e-m+fp/hard\libc_nano.a(libc_a-stdio.o)
                              C:/ST/STM32CubeIDE_1.18.1/STM32CubeIDE/plugins/com.st.stm32cube.ide.mcu.externaltools.gnu-tools-for-stm32.13.3.rel1.win32_1.0.0.202411081344/tools/bin/../lib/gcc/arm-none-eabi/13.3.1/../../../../arm-none-eabi/lib/thumb/v7e-m+fp/hard\libc_nano.a(libc_a-findfp.o) (__sread)
C:/ST/STM32CubeIDE_1.18.1/STM32CubeIDE/plugins/com.st.stm32cube.ide.mcu.externaltools.gnu-tools-for-stm32.13.3.rel1.win32_1.0.0.202411081344/tools/bin/../lib/gcc/arm-none-eabi/13.3.1/../../../../arm-none-eabi/lib/thumb/v7e-m+fp/hard\libc_nano.a(libc_a-memset.o)
                              C:/ST/STM32CubeIDE_1.18.1/STM32CubeIDE/plugins/com.st.stm32cube.ide.mcu.externaltools.gnu-tools-for-stm32.13.3.rel1.win32_1.0.0.202411081344/tools/bin/../lib/gcc/arm-none-eabi/13.3.1/../../../../arm-none-eabi/lib/thumb/v7e-m+fp/hard/crt0.o (memset)
C:/ST/STM32CubeIDE_1.18.1/STM32CubeIDE/plugins/com.st.stm32cube.ide.mcu.externaltools.gnu-tools-for-stm32.13.3.rel1.win32_1.0.0.202411081344/tools/bin/../lib/gcc/arm-none-eabi/13.3.1/../../../../arm-none-eabi/lib/thumb/v7e-m+fp/hard\libc_nano.a(libc_a-closer.o)
[...]
Memory Configuration

Name             Origin             Length             Attributes
CCMRAM           0x10000000         0x00010000         xrw
RAM              0x20000000         0x00020000         xrw
FLASH            0x08000000         0x00100000         xr
*default*        0x00000000         0xffffffff

Linker script and memory map

LOAD C:/ST/STM32CubeIDE_1.18.1/STM32CubeIDE/plugins/com.st.stm32cube.ide.mcu.externaltools.gnu-tools-for-stm32.13.3.rel1.win32_1.0.0.202411081344/tools/bin/../lib/gcc/arm-none-eabi/13.3.1/thumb/v7e-m+fp/hard/crti.o
LOAD C:/ST/STM32CubeIDE_1.18.1/STM32CubeIDE/plugins/com.st.stm32cube.ide.mcu.externaltools.gnu-tools-for-stm32.13.3.rel1.win32_1.0.0.202411081344/tools/bin/../lib/gcc/arm-none-eabi/13.3.1/thumb/v7e-m+fp/hard/crtbegin.o
LOAD C:/ST/STM32CubeIDE_1.18.1/STM32CubeIDE/plugins/com.st.stm32cube.ide.mcu.externaltools.gnu-tools-for-stm32.13.3.rel1.win32_1.0.0.202411081344/tools/bin/../lib/gcc/arm-none-eabi/13.3.1/../../../../arm-none-eabi/lib/thumb/v7e-m+fp/hard/crt0.o
LOAD ./Core/Src/antirebote.o
LOAD ./Core/Src/control_linearecta.o
LOAD ./Core/Src/control_motor.o
LOAD ./Core/Src/laberinto.o
LOAD ./Core/Src/main.o
LOAD ./Core/Src/navegacion.o
LOAD ./Core/Src/stm32f4xx_hal_msp.o
LOAD ./Core/Src/stm32f4xx_it.o
LOAD ./Core/Src/syscalls.o
LOAD ./Core/Src/sysmem.o
LOAD ./Core/Src/system_stm32f4xx.o
LOAD ./Core/Src/uart.o
LOAD ./Core/Startup/startup_stm32f407vgtx.o
LOAD ./Drivers/STM32F4xx_HAL_Driver/Src/stm32f4xx_hal.o
LOAD ./Drivers/STM32F4xx_HAL_Driver/Src/stm32f4xx_hal_adc.o
LOAD ./Drivers/STM32F4xx_HAL_Driver/Src/stm32f4xx_hal_adc_ex.o
LOAD ./Drivers/STM32F4xx_HAL_Driver/Src/stm32f4xx_hal_cortex.o
LOAD ./Drivers/STM32F4xx_HAL_Driver/Src/stm32f4xx_hal_dma.o
LOAD ./Drivers/STM32F4xx_HAL_Driver/Src/stm32f4xx_hal_dma_ex.o
LOAD ./Drivers/STM32F4xx_HAL_Driver/Src/stm32f4xx_hal_exti.o
LOAD ./Drivers/STM32F4xx_HAL_Driver/Src/stm32f4xx_hal_flash.o
LOAD ./Drivers/STM32F4xx_HAL_Driver/Src/stm32f4xx_hal_flash_ex.o
LOAD ./Drivers/STM32F4xx_HAL_Driver/Src/stm32f4xx_hal_flash_ramfunc.o
LOAD ./Drivers/STM32F4xx_HAL_Driver/Src/stm32f4xx_hal_gpio.o
LOAD ./Drivers/STM32F4xx_HAL_Driver/Src/stm32f4xx_hal_hcd.o
LOAD ./Drivers/STM32F4xx_HAL_Driver/Src/stm32f4xx_hal_i2c.o
LOAD ./Drivers/STM32F4xx_HAL_Driver/Src/stm32f4xx_hal_i2c_ex.o
LOAD ./Drivers/STM32F4xx_HAL_Driver/Src/stm32f4xx_hal_pwr.o
LOAD ./Drivers/STM32F4xx_HAL_Driver/Src/stm32f4xx_hal_pwr_ex.o
LOAD ./Drivers/STM32F4xx_HAL_Driver/Src/stm32f4xx_hal_rcc.o
LOAD ./Drivers/STM32F4xx_HAL_Driver/Src/stm32f4xx_hal_rcc_ex.o
LOAD ./Drivers/STM32F4xx_HAL_Driver/Src/stm32f4xx_hal_spi.o
LOAD ./Drivers/STM32F4xx_HAL_Driver/Src/stm32f4xx_hal_tim.o
LOAD ./Drivers/STM32F4xx_HAL_Driver/Src/stm32f4xx_hal_tim_ex.o
LOAD ./Drivers/STM32F4xx_HAL_Driver/Src/stm32f4xx_hal_uart.o
LOAD ./Drivers/STM32F4xx_HAL_Driver/Src/stm32f4xx_ll_adc.o
LOAD ./Drivers/STM32F4xx_HAL_Driver/Src/stm32f4xx_ll_usb.o
LOAD ./Middlewares/ST/STM32_USB_Host_Library/Class/CDC/Src/usbh_cdc.o
LOAD ./Middlewares/ST/STM32_USB_Host_Library/Core/Src/usbh_core.o
LOAD ./Middlewares/ST/STM32_USB_Host_Library/Core/Src/usbh_ctlreq.o
LOAD ./Middlewares/ST/STM32_USB_Host_Library/Core/Src/usbh_ioreq.o
LOAD ./Middlewares/ST/STM32_USB_Host_Library/Core/Src/usbh_pipes.o
LOAD ./USB_HOST/App/usb_host.o
LOAD ./USB_HOST/Target/usbh_conf.o
LOAD ./USB_HOST/Target/usbh_platform.o
START GROUP
LOAD C:/ST/STM32CubeIDE_1.18.1/STM32CubeIDE/plugins/com.st.stm32cube.ide.mcu.externaltools.gnu-tools-for-stm32.13.3.rel1.win32_1.0.0.202411081344/tools/bin/../lib/gcc/arm-none-eabi/13.3.1/../../../../arm-none-eabi/lib/thumb/v7e-m+fp/hard\libc_nano.a
LOAD C:/ST/STM32CubeIDE_1.18.1/STM32CubeIDE/plugins/com.st.stm32cube.ide.mcu.externaltools.gnu-tools-for-stm32.13.3.rel1.win32_1.0.0.202411081344/tools/bin/../lib/gcc/arm-none-eabi/13.3.1/../../../../arm-none-eabi/lib/thumb/v7e-m+fp/hard\libm.a
END GROUP
START GROUP
LOAD C:/ST/STM32CubeIDE_1.18.1/STM32CubeIDE/plugins/com.st.stm32cube.ide.mcu.externaltools.gnu-tools-for-stm32.13.3.rel1.win32_1.0.0.202411081344/tools/bin/../lib/gcc/arm-none-eabi/13.3.1/thumb/v7e-m+fp/hard\libgcc.a
LOAD C:/ST/STM32CubeIDE_1.18.1/STM32CubeIDE/plugins/com.st.stm32cube.ide.mcu.externaltools.gnu-tools-for-stm32.13.3.rel1.win32_1.0.0.202411081344/tools/bin/../lib/gcc/arm-none-eabi/13.3.1/../../../../arm-none-eabi/lib/thumb/v7e-m+fp/hard\libc_nano.a
END GROUP
START GROUP
LOAD C:/ST/STM32CubeIDE_1.18.1/STM32CubeIDE/plugins/com.st.stm32cube.ide.mcu.externaltools.gnu-tools-for-stm32.13.3.rel1.win32_1.0.0.202411081344/tools/bin/../lib/gcc/arm-none-eabi/13.3.1/thumb/v7e-m+fp/hard\libgcc.a
LOAD C:/ST/STM32CubeIDE_1.18.1/STM32CubeIDE/plugins/com.st.stm32cube.ide.mcu.externaltools.gnu-tools-for-stm32.13.3.rel1.win32_1.0.0.202411081344/tools/bin/../lib/gcc/arm-none-eabi/13.3.1/../../../../arm-none-eabi/lib/thumb/v7e-m+fp/hard\libc_nano.a
LOAD C:/ST/STM32CubeIDE_1.18.1/STM32CubeIDE/plugins/com.st.stm32cube.ide.mcu.externaltools.gnu-tools-for-stm32.13.3.rel1.win32_1.0.0.202411081344/tools/bin/../lib/gcc/arm-none-eabi/13.3.1/../../../../arm-none-eabi/lib/thumb/v7e-m+fp/hard\libnosys.a
END GROUP
START GROUP
LOAD C:/ST/STM32CubeIDE_1.18.1/STM32CubeIDE/plugins/com.st.stm32cube.ide.mcu.externaltools.gnu-tools-for-stm32.13.3.rel1.win32_1.0.0.202411081344/tools/bin/../lib/gcc/arm-none-eabi/13.3.1/thumb/v7e-m+fp/hard\libgcc.a
LOAD C:/ST/STM32CubeIDE_1.18.1/STM32CubeIDE/plugins/com.st.stm32cube.ide.mcu.externaltools.gnu-tools-for-stm32.13.3.rel1.win32_1.0.0.202411081344/tools/bin/../lib/gcc/arm-none-eabi/13.3.1/../../../../arm-none-eabi/lib/thumb/v7e-m+fp/hard\libc_nano.a
LOAD C:/ST/STM32CubeIDE_1.18.1/STM32CubeIDE/plugins/com.st.stm32cube.ide.mcu.externaltools.gnu-tools-for-stm32.13.3.rel1.win32_1.0.0.202411081344/tools/bin/../lib/gcc/arm-none-eabi/13.3.1/../../../../arm-none-eabi/lib/thumb/v7e-m+fp/hard\libnosys.a
END GROUP
LOAD C:/ST/STM32CubeIDE_1.18.1/STM32CubeIDE/plugins/com.st.stm32cube.ide.mcu.externaltools.gnu-tools-for-stm32.13.3.rel1.win32_1.0.0.202411081344/tools/bin/../lib/gcc/arm-none-eabi/13.3.1/thumb/v7e-m+fp/hard/crtend.o
LOAD C:/ST/STM32CubeIDE_1.18.1/STM32CubeIDE/plugins/com.st.stm32cube.ide.mcu.externaltools.gnu-tools-for-stm32.13.3.rel1.win32_1.0.0.202411081344/tools/bin/../lib/gcc/arm-none-eabi/13.3.1/thumb/v7e-m+fp/hard/crtn.o
                0x20020000                        _estack = (ORIGIN (RAM) + LENGTH (RAM))
                0x00000200                        _Min_Heap_Size = 0x200
                0x00000400                        _Min_Stack_Size = 0x400

.isr_vector     0x08000000      0x188
                0x08000000                        . = ALIGN (0x4)
 *(.isr_vector)
 .isr_vector    0x08000000      0x188 ./Core/Startup/startup_stm32f407vgtx.o
                0x08000000                g_pfnVectors
                0x08000188                        . = ALIGN (0x4)

.text           0x08000190     0xbc90
                0x08000190                        . = ALIGN (0x4)
 *(.text)
 .text          0x08000190       0x40 C:/ST/STM32CubeIDE_1.18.1/STM32CubeIDE/plugins/com.st.stm32cube.ide.mcu.externaltools.gnu-tools-for-stm32.13.3.rel1.win32_1.0.0.202411081344/tools/bin/../lib/gcc/arm-none-eabi/13.3.1/thumb/v7e-m+fp/hard/crtbegin.o
 .text          0x080001d0       0x10 C:/ST/STM32CubeIDE_1.18.1/STM32CubeIDE/plugins/com.st.stm32cube.ide.mcu.externaltools.gnu-tools-for-stm32.13.3.rel1.win32_1.0.0.202411081344/tools/bin/../lib/gcc/arm-none-eabi/13.3.1/../../../../arm-none-eabi/lib/thumb/v7e-m+fp/hard\libc_nano.a(libc_a-strlen.o)
                0x080001d0                strlen
 .text          0x080001e0       0xa0 C:/ST/STM32CubeIDE_1.18.1/STM32CubeIDE/plugins/com.st.stm32cube.ide.mcu.externaltools.gnu-tools-for-stm32.13.3.rel1.win32_1.0.0.202411081344/tools/bin/../lib/gcc/arm-none-eabi/13.3.1/../../../../arm-none-eabi/lib/thumb/v7e-m+fp/hard\libc_nano.a(libc_a-memchr.o)
                0x080001e0                memchr
 .text          0x08000280       0x30 C:/ST/STM32CubeIDE_1.18.1/STM32CubeIDE/plugins/com.st.stm32cube.ide.mcu.externaltools.gnu-tools-for-stm32.13.3.rel1.win32_1.0.0.202411081344/tools/bin/../lib/gcc/arm-none-eabi/13.3.1/thumb/v7e-m+fp/hard\libgcc.a(_aeabi_uldivmod.o)
                0x08000280                __aeabi_uldivmod
 .text          0x080002b0      0x2f8 C:/ST/STM32CubeIDE_1.18.1/STM32CubeIDE/plugins/com.st.stm32cube.ide.mcu.externaltools.gnu-tools-for-stm32.13.3.rel1.win32_1.0.0.202411081344/tools/bin/../lib/gcc/arm-none-eabi/13.3.1/thumb/v7e-m+fp/hard\libgcc.a(_udivmoddi4.o)
                0x080002b0                __udivmoddi4
 .text          0x080005a8        0x4 C:/ST/STM32CubeIDE_1.18.1/STM32CubeIDE/plugins/com.st.stm32cube.ide.mcu.externaltools.gnu-tools-for-stm32.13.3.rel1.win32_1.0.0.202411081344/tools/bin/../lib/gcc/arm-none-eabi/13.3.1/thumb/v7e-m+fp/hard\libgcc.a(_dvmd_tls.o)
                0x080005a8                __aeabi_idiv0
                0x080005a8                __aeabi_ldiv0
 *(.text*)
 .text.HAL_ADC_ConvHalfCpltCallback
                0x080005ac       0x1c ./Core/Src/control_linearecta.o
                0x080005ac                HAL_ADC_ConvHalfCpltCallback
 .text.HAL_ADC_ConvCpltCallback
                0x080005c8       0x1c ./Core/Src/control_linearecta.o
                0x080005c8                HAL_ADC_ConvCpltCallback
 .text.promediar_sensores
                0x080005e4       0x7c ./Core/Src/control_linearecta.o
                0x080005e4                promediar_sensores
 .text.auto_calibracion
                0x08000660      0x110 ./Core/Src/control_linearecta.o
                0x08000660                auto_calibracion
 .text.controlar_linea_recta
                0x08000770       0xc4 ./Core/Src/control_linearecta.o
                0x08000770                controlar_linea_recta
 .text.control_motor_init
                0x08000834       0x20 ./Core/Src/control_motor.o
                0x08000834                control_motor_init
 .text.set_motor_izq
                0x08000854       0x88 ./Core/Src/control_motor.o
                0x08000854                set_motor_izq
 .text.set_motor_der
                0x080008dc       0x88 ./Core/Src/control_motor.o
                0x080008dc                set_motor_der
 .text.avanza   0x08000964       0x24 ./Core/Src/control_motor.o
                0x08000964                avanza
 .text.gira90izq
                0x08000988       0x6c ./Core/Src/control_motor.o
                0x08000988                gira90izq
 .text.gira90der
                0x080009f4       0x6c ./Core/Src/control_motor.o
                0x080009f4                gira90der
 .text.gira180  0x08000a60       0x6c ./Core/Src/control_motor.o
                0x08000a60                gira180
 .text.termino  0x08000acc       0x18 ./Core/Src/control_motor.o
                0x08000acc                termino
 .text.correccion_izquierda
                0x08000ae4       0x24 ./Core/Src/control_motor.o
                0x08000ae4                correccion_izquierda
 .text.correccion_derecha
                0x08000b08       0x24 ./Core/Src/control_motor.o
                0x08000b08                correccion_derecha
 .text.laberinto_get_peso
                0x08000b2c       0x58 ./Core/Src/laberinto.o
                0x08000b2c                laberinto_get_peso
 .text.laberinto_set_muro
                0x08000b84       0xc4 ./Core/Src/laberinto.o
                0x08000b84                laberinto_set_muro
 .text.laberinto_recalcular_pesos
                0x08000c48      0x158 ./Core/Src/laberinto.o
                0x08000c48                laberinto_recalcular_pesos
 .text.laberinto_hay_muro
                0x08000da0       0x60 ./Core/Src/laberinto.o
                0x08000da0                laberinto_hay_muro
 .text.laberinto_get_posicion_adyacente
                0x08000e00       0x74 ./Core/Src/laberinto.o
                0x08000e00                laberinto_get_posicion_adyacente
 .text.laberinto_posicion_valida
                0x08000e74       0x40 ./Core/Src/laberinto.o
                0x08000e74                laberinto_posicion_valida
 .text.main     0x08000eb4       0x9c ./Core/Src/main.o
                0x08000eb4                main
 .text.SystemClock_Config
                0x08000f50       0xd4 ./Core/Src/main.o
                0x08000f50                SystemClock_Config
 .text.MX_ADC1_Init
                0x08001024       0xc0 ./Core/Src/main.o
 .text.MX_I2C1_Init
                0x080010e4       0x5c ./Core/Src/main.o
 .text.MX_SPI1_Init
                0x08001140       0x6c ./Core/Src/main.o
 .text.MX_TIM3_Init
                0x080011ac      0x104 ./Core/Src/main.o
 .text.MX_UART5_Init
                0x080012b0       0x54 ./Core/Src/main.o
 .text.MX_DMA_Init
                0x08001304       0x40 ./Core/Src/main.o
 .text.MX_GPIO_Init
                0x08001344      0x290 ./Core/Src/main.o
 .text.actualizar_posicion
                0x080015d4       0x70 ./Core/Src/main.o
                0x080015d4                actualizar_posicion
 .text.chequeolinea
                0x08001644       0xa8 ./Core/Src/main.o
                0x08001644                chequeolinea
 .text.chequeomuro
                0x080016ec       0x68 ./Core/Src/main.o
                0x080016ec                chequeomuro
 .text.HAL_GPIO_EXTI_Callback
                0x08001754       0xa0 ./Core/Src/main.o
                0x08001754                HAL_GPIO_EXTI_Callback
 .text.Error_Handler
                0x080017f4        0xc ./Core/Src/main.o
                0x080017f4                Error_Handler
 .text.calcular_mejor_direccion
                0x08001800       0x9c ./Core/Src/navegacion.o
                0x08001800                calcular_mejor_direccion
 .text.ejecutar_movimiento
                0x0800189c       0x84 ./Core/Src/navegacion.o
                0x0800189c                ejecutar_movimiento
 .text.HAL_MspInit
                0x08001920       0x50 ./Core/Src/stm32f4xx_hal_msp.o
                0x08001920                HAL_MspInit
 .text.HAL_ADC_MspInit
                0x08001970       0xf0 ./Core/Src/stm32f4xx_hal_msp.o
                0x08001970                HAL_ADC_MspInit
 .text.HAL_I2C_MspInit
                0x08001a60       0x90 ./Core/Src/stm32f4xx_hal_msp.o
                0x08001a60                HAL_I2C_MspInit
 .text.HAL_SPI_MspInit
                0x08001af0       0x90 ./Core/Src/stm32f4xx_hal_msp.o
                0x08001af0                HAL_SPI_MspInit
 .text.HAL_TIM_Base_MspInit
                0x08001b80       0x44 ./Core/Src/stm32f4xx_hal_msp.o
                0x08001b80                HAL_TIM_Base_MspInit
 .text.HAL_TIM_MspPostInit
                0x08001bc4       0x74 ./Core/Src/stm32f4xx_hal_msp.o
                0x08001bc4                HAL_TIM_MspPostInit
 .text.HAL_UART_MspInit
                0x08001c38       0xd0 ./Core/Src/stm32f4xx_hal_msp.o
                0x08001c38                HAL_UART_MspInit
 .text.NMI_Handler
                0x08001d08        0x8 ./Core/Src/stm32f4xx_it.o
                0x08001d08                NMI_Handler
 .text.HardFault_Handler
                0x08001d10        0x8 ./Core/Src/stm32f4xx_it.o
                0x08001d10                HardFault_Handler
 .text.MemManage_Handler
                0x08001d18        0x8 ./Core/Src/stm32f4xx_it.o
                0x08001d18                MemManage_Handler
 .text.BusFault_Handler
                0x08001d20        0x8 ./Core/Src/stm32f4xx_it.o
                0x08001d20                BusFault_Handler
 .text.UsageFault_Handler
                0x08001d28        0x8 ./Core/Src/stm32f4xx_it.o
                0x08001d28                UsageFault_Handler
 .text.SVC_Handler
                0x08001d30        0xe ./Core/Src/stm32f4xx_it.o
                0x08001d30                SVC_Handler
 .text.DebugMon_Handler
                0x08001d3e        0xe ./Core/Src/stm32f4xx_it.o
                0x08001d3e                DebugMon_Handler
 .text.PendSV_Handler
                0x08001d4c        0xe ./Core/Src/stm32f4xx_it.o
                0x08001d4c                PendSV_Handler
 .text.SysTick_Handler
                0x08001d5a        0xc ./Core/Src/stm32f4xx_it.o
                0x08001d5a                SysTick_Handler
 .text.EXTI9_5_IRQHandler
                0x08001d66       0x14 ./Core/Src/stm32f4xx_it.o
                0x08001d66                EXTI9_5_IRQHandler
 *fill*         0x08001d7a        0x2 
 .text.DMA2_Stream0_IRQHandler
                0x08001d7c       0x14 ./Core/Src/stm32f4xx_it.o
                0x08001d7c                DMA2_Stream0_IRQHandler
 .text.OTG_FS_IRQHandler
                0x08001d90       0x14 ./Core/Src/stm32f4xx_it.o
                0x08001d90                OTG_FS_IRQHandler
 .text._sbrk    0x08001da4       0x6c ./Core/Src/sysmem.o
                0x08001da4                _sbrk
 .text.SystemInit
                0x08001e10       0x24 ./Core/Src/system_stm32f4xx.o
                0x08001e10                SystemInit
 .text.Transmision
                0x08001e34       0x40 ./Core/Src/uart.o
                0x08001e34                Transmision
 .text.Inicializar_UART
                0x08001e74       0x54 ./Core/Src/uart.o
                0x08001e74                Inicializar_UART
 .text.Reset_Handler
                0x08001ec8       0x50 ./Core/Startup/startup_stm32f407vgtx.o
                0x08001ec8                Reset_Handler
 .text.Default_Handler
                0x08001f18        0x2 ./Core/Startup/startup_stm32f407vgtx.o
                0x08001f18                RTC_Alarm_IRQHandler
                0x08001f18                HASH_RNG_IRQHandler
                0x08001f18                EXTI2_IRQHandler
                0x08001f18                TIM8_CC_IRQHandler
                0x08001f18                TIM1_CC_IRQHandler
                0x08001f18                DMA2_Stream5_IRQHandler
                0x08001f18                DMA1_Stream5_IRQHandler
                0x08001f18                PVD_IRQHandler
                0x08001f18                SDIO_IRQHandler
                0x08001f18                TAMP_STAMP_IRQHandler
                0x08001f18                CAN2_RX1_IRQHandler
                0x08001f18                EXTI3_IRQHandler
                0x08001f18                TIM8_TRG_COM_TIM14_IRQHandler
                0x08001f18                TIM1_UP_TIM10_IRQHandler
                0x08001f18                TIM8_UP_TIM13_IRQHandler
                0x08001f18                I2C3_ER_IRQHandler
                0x08001f18                EXTI0_IRQHandler
                0x08001f18                I2C2_EV_IRQHandler
                0x08001f18                DMA1_Stream2_IRQHandler
                0x08001f18                CAN1_RX0_IRQHandler
                0x08001f18                FPU_IRQHandler
                0x08001f18                OTG_HS_WKUP_IRQHandler
                0x08001f18                CAN2_SCE_IRQHandler
                0x08001f18                DMA2_Stream2_IRQHandler
                0x08001f18                SPI1_IRQHandler
                0x08001f18                TIM6_DAC_IRQHandler
                0x08001f18                TIM1_BRK_TIM9_IRQHandler
                0x08001f18                DCMI_IRQHandler
                0x08001f18                CAN2_RX0_IRQHandler
                0x08001f18                DMA2_Stream3_IRQHandler
                0x08001f18                USART6_IRQHandler
                0x08001f18                USART3_IRQHandler
                0x08001f18                CAN1_RX1_IRQHandler
                0x08001f18                UART5_IRQHandler
                0x08001f18                TIM4_IRQHandler
                0x08001f18                I2C1_EV_IRQHandler
                0x08001f18                DMA1_Stream6_IRQHandler
                0x08001f18                DMA1_Stream1_IRQHandler
                0x08001f18                UART4_IRQHandler
                0x08001f18                TIM3_IRQHandler
                0x08001f18                RCC_IRQHandler
                0x08001f18                TIM8_BRK_TIM12_IRQHandler
                0x08001f18                Default_Handler
                0x08001f18                EXTI15_10_IRQHandler
                0x08001f18                ADC_IRQHandler
                0x08001f18                DMA1_Stream7_IRQHandler
                0x08001f18                TIM7_IRQHandler
                0x08001f18                CAN2_TX_IRQHandler
                0x08001f18                TIM5_IRQHandler
                0x08001f18                DMA2_Stream7_IRQHandler
                0x08001f18                I2C3_EV_IRQHandler
                0x08001f18                RTC_WKUP_IRQHandler
                0x08001f18                ETH_WKUP_IRQHandler
                0x08001f18                SPI2_IRQHandler
                0x08001f18                OTG_HS_EP1_IN_IRQHandler
                0x08001f18                DMA1_Stream0_IRQHandler
                0x08001f18                CAN1_TX_IRQHandler
                0x08001f18                EXTI4_IRQHandler
                0x08001f18                FSMC_IRQHandler
                0x08001f18                ETH_IRQHandler
                0x08001f18                OTG_HS_EP1_OUT_IRQHandler
                0x08001f18                WWDG_IRQHandler
                0x08001f18                TIM2_IRQHandler
                0x08001f18                OTG_FS_WKUP_IRQHandler
                0x08001f18                TIM1_TRG_COM_TIM11_IRQHandler
                0x08001f18                OTG_HS_IRQHandler
                0x08001f18                EXTI1_IRQHandler
                0x08001f18                USART2_IRQHandler
                0x08001f18                I2C2_ER_IRQHandler
                0x08001f18                DMA2_Stream1_IRQHandler
                0x08001f18                CAN1_SCE_IRQHandler
                0x08001f18                FLASH_IRQHandler
                0x08001f18                DMA2_Stream4_IRQHandler
                0x08001f18                USART1_IRQHandler
                0x08001f18                SPI3_IRQHandler
                0x08001f18                DMA1_Stream4_IRQHandler
                0x08001f18                I2C1_ER_IRQHandler
                0x08001f18                DMA2_Stream6_IRQHandler
                0x08001f18                DMA1_Stream3_IRQHandler
 *fill*         0x08001f1a        0x2 
 .text.HAL_Init
                0x08001f1c       0x44 ./Drivers/STM32F4xx_HAL_Driver/Src/stm32f4xx_hal.o
                0x08001f1c                HAL_Init
 .text.HAL_InitTick
                0x08001f60       0x60 ./Drivers/STM32F4xx_HAL_Driver/Src/stm32f4xx_hal.o
                0x08001f60                HAL_InitTick
 .text.HAL_IncTick
                0x08001fc0       0x28 ./Drivers/STM32F4xx_HAL_Driver/Src/stm32f4xx_hal.o
                0x08001fc0                HAL_IncTick
 .text.HAL_GetTick
                0x08001fe8       0x18 ./Drivers/STM32F4xx_HAL_Driver/Src/stm32f4xx_hal.o
                0x08001fe8                HAL_GetTick
 .text.HAL_Delay
                0x08002000       0x48 ./Drivers/STM32F4xx_HAL_Driver/Src/stm32f4xx_hal.o
                0x08002000                HAL_Delay
 .text.HAL_ADC_Init
                0x08002048       0x86 ./Drivers/STM32F4xx_HAL_Driver/Src/stm32f4xx_hal_adc.o
                0x08002048                HAL_ADC_Init
 *fill*         0x080020ce        0x2 
 .text.HAL_ADC_Start_DMA
                0x080020d0      0x228 ./Drivers/STM32F4xx_HAL_Driver/Src/stm32f4xx_hal_adc.o
                0x080020d0                HAL_ADC_Start_DMA
 .text.HAL_ADC_ErrorCallback
                0x080022f8       0x14 ./Drivers/STM32F4xx_HAL_Driver/Src/stm32f4xx_hal_adc.o
                0x080022f8                HAL_ADC_ErrorCallback
 .text.HAL_ADC_ConfigChannel
                0x0800230c      0x244 ./Drivers/STM32F4xx_HAL_Driver/Src/stm32f4xx_hal_adc.o
                0x0800230c                HAL_ADC_ConfigChannel
 .text.ADC_Init
                0x08002550      0x1f8 ./Drivers/STM32F4xx_HAL_Driver/Src/stm32f4xx_hal_adc.o
 .text.ADC_DMAConvCplt
                0x08002748       0xba ./Drivers/STM32F4xx_HAL_Driver/Src/stm32f4xx_hal_adc.o
 .text.ADC_DMAHalfConvCplt
                0x08002802       0x1c ./Drivers/STM32F4xx_HAL_Driver/Src/stm32f4xx_hal_adc.o
 .text.ADC_DMAError
                0x0800281e       0x2e ./Drivers/STM32F4xx_HAL_Driver/Src/stm32f4xx_hal_adc.o
 .text.__NVIC_SetPriorityGrouping
                0x0800284c       0x48 ./Drivers/STM32F4xx_HAL_Driver/Src/stm32f4xx_hal_cortex.o
 .text.__NVIC_GetPriorityGrouping
                0x08002894       0x1c ./Drivers/STM32F4xx_HAL_Driver/Src/stm32f4xx_hal_cortex.o
 .text.__NVIC_EnableIRQ
                0x080028b0       0x3c ./Drivers/STM32F4xx_HAL_Driver/Src/stm32f4xx_hal_cortex.o
 .text.__NVIC_DisableIRQ
                0x080028ec       0x48 ./Drivers/STM32F4xx_HAL_Driver/Src/stm32f4xx_hal_cortex.o
 .text.__NVIC_SetPriority
                0x08002934       0x54 ./Drivers/STM32F4xx_HAL_Driver/Src/stm32f4xx_hal_cortex.o
 .text.NVIC_EncodePriority
                0x08002988       0x66 ./Drivers/STM32F4xx_HAL_Driver/Src/stm32f4xx_hal_cortex.o
 *fill*         0x080029ee        0x2 
 .text.SysTick_Config
                0x080029f0       0x44 ./Drivers/STM32F4xx_HAL_Driver/Src/stm32f4xx_hal_cortex.o
 .text.HAL_NVIC_SetPriorityGrouping
                0x08002a34       0x16 ./Drivers/STM32F4xx_HAL_Driver/Src/stm32f4xx_hal_cortex.o
                0x08002a34                HAL_NVIC_SetPriorityGrouping
 .text.HAL_NVIC_SetPriority
                0x08002a4a       0x38 ./Drivers/STM32F4xx_HAL_Driver/Src/stm32f4xx_hal_cortex.o
                0x08002a4a                HAL_NVIC_SetPriority
 .text.HAL_NVIC_EnableIRQ
                0x08002a82       0x1c ./Drivers/STM32F4xx_HAL_Driver/Src/stm32f4xx_hal_cortex.o
                0x08002a82                HAL_NVIC_EnableIRQ
 .text.HAL_NVIC_DisableIRQ
                0x08002a9e       0x1c ./Drivers/STM32F4xx_HAL_Driver/Src/stm32f4xx_hal_cortex.o
                0x08002a9e                HAL_NVIC_DisableIRQ
 .text.HAL_SYSTICK_Config
                0x08002aba       0x18 ./Drivers/STM32F4xx_HAL_Driver/Src/stm32f4xx_hal_cortex.o
                0x08002aba                HAL_SYSTICK_Config
 *fill*         0x08002ad2        0x2 
 .text.HAL_DMA_Init
                0x08002ad4      0x15c ./Drivers/STM32F4xx_HAL_Driver/Src/stm32f4xx_hal_dma.o
                0x08002ad4                HAL_DMA_Init
 .text.HAL_DMA_Start_IT
                0x08002c30       0xb0 ./Drivers/STM32F4xx_HAL_Driver/Src/stm32f4xx_hal_dma.o
                0x08002c30                HAL_DMA_Start_IT
 .text.HAL_DMA_IRQHandler
                0x08002ce0      0x314 ./Drivers/STM32F4xx_HAL_Driver/Src/stm32f4xx_hal_dma.o
                0x08002ce0                HAL_DMA_IRQHandler
 .text.DMA_SetConfig
                0x08002ff4       0x5c ./Drivers/STM32F4xx_HAL_Driver/Src/stm32f4xx_hal_dma.o
 .text.DMA_CalcBaseAndBitshift
                0x08003050       0x6c ./Drivers/STM32F4xx_HAL_Driver/Src/stm32f4xx_hal_dma.o
 .text.DMA_CheckFifoParam
                0x080030bc       0xf8 ./Drivers/STM32F4xx_HAL_Driver/Src/stm32f4xx_hal_dma.o
 .text.HAL_GPIO_Init
                0x080031b4      0x338 ./Drivers/STM32F4xx_HAL_Driver/Src/stm32f4xx_hal_gpio.o
                0x080031b4                HAL_GPIO_Init
 .text.HAL_GPIO_ReadPin
                0x080034ec       0x30 ./Drivers/STM32F4xx_HAL_Driver/Src/stm32f4xx_hal_gpio.o
                0x080034ec                HAL_GPIO_ReadPin
 .text.HAL_GPIO_WritePin
                0x0800351c       0x32 ./Drivers/STM32F4xx_HAL_Driver/Src/stm32f4xx_hal_gpio.o
                0x0800351c                HAL_GPIO_WritePin
 *fill*         0x0800354e        0x2 
 .text.HAL_GPIO_EXTI_IRQHandler
                0x08003550       0x30 ./Drivers/STM32F4xx_HAL_Driver/Src/stm32f4xx_hal_gpio.o
                0x08003550                HAL_GPIO_EXTI_IRQHandler
 .text.HAL_HCD_Init
                0x08003580       0xce ./Drivers/STM32F4xx_HAL_Driver/Src/stm32f4xx_hal_hcd.o
                0x08003580                HAL_HCD_Init
 .text.HAL_HCD_HC_Init
                0x0800364e      0x170 ./Drivers/STM32F4xx_HAL_Driver/Src/stm32f4xx_hal_hcd.o
                0x0800364e                HAL_HCD_HC_Init
 .text.HAL_HCD_HC_Halt
                0x080037be       0x46 ./Drivers/STM32F4xx_HAL_Driver/Src/stm32f4xx_hal_hcd.o
                0x080037be                HAL_HCD_HC_Halt
 .text.HAL_HCD_HC_SubmitRequest
                0x08003804      0x33c ./Drivers/STM32F4xx_HAL_Driver/Src/stm32f4xx_hal_hcd.o
                0x08003804                HAL_HCD_HC_SubmitRequest
 .text.HAL_HCD_IRQHandler
                0x08003b40      0x220 ./Drivers/STM32F4xx_HAL_Driver/Src/stm32f4xx_hal_hcd.o
                0x08003b40                HAL_HCD_IRQHandler
 .text.HAL_HCD_Start
                0x08003d60       0x46 ./Drivers/STM32F4xx_HAL_Driver/Src/stm32f4xx_hal_hcd.o
                0x08003d60                HAL_HCD_Start
 .text.HAL_HCD_Stop
                0x08003da6       0x3a ./Drivers/STM32F4xx_HAL_Driver/Src/stm32f4xx_hal_hcd.o
                0x08003da6                HAL_HCD_Stop
 .text.HAL_HCD_ResetPort
                0x08003de0       0x1c ./Drivers/STM32F4xx_HAL_Driver/Src/stm32f4xx_hal_hcd.o
                0x08003de0                HAL_HCD_ResetPort
 .text.HAL_HCD_HC_GetURBState
                0x08003dfc       0x2a ./Drivers/STM32F4xx_HAL_Driver/Src/stm32f4xx_hal_hcd.o
                0x08003dfc                HAL_HCD_HC_GetURBState
 .text.HAL_HCD_HC_GetXferCount
                0x08003e26       0x2a ./Drivers/STM32F4xx_HAL_Driver/Src/stm32f4xx_hal_hcd.o
                0x08003e26                HAL_HCD_HC_GetXferCount
 .text.HAL_HCD_GetCurrentFrame
                0x08003e50       0x1c ./Drivers/STM32F4xx_HAL_Driver/Src/stm32f4xx_hal_hcd.o
                0x08003e50                HAL_HCD_GetCurrentFrame
 .text.HAL_HCD_GetCurrentSpeed
                0x08003e6c       0x1c ./Drivers/STM32F4xx_HAL_Driver/Src/stm32f4xx_hal_hcd.o
                0x08003e6c                HAL_HCD_GetCurrentSpeed
 .text.HAL_HCD_HC_ClearHubInfo
                0x08003e88       0x6a ./Drivers/STM32F4xx_HAL_Driver/Src/stm32f4xx_hal_hcd.o
                0x08003e88                HAL_HCD_HC_ClearHubInfo
 .text.HCD_HC_IN_IRQHandler
                0x08003ef2      0xcd2 ./Drivers/STM32F4xx_HAL_Driver/Src/stm32f4xx_hal_hcd.o
 .text.HCD_HC_OUT_IRQHandler
                0x08004bc4      0x97e ./Drivers/STM32F4xx_HAL_Driver/Src/stm32f4xx_hal_hcd.o
 .text.HCD_RXQLVL_IRQHandler
                0x08005542      0x1be ./Drivers/STM32F4xx_HAL_Driver/Src/stm32f4xx_hal_hcd.o
 .text.HCD_Port_IRQHandler
                0x08005700       0xe6 ./Drivers/STM32F4xx_HAL_Driver/Src/stm32f4xx_hal_hcd.o
 *fill*         0x080057e6        0x2 
 .text.HAL_I2C_Init
                0x080057e8      0x288 ./Drivers/STM32F4xx_HAL_Driver/Src/stm32f4xx_hal_i2c.o
                0x080057e8                HAL_I2C_Init
 .text.HAL_RCC_OscConfig
                0x08005a70      0x4f0 ./Drivers/STM32F4xx_HAL_Driver/Src/stm32f4xx_hal_rcc.o
                0x08005a70                HAL_RCC_OscConfig
 .text.HAL_RCC_ClockConfig
                0x08005f60      0x1cc ./Drivers/STM32F4xx_HAL_Driver/Src/stm32f4xx_hal_rcc.o
                0x08005f60                HAL_RCC_ClockConfig
 .text.HAL_RCC_GetSysClockFreq
                0x0800612c      0x20c ./Drivers/STM32F4xx_HAL_Driver/Src/stm32f4xx_hal_rcc.o
                0x0800612c                HAL_RCC_GetSysClockFreq
 .text.HAL_RCC_GetHCLKFreq
                0x08006338       0x18 ./Drivers/STM32F4xx_HAL_Driver/Src/stm32f4xx_hal_rcc.o
                0x08006338                HAL_RCC_GetHCLKFreq
 .text.HAL_RCC_GetPCLK1Freq
                0x08006350       0x28 ./Drivers/STM32F4xx_HAL_Driver/Src/stm32f4xx_hal_rcc.o
                0x08006350                HAL_RCC_GetPCLK1Freq
 .text.HAL_RCC_GetPCLK2Freq
                0x08006378       0x28 ./Drivers/STM32F4xx_HAL_Driver/Src/stm32f4xx_hal_rcc.o
                0x08006378                HAL_RCC_GetPCLK2Freq
 .text.HAL_SPI_Init
                0x080063a0      0x112 ./Drivers/STM32F4xx_HAL_Driver/Src/stm32f4xx_hal_spi.o
                0x080063a0                HAL_SPI_Init
 .text.HAL_TIM_Base_Init
                0x080064b2       0x9e ./Drivers/STM32F4xx_HAL_Driver/Src/stm32f4xx_hal_tim.o
                0x080064b2                HAL_TIM_Base_Init
 .text.HAL_TIM_PWM_Init
                0x08006550       0x9e ./Drivers/STM32F4xx_HAL_Driver/Src/stm32f4xx_hal_tim.o
                0x08006550                HAL_TIM_PWM_Init
 .text.HAL_TIM_PWM_MspInit
                0x080065ee       0x14 ./Drivers/STM32F4xx_HAL_Driver/Src/stm32f4xx_hal_tim.o
                0x080065ee                HAL_TIM_PWM_MspInit
 *fill*         0x08006602        0x2 
 .text.HAL_TIM_PWM_Start
                0x08006604      0x190 ./Drivers/STM32F4xx_HAL_Driver/Src/stm32f4xx_hal_tim.o
                0x08006604                HAL_TIM_PWM_Start
 .text.HAL_TIM_PWM_ConfigChannel
                0x08006794      0x184 ./Drivers/STM32F4xx_HAL_Driver/Src/stm32f4xx_hal_tim.o
                0x08006794                HAL_TIM_PWM_ConfigChannel
 .text.HAL_TIM_ConfigClockSource
                0x08006918      0x18e ./Drivers/STM32F4xx_HAL_Driver/Src/stm32f4xx_hal_tim.o
                0x08006918                HAL_TIM_ConfigClockSource
 *fill*         0x08006aa6        0x2 
 .text.TIM_Base_SetConfig
                0x08006aa8      0x14c ./Drivers/STM32F4xx_HAL_Driver/Src/stm32f4xx_hal_tim.o
                0x08006aa8                TIM_Base_SetConfig
 .text.TIM_OC1_SetConfig
                0x08006bf4       0xe0 ./Drivers/STM32F4xx_HAL_Driver/Src/stm32f4xx_hal_tim.o
 .text.TIM_OC2_SetConfig
                0x08006cd4       0xec ./Drivers/STM32F4xx_HAL_Driver/Src/stm32f4xx_hal_tim.o
                0x08006cd4                TIM_OC2_SetConfig
 .text.TIM_OC3_SetConfig
                0x08006dc0       0xe8 ./Drivers/STM32F4xx_HAL_Driver/Src/stm32f4xx_hal_tim.o
 .text.TIM_OC4_SetConfig
                0x08006ea8       0xac ./Drivers/STM32F4xx_HAL_Driver/Src/stm32f4xx_hal_tim.o
 .text.TIM_TI1_ConfigInputStage
                0x08006f54       0x5e ./Drivers/STM32F4xx_HAL_Driver/Src/stm32f4xx_hal_tim.o
 .text.TIM_TI2_ConfigInputStage
                0x08006fb2       0x60 ./Drivers/STM32F4xx_HAL_Driver/Src/stm32f4xx_hal_tim.o
 .text.TIM_ITRx_SetConfig
                0x08007012       0x36 ./Drivers/STM32F4xx_HAL_Driver/Src/stm32f4xx_hal_tim.o
 .text.TIM_ETR_SetConfig
                0x08007048       0x40 ./Drivers/STM32F4xx_HAL_Driver/Src/stm32f4xx_hal_tim.o
                0x08007048                TIM_ETR_SetConfig
 .text.TIM_CCxChannelCmd
                0x08007088       0x4a ./Drivers/STM32F4xx_HAL_Driver/Src/stm32f4xx_hal_tim.o
                0x08007088                TIM_CCxChannelCmd
 *fill*         0x080070d2        0x2 
 .text.HAL_TIMEx_MasterConfigSynchronization
                0x080070d4       0xf8 ./Drivers/STM32F4xx_HAL_Driver/Src/stm32f4xx_hal_tim_ex.o
                0x080070d4                HAL_TIMEx_MasterConfigSynchronization
 .text.HAL_UART_Init
                0x080071cc       0xa0 ./Drivers/STM32F4xx_HAL_Driver/Src/stm32f4xx_hal_uart.o
                0x080071cc                HAL_UART_Init
 .text.HAL_UART_Transmit
                0x0800726c      0x116 ./Drivers/STM32F4xx_HAL_Driver/Src/stm32f4xx_hal_uart.o
                0x0800726c                HAL_UART_Transmit
 .text.HAL_UART_Receive_IT
                0x08007382       0x4a ./Drivers/STM32F4xx_HAL_Driver/Src/stm32f4xx_hal_uart.o
                0x08007382                HAL_UART_Receive_IT
 .text.UART_WaitOnFlagUntilTimeout
                0x080073cc       0xb2 ./Drivers/STM32F4xx_HAL_Driver/Src/stm32f4xx_hal_uart.o
 .text.UART_Start_Receive_IT
                0x0800747e       0x74 ./Drivers/STM32F4xx_HAL_Driver/Src/stm32f4xx_hal_uart.o
                0x0800747e                UART_Start_Receive_IT
 .text.UART_EndRxTransfer
                0x080074f2       0xc6 ./Drivers/STM32F4xx_HAL_Driver/Src/stm32f4xx_hal_uart.o
 .text.UART_SetConfig
                0x080075b8      0x4e8 ./Drivers/STM32F4xx_HAL_Driver/Src/stm32f4xx_hal_uart.o
 .text.USB_CoreInit
                0x08007aa0       0xc8 ./Drivers/STM32F4xx_HAL_Driver/Src/stm32f4xx_ll_usb.o
                0x08007aa0                USB_CoreInit
 .text.USB_EnableGlobalInt
                0x08007b68       0x22 ./Drivers/STM32F4xx_HAL_Driver/Src/stm32f4xx_ll_usb.o
                0x08007b68                USB_EnableGlobalInt
 .text.USB_DisableGlobalInt
                0x08007b8a       0x22 ./Drivers/STM32F4xx_HAL_Driver/Src/stm32f4xx_ll_usb.o
                0x08007b8a                USB_DisableGlobalInt
 .text.USB_SetCurrentMode
                0x08007bac       0x98 ./Drivers/STM32F4xx_HAL_Driver/Src/stm32f4xx_ll_usb.o
                0x08007bac                USB_SetCurrentMode
 .text.USB_FlushTxFifo
                0x08007c44       0x64 ./Drivers/STM32F4xx_HAL_Driver/Src/stm32f4xx_ll_usb.o
                0x08007c44                USB_FlushTxFifo
 .text.USB_FlushRxFifo
                0x08007ca8       0x5c ./Drivers/STM32F4xx_HAL_Driver/Src/stm32f4xx_ll_usb.o
                0x08007ca8                USB_FlushRxFifo
 .text.USB_WritePacket
                0x08007d04       0x7c ./Drivers/STM32F4xx_HAL_Driver/Src/stm32f4xx_ll_usb.o
                0x08007d04                USB_WritePacket
 .text.USB_ReadPacket
                0x08007d80       0xb0 ./Drivers/STM32F4xx_HAL_Driver/Src/stm32f4xx_ll_usb.o
                0x08007d80                USB_ReadPacket
 .text.USB_ReadInterrupts
                0x08007e30       0x26 ./Drivers/STM32F4xx_HAL_Driver/Src/stm32f4xx_ll_usb.o
                0x08007e30                USB_ReadInterrupts
 .text.USB_ReadChInterrupts
                0x08007e56       0x42 ./Drivers/STM32F4xx_HAL_Driver/Src/stm32f4xx_ll_usb.o
                0x08007e56                USB_ReadChInterrupts
 .text.USB_GetMode
                0x08007e98       0x1c ./Drivers/STM32F4xx_HAL_Driver/Src/stm32f4xx_ll_usb.o
                0x08007e98                USB_GetMode
 .text.USB_CoreReset
                0x08007eb4       0x70 ./Drivers/STM32F4xx_HAL_Driver/Src/stm32f4xx_ll_usb.o
 .text.USB_HostInit
                0x08007f24      0x188 ./Drivers/STM32F4xx_HAL_Driver/Src/stm32f4xx_ll_usb.o
                0x08007f24                USB_HostInit
 .text.USB_InitFSLSPClkSel
                0x080080ac       0x7a ./Drivers/STM32F4xx_HAL_Driver/Src/stm32f4xx_ll_usb.o
                0x080080ac                USB_InitFSLSPClkSel
 .text.USB_ResetPort
                0x08008126       0x54 ./Drivers/STM32F4xx_HAL_Driver/Src/stm32f4xx_ll_usb.o
                0x08008126                USB_ResetPort
 .text.USB_DriveVbus
                0x0800817a       0x72 ./Drivers/STM32F4xx_HAL_Driver/Src/stm32f4xx_ll_usb.o
                0x0800817a                USB_DriveVbus
 .text.USB_GetHostSpeed
                0x080081ec       0x2e ./Drivers/STM32F4xx_HAL_Driver/Src/stm32f4xx_ll_usb.o
                0x080081ec                USB_GetHostSpeed
 .text.USB_GetCurrentFrame
                0x0800821a       0x22 ./Drivers/STM32F4xx_HAL_Driver/Src/stm32f4xx_ll_usb.o
                0x0800821a                USB_GetCurrentFrame
 .text.USB_HC_Init
                0x0800823c      0x258 ./Drivers/STM32F4xx_HAL_Driver/Src/stm32f4xx_ll_usb.o
                0x0800823c                USB_HC_Init
 .text.USB_HC_StartXfer
                0x08008494      0x4f4 ./Drivers/STM32F4xx_HAL_Driver/Src/stm32f4xx_ll_usb.o
                0x08008494                USB_HC_StartXfer
 .text.USB_HC_ReadInterrupt
                0x08008988       0x22 ./Drivers/STM32F4xx_HAL_Driver/Src/stm32f4xx_ll_usb.o
                0x08008988                USB_HC_ReadInterrupt
 .text.USB_HC_Halt
                0x080089aa      0x240 ./Drivers/STM32F4xx_HAL_Driver/Src/stm32f4xx_ll_usb.o
                0x080089aa                USB_HC_Halt
 *fill*         0x08008bea        0x2 
 .text.USB_DoPing
                0x08008bec       0x78 ./Drivers/STM32F4xx_HAL_Driver/Src/stm32f4xx_ll_usb.o
                0x08008bec                USB_DoPing
 .text.USB_StopHost
                0x08008c64      0x124 ./Drivers/STM32F4xx_HAL_Driver/Src/stm32f4xx_ll_usb.o
                0x08008c64                USB_StopHost
 .text.USBH_CDC_InterfaceInit
                0x08008d88      0x2ac ./Middlewares/ST/STM32_USB_Host_Library/Class/CDC/Src/usbh_cdc.o
 .text.USBH_CDC_InterfaceDeInit
                0x08009034       0xb2 ./Middlewares/ST/STM32_USB_Host_Library/Class/CDC/Src/usbh_cdc.o
 .text.USBH_CDC_ClassRequest
                0x080090e6       0x3e ./Middlewares/ST/STM32_USB_Host_Library/Class/CDC/Src/usbh_cdc.o
 .text.USBH_CDC_Process
                0x08009124      0x12c ./Middlewares/ST/STM32_USB_Host_Library/Class/CDC/Src/usbh_cdc.o
 .text.USBH_CDC_SOFProcess
                0x08009250       0x16 ./Middlewares/ST/STM32_USB_Host_Library/Class/CDC/Src/usbh_cdc.o
 .text.GetLineCoding
                0x08009266       0x3e ./Middlewares/ST/STM32_USB_Host_Library/Class/CDC/Src/usbh_cdc.o
 .text.SetLineCoding
                0x080092a4       0x3e ./Middlewares/ST/STM32_USB_Host_Library/Class/CDC/Src/usbh_cdc.o
 .text.CDC_ProcessTransmission
                0x080092e2       0xec ./Middlewares/ST/STM32_USB_Host_Library/Class/CDC/Src/usbh_cdc.o
 .text.CDC_ProcessReception
                0x080093ce       0xb6 ./Middlewares/ST/STM32_USB_Host_Library/Class/CDC/Src/usbh_cdc.o
 .text.USBH_CDC_TransmitCallback
                0x08009484       0x14 ./Middlewares/ST/STM32_USB_Host_Library/Class/CDC/Src/usbh_cdc.o
                0x08009484                USBH_CDC_TransmitCallback
 .text.USBH_CDC_ReceiveCallback
                0x08009498       0x14 ./Middlewares/ST/STM32_USB_Host_Library/Class/CDC/Src/usbh_cdc.o
                0x08009498                USBH_CDC_ReceiveCallback
 .text.USBH_CDC_LineCodingChanged
                0x080094ac       0x14 ./Middlewares/ST/STM32_USB_Host_Library/Class/CDC/Src/usbh_cdc.o
                0x080094ac                USBH_CDC_LineCodingChanged
 .text.USBH_Init
                0x080094c0       0x74 ./Middlewares/ST/STM32_USB_Host_Library/Core/Src/usbh_core.o
                0x080094c0                USBH_Init
 .text.DeInitStateMachine
                0x08009534       0xe2 ./Middlewares/ST/STM32_USB_Host_Library/Core/Src/usbh_core.o
 .text.USBH_RegisterClass
                0x08009616       0x54 ./Middlewares/ST/STM32_USB_Host_Library/Core/Src/usbh_core.o
                0x08009616                USBH_RegisterClass
 .text.USBH_SelectInterface
                0x0800966a       0x38 ./Middlewares/ST/STM32_USB_Host_Library/Core/Src/usbh_core.o
                0x0800966a                USBH_SelectInterface
 .text.USBH_FindInterface
                0x080096a2       0x8c ./Middlewares/ST/STM32_USB_Host_Library/Core/Src/usbh_core.o
                0x080096a2                USBH_FindInterface
 .text.USBH_Start
                0x0800972e       0x20 ./Middlewares/ST/STM32_USB_Host_Library/Core/Src/usbh_core.o
                0x0800972e                USBH_Start
 *fill*         0x0800974e        0x2 
 .text.USBH_Process
                0x08009750      0x3d4 ./Middlewares/ST/STM32_USB_Host_Library/Core/Src/usbh_core.o
                0x08009750                USBH_Process
 .text.USBH_HandleEnum
                0x08009b24      0x3c0 ./Middlewares/ST/STM32_USB_Host_Library/Core/Src/usbh_core.o
 .text.USBH_LL_SetTimer
                0x08009ee4       0x1e ./Middlewares/ST/STM32_USB_Host_Library/Core/Src/usbh_core.o
                0x08009ee4                USBH_LL_SetTimer
 .text.USBH_LL_IncTimer
                0x08009f02       0x24 ./Middlewares/ST/STM32_USB_Host_Library/Core/Src/usbh_core.o
                0x08009f02                USBH_LL_IncTimer
 .text.USBH_HandleSof
                0x08009f26       0x30 ./Middlewares/ST/STM32_USB_Host_Library/Core/Src/usbh_core.o
 .text.USBH_LL_PortEnabled
                0x08009f56       0x1c ./Middlewares/ST/STM32_USB_Host_Library/Core/Src/usbh_core.o
                0x08009f56                USBH_LL_PortEnabled
 .text.USBH_LL_PortDisabled
                0x08009f72       0x24 ./Middlewares/ST/STM32_USB_Host_Library/Core/Src/usbh_core.o
                0x08009f72                USBH_LL_PortDisabled
 .text.USBH_LL_Connect
                0x08009f96       0x2e ./Middlewares/ST/STM32_USB_Host_Library/Core/Src/usbh_core.o
                0x08009f96                USBH_LL_Connect
 .text.USBH_LL_Disconnect
                0x08009fc4       0x48 ./Middlewares/ST/STM32_USB_Host_Library/Core/Src/usbh_core.o
                0x08009fc4                USBH_LL_Disconnect
 .text.USBH_Get_DevDesc
                0x0800a00c       0x58 ./Middlewares/ST/STM32_USB_Host_Library/Core/Src/usbh_ctlreq.o
                0x0800a00c                USBH_Get_DevDesc
 .text.USBH_Get_CfgDesc
                0x0800a064       0x54 ./Middlewares/ST/STM32_USB_Host_Library/Core/Src/usbh_ctlreq.o
                0x0800a064                USBH_Get_CfgDesc
 .text.USBH_Get_StringDesc
                0x0800a0b8       0x68 ./Middlewares/ST/STM32_USB_Host_Library/Core/Src/usbh_ctlreq.o
                0x0800a0b8                USBH_Get_StringDesc
 .text.USBH_GetDescriptor
                0x0800a120       0x6a ./Middlewares/ST/STM32_USB_Host_Library/Core/Src/usbh_ctlreq.o
                0x0800a120                USBH_GetDescriptor
 .text.USBH_SetAddress
                0x0800a18a       0x48 ./Middlewares/ST/STM32_USB_Host_Library/Core/Src/usbh_ctlreq.o
                0x0800a18a                USBH_SetAddress
 .text.USBH_SetCfg
                0x0800a1d2       0x46 ./Middlewares/ST/STM32_USB_Host_Library/Core/Src/usbh_ctlreq.o
                0x0800a1d2                USBH_SetCfg
 .text.USBH_SetFeature
                0x0800a218       0x48 ./Middlewares/ST/STM32_USB_Host_Library/Core/Src/usbh_ctlreq.o
                0x0800a218                USBH_SetFeature
 .text.USBH_ClrFeature
                0x0800a260       0x48 ./Middlewares/ST/STM32_USB_Host_Library/Core/Src/usbh_ctlreq.o
                0x0800a260                USBH_ClrFeature
 .text.USBH_ParseDevDesc
                0x0800a2a8      0x160 ./Middlewares/ST/STM32_USB_Host_Library/Core/Src/usbh_ctlreq.o
 .text.USBH_ParseCfgDesc
                0x0800a408      0x1f8 ./Middlewares/ST/STM32_USB_Host_Library/Core/Src/usbh_ctlreq.o
 .text.USBH_ParseInterfaceDesc
                0x0800a600       0x5e ./Middlewares/ST/STM32_USB_Host_Library/Core/Src/usbh_ctlreq.o
 .text.USBH_ParseEPDesc
                0x0800a65e      0x1d0 ./Middlewares/ST/STM32_USB_Host_Library/Core/Src/usbh_ctlreq.o
 .text.USBH_ParseStringDesc
                0x0800a82e       0x66 ./Middlewares/ST/STM32_USB_Host_Library/Core/Src/usbh_ctlreq.o
 .text.USBH_GetNextDesc
                0x0800a894       0x34 ./Middlewares/ST/STM32_USB_Host_Library/Core/Src/usbh_ctlreq.o
                0x0800a894                USBH_GetNextDesc
 .text.USBH_CtlReq
                0x0800a8c8       0x7a ./Middlewares/ST/STM32_USB_Host_Library/Core/Src/usbh_ctlreq.o
                0x0800a8c8                USBH_CtlReq
 *fill*         0x0800a942        0x2 
 .text.USBH_HandleControl
                0x0800a944      0x2ec ./Middlewares/ST/STM32_USB_Host_Library/Core/Src/usbh_ctlreq.o
 .text.USBH_CtlSendSetup
                0x0800ac30       0x34 ./Middlewares/ST/STM32_USB_Host_Library/Core/Src/usbh_ioreq.o
                0x0800ac30                USBH_CtlSendSetup
 .text.USBH_CtlSendData
                0x0800ac64       0x4a ./Middlewares/ST/STM32_USB_Host_Library/Core/Src/usbh_ioreq.o
                0x0800ac64                USBH_CtlSendData
 .text.USBH_CtlReceiveData
                0x0800acae       0x3c ./Middlewares/ST/STM32_USB_Host_Library/Core/Src/usbh_ioreq.o
                0x0800acae                USBH_CtlReceiveData
 .text.USBH_BulkSendData
                0x0800acea       0x4a ./Middlewares/ST/STM32_USB_Host_Library/Core/Src/usbh_ioreq.o
                0x0800acea                USBH_BulkSendData
 .text.USBH_BulkReceiveData
                0x0800ad34       0x3c ./Middlewares/ST/STM32_USB_Host_Library/Core/Src/usbh_ioreq.o
                0x0800ad34                USBH_BulkReceiveData
 .text.USBH_OpenPipe
                0x0800ad70       0x3e ./Middlewares/ST/STM32_USB_Host_Library/Core/Src/usbh_pipes.o
                0x0800ad70                USBH_OpenPipe
 .text.USBH_ClosePipe
                0x0800adae       0x20 ./Middlewares/ST/STM32_USB_Host_Library/Core/Src/usbh_pipes.o
                0x0800adae                USBH_ClosePipe
 .text.USBH_AllocPipe
                0x0800adce       0x42 ./Middlewares/ST/STM32_USB_Host_Library/Core/Src/usbh_pipes.o
                0x0800adce                USBH_AllocPipe
 .text.USBH_FreePipe
                0x0800ae10       0x3c ./Middlewares/ST/STM32_USB_Host_Library/Core/Src/usbh_pipes.o
                0x0800ae10                USBH_FreePipe
 .text.USBH_GetFreePipe
                0x0800ae4c       0x48 ./Middlewares/ST/STM32_USB_Host_Library/Core/Src/usbh_pipes.o
 .text.MX_USB_HOST_Init
                0x0800ae94       0x4c ./USB_HOST/App/usb_host.o
                0x0800ae94                MX_USB_HOST_Init
 .text.MX_USB_HOST_Process
                0x0800aee0       0x14 ./USB_HOST/App/usb_host.o
                0x0800aee0                MX_USB_HOST_Process
 .text.USBH_UserProcess
                0x0800aef4       0x5c ./USB_HOST/App/usb_host.o
 .text.HAL_HCD_MspInit
                0x0800af50       0xc4 ./USB_HOST/Target/usbh_conf.o
                0x0800af50                HAL_HCD_MspInit
 .text.HAL_HCD_SOF_Callback
                0x0800b014       0x1c ./USB_HOST/Target/usbh_conf.o
                0x0800b014                HAL_HCD_SOF_Callback
 .text.HAL_HCD_Connect_Callback
                0x0800b030       0x1c ./USB_HOST/Target/usbh_conf.o
                0x0800b030                HAL_HCD_Connect_Callback
 .text.HAL_HCD_Disconnect_Callback
                0x0800b04c       0x1c ./USB_HOST/Target/usbh_conf.o
                0x0800b04c                HAL_HCD_Disconnect_Callback
 .text.HAL_HCD_HC_NotifyURBChange_Callback
                0x0800b068       0x1c ./USB_HOST/Target/usbh_conf.o
                0x0800b068                HAL_HCD_HC_NotifyURBChange_Callback
 .text.HAL_HCD_PortEnabled_Callback
                0x0800b084       0x1c ./USB_HOST/Target/usbh_conf.o
                0x0800b084                HAL_HCD_PortEnabled_Callback
 .text.HAL_HCD_PortDisabled_Callback
                0x0800b0a0       0x1c ./USB_HOST/Target/usbh_conf.o
                0x0800b0a0                HAL_HCD_PortDisabled_Callback
 .text.USBH_LL_Init
                0x0800b0bc       0x78 ./USB_HOST/Target/usbh_conf.o
                0x0800b0bc                USBH_LL_Init
 .text.USBH_LL_Start
                0x0800b134       0x36 ./USB_HOST/Target/usbh_conf.o
                0x0800b134                USBH_LL_Start
 .text.USBH_LL_Stop
                0x0800b16a       0x36 ./USB_HOST/Target/usbh_conf.o
                0x0800b16a                USBH_LL_Stop
 .text.USBH_LL_GetSpeed
                0x0800b1a0       0x4e ./USB_HOST/Target/usbh_conf.o
                0x0800b1a0                USBH_LL_GetSpeed
 .text.USBH_LL_ResetPort
                0x0800b1ee       0x36 ./USB_HOST/Target/usbh_conf.o
                0x0800b1ee                USBH_LL_ResetPort
 .text.USBH_LL_GetLastXferSize
                0x0800b224       0x26 ./USB_HOST/Target/usbh_conf.o
                0x0800b224                USBH_LL_GetLastXferSize
 .text.USBH_LL_OpenPipe
                0x0800b24a       0x5e ./USB_HOST/Target/usbh_conf.o
                0x0800b24a                USBH_LL_OpenPipe
 .text.USBH_LL_ClosePipe
                0x0800b2a8       0x3e ./USB_HOST/Target/usbh_conf.o
                0x0800b2a8                USBH_LL_ClosePipe
 .text.USBH_LL_SubmitURB
                0x0800b2e6       0x62 ./USB_HOST/Target/usbh_conf.o
                0x0800b2e6                USBH_LL_SubmitURB
 .text.USBH_LL_GetURBState
                0x0800b348       0x26 ./USB_HOST/Target/usbh_conf.o
                0x0800b348                USBH_LL_GetURBState
 .text.USBH_LL_DriverVBUS
                0x0800b36e       0x2e ./USB_HOST/Target/usbh_conf.o
                0x0800b36e                USBH_LL_DriverVBUS
 .text.USBH_LL_SetToggle
                0x0800b39c       0x66 ./USB_HOST/Target/usbh_conf.o
                0x0800b39c                USBH_LL_SetToggle
 .text.USBH_Delay
                0x0800b402       0x16 ./USB_HOST/Target/usbh_conf.o
                0x0800b402                USBH_Delay
 .text.USBH_Get_USB_Status
                0x0800b418       0x58 ./USB_HOST/Target/usbh_conf.o
                0x0800b418                USBH_Get_USB_Status
 .text.MX_DriverVbusFS
                0x0800b470       0x38 ./USB_HOST/Target/usbh_platform.o
                0x0800b470                MX_DriverVbusFS
 .text.malloc   0x0800b4a8       0x10 C:/ST/STM32CubeIDE_1.18.1/STM32CubeIDE/plugins/com.st.stm32cube.ide.mcu.externaltools.gnu-tools-for-stm32.13.3.rel1.win32_1.0.0.202411081344/tools/bin/../lib/gcc/arm-none-eabi/13.3.1/../../../../arm-none-eabi/lib/thumb/v7e-m+fp/hard\libc_nano.a(libc_a-malloc.o)
                0x0800b4a8                malloc
 .text.free     0x0800b4b8       0x10 C:/ST/STM32CubeIDE_1.18.1/STM32CubeIDE/plugins/com.st.stm32cube.ide.mcu.externaltools.gnu-tools-for-stm32.13.3.rel1.win32_1.0.0.202411081344/tools/bin/../lib/gcc/arm-none-eabi/13.3.1/../../../../arm-none-eabi/lib/thumb/v7e-m+fp/hard\libc_nano.a(libc_a-malloc.o)
                0x0800b4b8                free
 .text.sbrk_aligned
                0x0800b4c8       0x44 C:/ST/STM32CubeIDE_1.18.1/STM32CubeIDE/plugins/com.st.stm32cube.ide.mcu.externaltools.gnu-tools-for-stm32.13.3.rel1.win32_1.0.0.202411081344/tools/bin/../lib/gcc/arm-none-eabi/13.3.1/../../../../arm-none-eabi/lib/thumb/v7e-m+fp/hard\libc_nano.a(libc_a-mallocr.o)
 .text._malloc_r
                0x0800b50c      0x100 C:/ST/STM32CubeIDE_1.18.1/STM32CubeIDE/plugins/com.st.stm32cube.ide.mcu.externaltools.gnu-tools-for-stm32.13.3.rel1.win32_1.0.0.202411081344/tools/bin/../lib/gcc/arm-none-eabi/13.3.1/../../../../arm-none-eabi/lib/thumb/v7e-m+fp/hard\libc_nano.a(libc_a-mallocr.o)
                0x0800b50c                _malloc_r
 .text.__malloc_lock
                0x0800b60c        0xc C:/ST/STM32CubeIDE_1.18.1/STM32CubeIDE/plugins/com.st.stm32cube.ide.mcu.externaltools.gnu-tools-for-stm32.13.3.rel1.win32_1.0.0.202411081344/tools/bin/../lib/gcc/arm-none-eabi/13.3.1/../../../../arm-none-eabi/lib/thumb/v7e-m+fp/hard\libc_nano.a(libc_a-mlock.o)
                0x0800b60c                __malloc_lock
 .text.__malloc_unlock
                0x0800b618        0xc C:/ST/STM32CubeIDE_1.18.1/STM32CubeIDE/plugins/com.st.stm32cube.ide.mcu.externaltools.gnu-tools-for-stm32.13.3.rel1.win32_1.0.0.202411081344/tools/bin/../lib/gcc/arm-none-eabi/13.3.1/../../../../arm-none-eabi/lib/thumb/v7e-m+fp/hard\libc_nano.a(libc_a-mlock.o)
                0x0800b618                __malloc_unlock
 .text.sprintf  0x0800b624       0x44 C:/ST/STM32CubeIDE_1.18.1/STM32CubeIDE/plugins/com.st.stm32cube.ide.mcu.externaltools.gnu-tools-for-stm32.13.3.rel1.win32_1.0.0.202411081344/tools/bin/../lib/gcc/arm-none-eabi/13.3.1/../../../../arm-none-eabi/lib/thumb/v7e-m+fp/hard\libc_nano.a(libc_a-sprintf.o)
                0x0800b624                siprintf
                0x0800b624                sprintf
 .text.memset   0x0800b668       0x10 C:/ST/STM32CubeIDE_1.18.1/STM32CubeIDE/plugins/com.st.stm32cube.ide.mcu.externaltools.gnu-tools-for-stm32.13.3.rel1.win32_1.0.0.202411081344/tools/bin/../lib/gcc/arm-none-eabi/13.3.1/../../../../arm-none-eabi/lib/thumb/v7e-m+fp/hard\libc_nano.a(libc_a-memset.o)
                0x0800b668                memset
 .text._sbrk_r  0x0800b678       0x20 C:/ST/STM32CubeIDE_1.18.1/STM32CubeIDE/plugins/com.st.stm32cube.ide.mcu.externaltools.gnu-tools-for-stm32.13.3.rel1.win32_1.0.0.202411081344/tools/bin/../lib/gcc/arm-none-eabi/13.3.1/../../../../arm-none-eabi/lib/thumb/v7e-m+fp/hard\libc_nano.a(libc_a-sbrkr.o)
                0x0800b678                _sbrk_r
 .text.__errno  0x0800b698        0xc C:/ST/STM32CubeIDE_1.18.1/STM32CubeIDE/plugins/com.st.stm32cube.ide.mcu.externaltools.gnu-tools-for-stm32.13.3.rel1.win32_1.0.0.202411081344/tools/bin/../lib/gcc/arm-none-eabi/13.3.1/../../../../arm-none-eabi/lib/thumb/v7e-m+fp/hard\libc_nano.a(libc_a-errno.o)
                0x0800b698                __errno
 .text.__libc_init_array
                0x0800b6a4       0x48 C:/ST/STM32CubeIDE_1.18.1/STM32CubeIDE/plugins/com.st.stm32cube.ide.mcu.externaltools.gnu-tools-for-stm32.13.3.rel1.win32_1.0.0.202411081344/tools/bin/../lib/gcc/arm-none-eabi/13.3.1/../../../../arm-none-eabi/lib/thumb/v7e-m+fp/hard\libc_nano.a(libc_a-init.o)
                0x0800b6a4                __libc_init_array
 .text.__retarget_lock_acquire_recursive
                0x0800b6ec        0x2 C:/ST/STM32CubeIDE_1.18.1/STM32CubeIDE/plugins/com.st.stm32cube.ide.mcu.externaltools.gnu-tools-for-stm32.13.3.rel1.win32_1.0.0.202411081344/tools/bin/../lib/gcc/arm-none-eabi/13.3.1/../../../../arm-none-eabi/lib/thumb/v7e-m+fp/hard\libc_nano.a(libc_a-lock.o)
                0x0800b6ec                __retarget_lock_acquire_recursive
 .text.__retarget_lock_release_recursive
                0x0800b6ee        0x2 C:/ST/STM32CubeIDE_1.18.1/STM32CubeIDE/plugins/com.st.stm32cube.ide.mcu.externaltools.gnu-tools-for-stm32.13.3.rel1.win32_1.0.0.202411081344/tools/bin/../lib/gcc/arm-none-eabi/13.3.1/../../../../arm-none-eabi/lib/thumb/v7e-m+fp/hard\libc_nano.a(libc_a-lock.o)
                0x0800b6ee                __retarget_lock_release_recursive
 .text._free_r  0x0800b6f0       0x94 C:/ST/STM32CubeIDE_1.18.1/STM32CubeIDE/plugins/com.st.stm32cube.ide.mcu.externaltools.gnu-tools-for-stm32.13.3.rel1.win32_1.0.0.202411081344/tools/bin/../lib/gcc/arm-none-eabi/13.3.1/../../../../arm-none-eabi/lib/thumb/v7e-m+fp/hard\libc_nano.a(libc_a-freer.o)
                0x0800b6f0                _free_r
 .text.__ssputs_r
                0x0800b784       0xb6 C:/ST/STM32CubeIDE_1.18.1/STM32CubeIDE/plugins/com.st.stm32cube.ide.mcu.externaltools.gnu-tools-for-stm32.13.3.rel1.win32_1.0.0.202411081344/tools/bin/../lib/gcc/arm-none-eabi/13.3.1/../../../../arm-none-eabi/lib/thumb/v7e-m+fp/hard\libc_nano.a(libc_a-nano-svfprintf.o)
                0x0800b784                __ssputs_r
 *fill*         0x0800b83a        0x2 
 .text._svfprintf_r
                0x0800b83c      0x1f8 C:/ST/STM32CubeIDE_1.18.1/STM32CubeIDE/plugins/com.st.stm32cube.ide.mcu.externaltools.gnu-tools-for-stm32.13.3.rel1.win32_1.0.0.202411081344/tools/bin/../lib/gcc/arm-none-eabi/13.3.1/../../../../arm-none-eabi/lib/thumb/v7e-m+fp/hard\libc_nano.a(libc_a-nano-svfprintf.o)
                0x0800b83c                _svfiprintf_r
                0x0800b83c                _svfprintf_r
 .text._printf_common
                0x0800ba34       0xda C:/ST/STM32CubeIDE_1.18.1/STM32CubeIDE/plugins/com.st.stm32cube.ide.mcu.externaltools.gnu-tools-for-stm32.13.3.rel1.win32_1.0.0.202411081344/tools/bin/../lib/gcc/arm-none-eabi/13.3.1/../../../../arm-none-eabi/lib/thumb/v7e-m+fp/hard\libc_nano.a(libc_a-nano-vfprintf_i.o)
                0x0800ba34                _printf_common
 *fill*         0x0800bb0e        0x2 
 .text._printf_i
                0x0800bb10      0x23c C:/ST/STM32CubeIDE_1.18.1/STM32CubeIDE/plugins/com.st.stm32cube.ide.mcu.externaltools.gnu-tools-for-stm32.13.3.rel1.win32_1.0.0.202411081344/tools/bin/../lib/gcc/arm-none-eabi/13.3.1/../../../../arm-none-eabi/lib/thumb/v7e-m+fp/hard\libc_nano.a(libc_a-nano-vfprintf_i.o)
                0x0800bb10                _printf_i
 .text.memmove  0x0800bd4c       0x34 C:/ST/STM32CubeIDE_1.18.1/STM32CubeIDE/plugins/com.st.stm32cube.ide.mcu.externaltools.gnu-tools-for-stm32.13.3.rel1.win32_1.0.0.202411081344/tools/bin/../lib/gcc/arm-none-eabi/13.3.1/../../../../arm-none-eabi/lib/thumb/v7e-m+fp/hard\libc_nano.a(libc_a-memmove.o)
                0x0800bd4c                memmove
 .text.memcpy   0x0800bd80       0x1c C:/ST/STM32CubeIDE_1.18.1/STM32CubeIDE/plugins/com.st.stm32cube.ide.mcu.externaltools.gnu-tools-for-stm32.13.3.rel1.win32_1.0.0.202411081344/tools/bin/../lib/gcc/arm-none-eabi/13.3.1/../../../../arm-none-eabi/lib/thumb/v7e-m+fp/hard\libc_nano.a(libc_a-memcpy-stub.o)
                0x0800bd80                memcpy
 .text._realloc_r
                0x0800bd9c       0x5c C:/ST/STM32CubeIDE_1.18.1/STM32CubeIDE/plugins/com.st.stm32cube.ide.mcu.externaltools.gnu-tools-for-stm32.13.3.rel1.win32_1.0.0.202411081344/tools/bin/../lib/gcc/arm-none-eabi/13.3.1/../../../../arm-none-eabi/lib/thumb/v7e-m+fp/hard\libc_nano.a(libc_a-reallocr.o)
                0x0800bd9c                _realloc_r
 .text._malloc_usable_size_r
                0x0800bdf8       0x10 C:/ST/STM32CubeIDE_1.18.1/STM32CubeIDE/plugins/com.st.stm32cube.ide.mcu.externaltools.gnu-tools-for-stm32.13.3.rel1.win32_1.0.0.202411081344/tools/bin/../lib/gcc/arm-none-eabi/13.3.1/../../../../arm-none-eabi/lib/thumb/v7e-m+fp/hard\libc_nano.a(libc_a-msizer.o)
                0x0800bdf8                _malloc_usable_size_r
 *(.glue_7)
 .glue_7        0x0800be08        0x0 linker stubs
 *(.glue_7t)
 .glue_7t       0x0800be08        0x0 linker stubs
 *(.eh_frame)
 .eh_frame      0x0800be08        0x0 C:/ST/STM32CubeIDE_1.18.1/STM32CubeIDE/plugins/com.st.stm32cube.ide.mcu.externaltools.gnu-tools-for-stm32.13.3.rel1.win32_1.0.0.202411081344/tools/bin/../lib/gcc/arm-none-eabi/13.3.1/thumb/v7e-m+fp/hard/crtbegin.o
 *(.init)
 .init          0x0800be08        0x4 C:/ST/STM32CubeIDE_1.18.1/STM32CubeIDE/plugins/com.st.stm32cube.ide.mcu.externaltools.gnu-tools-for-stm32.13.3.rel1.win32_1.0.0.202411081344/tools/bin/../lib/gcc/arm-none-eabi/13.3.1/thumb/v7e-m+fp/hard/crti.o
                0x0800be08                _init
 .init          0x0800be0c        0x8 C:/ST/STM32CubeIDE_1.18.1/STM32CubeIDE/plugins/com.st.stm32cube.ide.mcu.externaltools.gnu-tools-for-stm32.13.3.rel1.win32_1.0.0.202411081344/tools/bin/../lib/gcc/arm-none-eabi/13.3.1/thumb/v7e-m+fp/hard/crtn.o
 *(.fini)
 .fini          0x0800be14        0x4 C:/ST/STM32CubeIDE_1.18.1/STM32CubeIDE/plugins/com.st.stm32cube.ide.mcu.externaltools.gnu-tools-for-stm32.13.3.rel1.win32_1.0.0.202411081344/tools/bin/../lib/gcc/arm-none-eabi/13.3.1/thumb/v7e-m+fp/hard/crti.o
                0x0800be14                _fini
 .fini          0x0800be18        0x8 C:/ST/STM32CubeIDE_1.18.1/STM32CubeIDE/plugins/com.st.stm32cube.ide.mcu.externaltools.gnu-tools-for-stm32.13.3.rel1.win32_1.0.0.202411081344/tools/bin/../lib/gcc/arm-none-eabi/13.3.1/thumb/v7e-m+fp/hard/crtn.o
                0x0800be20                        . = ALIGN (0x4)
                0x0800be20                        _etext = .

.vfp11_veneer   0x0800be20        0x0
 .vfp11_veneer  0x0800be20        0x0 linker stubs

.v4_bx          0x0800be20        0x0
 .v4_bx         0x0800be20        0x0 linker stubs

.iplt           0x0800be20        0x0
 .iplt          0x0800be20        0x0 C:/ST/STM32CubeIDE_1.18.1/STM32CubeIDE/plugins/com.st.stm32cube.ide.mcu.externaltools.gnu-tools-for-stm32.13.3.rel1.win32_1.0.0.202411081344/tools/bin/../lib/gcc/arm-none-eabi/13.3.1/thumb/v7e-m+fp/hard/crtbegin.o

.rodata         0x0800be20       0x74
                0x0800be20                        . = ALIGN (0x4)
 *(.rodata)
 .rodata        0x0800be20        0x6 ./Core/Src/main.o
 *fill*         0x0800be26        0x2 
 .rodata        0x0800be28       0x13 ./Core/Src/uart.o
 *fill*         0x0800be3b        0x1 
 .rodata        0x0800be3c        0x4 ./Middlewares/ST/STM32_USB_Host_Library/Class/CDC/Src/usbh_cdc.o
 *(.rodata*)
 .rodata.AHBPrescTable
                0x0800be40       0x10 ./Core/Src/system_stm32f4xx.o
                0x0800be40                AHBPrescTable
 .rodata.APBPrescTable
                0x0800be50        0x8 ./Core/Src/system_stm32f4xx.o
                0x0800be50                APBPrescTable
 .rodata.flagBitshiftOffset.0
                0x0800be58        0x8 ./Drivers/STM32F4xx_HAL_Driver/Src/stm32f4xx_hal_dma.o
 .rodata._svfprintf_r.str1.1
                0x0800be60       0x33 C:/ST/STM32CubeIDE_1.18.1/STM32CubeIDE/plugins/com.st.stm32cube.ide.mcu.externaltools.gnu-tools-for-stm32.13.3.rel1.win32_1.0.0.202411081344/tools/bin/../lib/gcc/arm-none-eabi/13.3.1/../../../../arm-none-eabi/lib/thumb/v7e-m+fp/hard\libc_nano.a(libc_a-nano-svfprintf.o)
                                 0x11 (size before relaxing)
 .rodata._printf_i.str1.1
                0x0800be93       0x22 C:/ST/STM32CubeIDE_1.18.1/STM32CubeIDE/plugins/com.st.stm32cube.ide.mcu.externaltools.gnu-tools-for-stm32.13.3.rel1.win32_1.0.0.202411081344/tools/bin/../lib/gcc/arm-none-eabi/13.3.1/../../../../arm-none-eabi/lib/thumb/v7e-m+fp/hard\libc_nano.a(libc_a-nano-vfprintf_i.o)
                0x0800beb8                        . = ALIGN (0x4)
 *fill*         0x0800be93        0x1 

.ARM.extab      0x0800be94        0x0
                0x0800be94                        . = ALIGN (0x4)
 *(.ARM.extab* .gnu.linkonce.armextab.*)
                0x0800be94                        . = ALIGN (0x4)

.ARM            0x0800be94        0x8
                0x0800be94                        . = ALIGN (0x4)
                0x0800be94                        __exidx_start = .
 *(.ARM.exidx*)
 .ARM.exidx     0x0800be94        0x8 C:/ST/STM32CubeIDE_1.18.1/STM32CubeIDE/plugins/com.st.stm32cube.ide.mcu.externaltools.gnu-tools-for-stm32.13.3.rel1.win32_1.0.0.202411081344/tools/bin/../lib/gcc/arm-none-eabi/13.3.1/../../../../arm-none-eabi/lib/thumb/v7e-m+fp/hard\libc_nano.a(libc_a-strlen.o)
 .ARM.exidx     0x0800be9c        0x0 C:/ST/STM32CubeIDE_1.18.1/STM32CubeIDE/plugins/com.st.stm32cube.ide.mcu.externaltools.gnu-tools-for-stm32.13.3.rel1.win32_1.0.0.202411081344/tools/bin/../lib/gcc/arm-none-eabi/13.3.1/../../../../arm-none-eabi/lib/thumb/v7e-m+fp/hard\libc_nano.a(libc_a-memchr.o)
                                  0x8 (size before relaxing)
 .ARM.exidx     0x0800be9c        0x0 C:/ST/STM32CubeIDE_1.18.1/STM32CubeIDE/plugins/com.st.stm32cube.ide.mcu.externaltools.gnu-tools-for-stm32.13.3.rel1.win32_1.0.0.202411081344/tools/bin/../lib/gcc/arm-none-eabi/13.3.1/thumb/v7e-m+fp/hard\libgcc.a(_udivmoddi4.o)
                                  0x8 (size before relaxing)
                0x0800be9c                        __exidx_end = .
                0x0800be9c                        . = ALIGN (0x4)

.preinit_array  0x0800be9c        0x0
                0x0800be9c                        . = ALIGN (0x4)
                0x0800be9c                        PROVIDE (__preinit_array_start = .)
 *(.preinit_array*)
                0x0800be9c                        PROVIDE (__preinit_array_end = .)
                0x0800be9c                        . = ALIGN (0x4)

.init_array     0x0800be9c        0x4
                0x0800be9c                        . = ALIGN (0x4)
                0x0800be9c                        PROVIDE (__init_array_start = .)
 *(SORT_BY_NAME(.init_array.*))
 *(.init_array*)
 .init_array    0x0800be9c        0x4 C:/ST/STM32CubeIDE_1.18.1/STM32CubeIDE/plugins/com.st.stm32cube.ide.mcu.externaltools.gnu-tools-for-stm32.13.3.rel1.win32_1.0.0.202411081344/tools/bin/../lib/gcc/arm-none-eabi/13.3.1/thumb/v7e-m+fp/hard/crtbegin.o
                0x0800bea0                        PROVIDE (__init_array_end = .)
                0x0800bea0                        . = ALIGN (0x4)

.fini_array     0x0800bea0        0x4
                0x0800bea0                        . = ALIGN (0x4)
                [!provide]                        PROVIDE (__fini_array_start = .)
 *(SORT_BY_NAME(.fini_array.*))
 *(.fini_array*)
 .fini_array    0x0800bea0        0x4 C:/ST/STM32CubeIDE_1.18.1/STM32CubeIDE/plugins/com.st.stm32cube.ide.mcu.externaltools.gnu-tools-for-stm32.13.3.rel1.win32_1.0.0.202411081344/tools/bin/../lib/gcc/arm-none-eabi/13.3.1/thumb/v7e-m+fp/hard/crtbegin.o
                [!provide]                        PROVIDE (__fini_array_end = .)
                0x0800bea4                        . = ALIGN (0x4)
                0x0800bea4                        _sidata = LOADADDR (.data)

.rel.dyn        0x0800bea4        0x0
 .rel.iplt      0x0800bea4        0x0 C:/ST/STM32CubeIDE_1.18.1/STM32CubeIDE/plugins/com.st.stm32cube.ide.mcu.externaltools.gnu-tools-for-stm32.13.3.rel1.win32_1.0.0.202411081344/tools/bin/../lib/gcc/arm-none-eabi/13.3.1/thumb/v7e-m+fp/hard/crtbegin.o

.data           0x20000000       0x90 load address 0x0800bea4
                0x20000000                        . = ALIGN (0x4)
                0x20000000                        _sdata = .
 *(.data)
 *(.data*)
 .data.izq_cerca
                0x20000000        0x2 ./Core/Src/control_linearecta.o
                0x20000000                izq_cerca
 .data.izq_lejos
                0x20000002        0x2 ./Core/Src/control_linearecta.o
                0x20000002                izq_lejos
 .data.izq_centrado
                0x20000004        0x2 ./Core/Src/control_linearecta.o
                0x20000004                izq_centrado
 .data.der_cerca
                0x20000006        0x2 ./Core/Src/control_linearecta.o
                0x20000006                der_cerca
 .data.der_lejos
                0x20000008        0x2 ./Core/Src/control_linearecta.o
                0x20000008                der_lejos
 .data.der_centrado
                0x2000000a        0x2 ./Core/Src/control_linearecta.o
                0x2000000a                der_centrado
 .data.VELOCIDAD_AVANCE
                0x2000000c        0x2 ./Core/Src/control_motor.o
                0x2000000c                VELOCIDAD_AVANCE
 .data.fila_actual
                0x2000000e        0x1 ./Core/Src/main.o
                0x2000000e                fila_actual
 .data.columna_actual
                0x2000000f        0x1 ./Core/Src/main.o
                0x2000000f                columna_actual
 .data.TIEMPO_AVANCE_LINEA
                0x20000010        0x2 ./Core/Src/main.o
                0x20000010                TIEMPO_AVANCE_LINEA
 .data.ultimo_estado_linea
                0x20000012        0x1 ./Core/Src/main.o
                0x20000012                ultimo_estado_linea
 .data.ultimo_estado_muro
                0x20000013        0x1 ./Core/Src/main.o
                0x20000013                ultimo_estado_muro
 .data.SystemCoreClock
                0x20000014        0x4 ./Core/Src/system_stm32f4xx.o
                0x20000014                SystemCoreClock
 .data.uwTickPrio
                0x20000018        0x4 ./Drivers/STM32F4xx_HAL_Driver/Src/stm32f4xx_hal.o
                0x20000018                uwTickPrio
 .data.uwTickFreq
                0x2000001c        0x1 ./Drivers/STM32F4xx_HAL_Driver/Src/stm32f4xx_hal.o
                0x2000001c                uwTickFreq
 *fill*         0x2000001d        0x3 
 .data.CDC_Class
                0x20000020       0x20 ./Middlewares/ST/STM32_USB_Host_Library/Class/CDC/Src/usbh_cdc.o
                0x20000020                CDC_Class
 .data._impure_ptr
                0x20000040        0x4 C:/ST/STM32CubeIDE_1.18.1/STM32CubeIDE/plugins/com.st.stm32cube.ide.mcu.externaltools.gnu-tools-for-stm32.13.3.rel1.win32_1.0.0.202411081344/tools/bin/../lib/gcc/arm-none-eabi/13.3.1/../../../../arm-none-eabi/lib/thumb/v7e-m+fp/hard\libc_nano.a(libc_a-impure.o)
                0x20000040                _impure_ptr
 .data._impure_data
                0x20000044       0x4c C:/ST/STM32CubeIDE_1.18.1/STM32CubeIDE/plugins/com.st.stm32cube.ide.mcu.externaltools.gnu-tools-for-stm32.13.3.rel1.win32_1.0.0.202411081344/tools/bin/../lib/gcc/arm-none-eabi/13.3.1/../../../../arm-none-eabi/lib/thumb/v7e-m+fp/hard\libc_nano.a(libc_a-impure.o)
                0x20000044                _impure_data
 *(.RamFunc)
 *(.RamFunc*)
                0x20000090                        . = ALIGN (0x4)
                0x20000090                        _edata = .
                0x0800bf34                        _siccmram = LOADADDR (.ccmram)

.igot.plt       0x20000090        0x0 load address 0x0800bf34
 .igot.plt      0x20000090        0x0 C:/ST/STM32CubeIDE_1.18.1/STM32CubeIDE/plugins/com.st.stm32cube.ide.mcu.externaltools.gnu-tools-for-stm32.13.3.rel1.win32_1.0.0.202411081344/tools/bin/../lib/gcc/arm-none-eabi/13.3.1/thumb/v7e-m+fp/hard/crtbegin.o

.ccmram         0x10000000        0x0 load address 0x0800bf34
                0x10000000                        . = ALIGN (0x4)
                0x10000000                        _sccmram = .
 *(.ccmram)
 *(.ccmram*)
                0x10000000                        . = ALIGN (0x4)
                0x10000000                        _eccmram = .
                0x10000000                        . = ALIGN (0x4)

.bss            0x20000090      0xd3c
                0x20000090                        _sbss = .
                0x20000090                        __bss_start__ = _sbss
 *(.bss)
 .bss           0x20000090       0x1c C:/ST/STM32CubeIDE_1.18.1/STM32CubeIDE/plugins/com.st.stm32cube.ide.mcu.externaltools.gnu-tools-for-stm32.13.3.rel1.win32_1.0.0.202411081344/tools/bin/../lib/gcc/arm-none-eabi/13.3.1/thumb/v7e-m+fp/hard/crtbegin.o
 *(.bss*)
 .bss.sensor_izq_avg
                0x200000ac        0x2 ./Core/Src/control_linearecta.o
                0x200000ac                sensor_izq_avg
 .bss.sensor_der_avg
                0x200000ae        0x2 ./Core/Src/control_linearecta.o
                0x200000ae                sensor_der_avg
 .bss.calibrado
                0x200000b0        0x1 ./Core/Src/control_linearecta.o
                0x200000b0                calibrado
 *fill*         0x200000b1        0x3 
 .bss.laberinto
                0x200000b4       0x70 ./Core/Src/laberinto.o
 .bss.hadc1     0x20000124       0x48 ./Core/Src/main.o
                0x20000124                hadc1
 .bss.hdma_adc1
                0x2000016c       0x60 ./Core/Src/main.o
                0x2000016c                hdma_adc1
 .bss.hi2c1     0x200001cc       0x54 ./Core/Src/main.o
                0x200001cc                hi2c1
 .bss.hspi1     0x20000220       0x58 ./Core/Src/main.o
                0x20000220                hspi1
 .bss.htim3     0x20000278       0x48 ./Core/Src/main.o
                0x20000278                htim3
 .bss.huart5    0x200002c0       0x48 ./Core/Src/main.o
                0x200002c0                huart5
 .bss.sentido_actual
                0x20000308        0x1 ./Core/Src/main.o
                0x20000308                sentido_actual
 .bss.terminado
                0x20000309        0x1 ./Core/Src/main.o
                0x20000309                terminado
 *fill*         0x2000030a        0x2 
 .bss.dma_buffer
                0x2000030c      0x190 ./Core/Src/main.o
                0x2000030c                dma_buffer
 .bss.flag_linea_detectada
                0x2000049c        0x1 ./Core/Src/main.o
                0x2000049c                flag_linea_detectada
 .bss.flag_muro_detectado
                0x2000049d        0x1 ./Core/Src/main.o
                0x2000049d                flag_muro_detectado
 *fill*         0x2000049e        0x2 
 .bss.__sbrk_heap_end
                0x200004a0        0x4 ./Core/Src/sysmem.o
 .bss.mensaje   0x200004a4       0x10 ./Core/Src/uart.o
                0x200004a4                mensaje
 .bss.buffer    0x200004b4       0x10 ./Core/Src/uart.o
                0x200004b4                buffer
 .bss.uwTick    0x200004c4        0x4 ./Drivers/STM32F4xx_HAL_Driver/Src/stm32f4xx_hal.o
                0x200004c4                uwTick
 .bss.hUsbHostFS
                0x200004c8      0x3d8 ./USB_HOST/App/usb_host.o
                0x200004c8                hUsbHostFS
 .bss.Appli_state
                0x200008a0        0x1 ./USB_HOST/App/usb_host.o
                0x200008a0                Appli_state
 *fill*         0x200008a1        0x3 
 .bss.hhcd_USB_OTG_FS
                0x200008a4      0x3e0 ./USB_HOST/Target/usbh_conf.o
                0x200008a4                hhcd_USB_OTG_FS
 .bss.__malloc_sbrk_start
                0x20000c84        0x4 C:/ST/STM32CubeIDE_1.18.1/STM32CubeIDE/plugins/com.st.stm32cube.ide.mcu.externaltools.gnu-tools-for-stm32.13.3.rel1.win32_1.0.0.202411081344/tools/bin/../lib/gcc/arm-none-eabi/13.3.1/../../../../arm-none-eabi/lib/thumb/v7e-m+fp/hard\libc_nano.a(libc_a-mallocr.o)
                0x20000c84                __malloc_sbrk_start
 .bss.__malloc_free_list
                0x20000c88        0x4 C:/ST/STM32CubeIDE_1.18.1/STM32CubeIDE/plugins/com.st.stm32cube.ide.mcu.externaltools.gnu-tools-for-stm32.13.3.rel1.win32_1.0.0.202411081344/tools/bin/../lib/gcc/arm-none-eabi/13.3.1/../../../../arm-none-eabi/lib/thumb/v7e-m+fp/hard\libc_nano.a(libc_a-mallocr.o)
                0x20000c88                __malloc_free_list
 .bss.__sf      0x20000c8c      0x138 C:/ST/STM32CubeIDE_1.18.1/STM32CubeIDE/plugins/com.st.stm32cube.ide.mcu.externaltools.gnu-tools-for-stm32.13.3.rel1.win32_1.0.0.202411081344/tools/bin/../lib/gcc/arm-none-eabi/13.3.1/../../../../arm-none-eabi/lib/thumb/v7e-m+fp/hard\libc_nano.a(libc_a-findfp.o)
                0x20000c8c                __sf
 .bss.errno     0x20000dc4        0x4 C:/ST/STM32CubeIDE_1.18.1/STM32CubeIDE/plugins/com.st.stm32cube.ide.mcu.externaltools.gnu-tools-for-stm32.13.3.rel1.win32_1.0.0.202411081344/tools/bin/../lib/gcc/arm-none-eabi/13.3.1/../../../../arm-none-eabi/lib/thumb/v7e-m+fp/hard\libc_nano.a(libc_a-reent.o)
                0x20000dc4                errno
 .bss.__lock___malloc_recursive_mutex
                0x20000dc8        0x1 C:/ST/STM32CubeIDE_1.18.1/STM32CubeIDE/plugins/com.st.stm32cube.ide.mcu.externaltools.gnu-tools-for-stm32.13.3.rel1.win32_1.0.0.202411081344/tools/bin/../lib/gcc/arm-none-eabi/13.3.1/../../../../arm-none-eabi/lib/thumb/v7e-m+fp/hard\libc_nano.a(libc_a-lock.o)
                0x20000dc8                __lock___malloc_recursive_mutex
 *(COMMON)
                0x20000dcc                        . = ALIGN (0x4)
 *fill*         0x20000dc9        0x3 
                0x20000dcc                        _ebss = .
                0x20000dcc                        __bss_end__ = _ebss

._user_heap_stack
                0x20000dcc      0x604
                0x20000dd0                        . = ALIGN (0x8)
 *fill*         0x20000dcc        0x4 
                [!provide]                        PROVIDE (end = .)
                0x20000dd0                        PROVIDE (_end = .)
                0x20000fd0                        . = (. + _Min_Heap_Size)
 *fill*         0x20000dd0      0x200 
                0x200013d0                        . = (. + _Min_Stack_Size)
 *fill*         0x20000fd0      0x400 
                0x200013d0                        . = ALIGN (0x8)

/DISCARD/
 libc.a(*)
 libm.a(*)
 libgcc.a(*)

.ARM.attributes
                0x00000000       0x30
 *(.ARM.attributes)
 .ARM.attributes
                0x00000000       0x22 C:/ST/STM32CubeIDE_1.18.1/STM32CubeIDE/plugins/com.st.stm32cube.ide.mcu.externaltools.gnu-tools-for-stm32.13.3.rel1.win32_1.0.0.202411081344/tools/bin/../lib/gcc/arm-none-eabi/13.3.1/thumb/v7e-m+fp/hard/crti.o
 .ARM.attributes
                0x00000022       0x34 C:/ST/STM32CubeIDE_1.18.1/STM32CubeIDE/plugins/com.st.stm32cube.ide.mcu.externaltools.gnu-tools-for-stm32.13.3.rel1.win32_1.0.0.202411081344/tools/bin/../lib/gcc/arm-none-eabi/13.3.1/thumb/v7e-m+fp/hard/crtbegin.o
 .ARM.attributes
                0x00000056       0x34 ./Core/Src/control_linearecta.o
 .ARM.attributes
                0x0000008a       0x34 ./Core/Src/control_motor.o
 .ARM.attributes
                0x000000be       0x34 ./Core/Src/laberinto.o
 .ARM.attributes
                0x000000f2       0x34 ./Core/Src/main.o
 .ARM.attributes
                0x00000126       0x34 ./Core/Src/navegacion.o
 .ARM.attributes
                0x0000015a       0x34 ./Core/Src/stm32f4xx_hal_msp.o
 .ARM.attributes
                0x0000018e       0x34 ./Core/Src/stm32f4xx_it.o
 .ARM.attributes
                0x000001c2       0x34 ./Core/Src/sysmem.o
 .ARM.attributes
                0x000001f6       0x34 ./Core/Src/system_stm32f4xx.o
 .ARM.attributes
                0x0000022a       0x34 ./Core/Src/uart.o
 .ARM.attributes
                0x0000025e       0x21 ./Core/Startup/startup_stm32f407vgtx.o
 .ARM.attributes
                0x0000027f       0x34 ./Drivers/STM32F4xx_HAL_Driver/Src/stm32f4xx_hal.o
 .ARM.attributes
                0x000002b3       0x34 ./Drivers/STM32F4xx_HAL_Driver/Src/stm32f4xx_hal_adc.o
 .ARM.attributes
                0x000002e7       0x34 ./Drivers/STM32F4xx_HAL_Driver/Src/stm32f4xx_hal_cortex.o
 .ARM.attributes
                0x0000031b       0x34 ./Drivers/STM32F4xx_HAL_Driver/Src/stm32f4xx_hal_dma.o
 .ARM.attributes
                0x0000034f       0x34 ./Drivers/STM32F4xx_HAL_Driver/Src/stm32f4xx_hal_gpio.o
 .ARM.attributes
                0x00000383       0x34 ./Drivers/STM32F4xx_HAL_Driver/Src/stm32f4xx_hal_hcd.o
 .ARM.attributes
                0x000003b7       0x34 ./Drivers/STM32F4xx_HAL_Driver/Src/stm32f4xx_hal_i2c.o
 .ARM.attributes
                0x000003eb       0x34 ./Drivers/STM32F4xx_HAL_Driver/Src/stm32f4xx_hal_rcc.o
 .ARM.attributes
                0x0000041f       0x34 ./Drivers/STM32F4xx_HAL_Driver/Src/stm32f4xx_hal_spi.o
 .ARM.attributes
                0x00000453       0x34 ./Drivers/STM32F4xx_HAL_Driver/Src/stm32f4xx_hal_tim.o
 .ARM.attributes
                0x00000487       0x34 ./Drivers/STM32F4xx_HAL_Driver/Src/stm32f4xx_hal_tim_ex.o
 .ARM.attributes
                0x000004bb       0x34 ./Drivers/STM32F4xx_HAL_Driver/Src/stm32f4xx_hal_uart.o
 .ARM.attributes
                0x000004ef       0x34 ./Drivers/STM32F4xx_HAL_Driver/Src/stm32f4xx_ll_usb.o
 .ARM.attributes
                0x00000523       0x34 ./Middlewares/ST/STM32_USB_Host_Library/Class/CDC/Src/usbh_cdc.o
 .ARM.attributes
                0x00000557       0x34 ./Middlewares/ST/STM32_USB_Host_Library/Core/Src/usbh_core.o
 .ARM.attributes
                0x0000058b       0x34 ./Middlewares/ST/STM32_USB_Host_Library/Core/Src/usbh_ctlreq.o
 .ARM.attributes
                0x000005bf       0x34 ./Middlewares/ST/STM32_USB_Host_Library/Core/Src/usbh_ioreq.o
 .ARM.attributes
                0x000005f3       0x34 ./Middlewares/ST/STM32_USB_Host_Library/Core/Src/usbh_pipes.o
 .ARM.attributes
                0x00000627       0x34 ./USB_HOST/App/usb_host.o
 .ARM.attributes
                0x0000065b       0x34 ./USB_HOST/Target/usbh_conf.o
 .ARM.attributes
                0x0000068f       0x34 ./USB_HOST/Target/usbh_platform.o
 .ARM.attributes
                0x000006c3       0x34 C:/ST/STM32CubeIDE_1.18.1/STM32CubeIDE/plugins/com.st.stm32cube.ide.mcu.externaltools.gnu-tools-for-stm32.13.3.rel1.win32_1.0.0.202411081344/tools/bin/../lib/gcc/arm-none-eabi/13.3.1/../../../../arm-none-eabi/lib/thumb/v7e-m+fp/hard\libc_nano.a(libc_a-malloc.o)
 .ARM.attributes
                0x000006f7       0x34 C:/ST/STM32CubeIDE_1.18.1/STM32CubeIDE/plugins/com.st.stm32cube.ide.mcu.externaltools.gnu-tools-for-stm32.13.3.rel1.win32_1.0.0.202411081344/tools/bin/../lib/gcc/arm-none-eabi/13.3.1/../../../../arm-none-eabi/lib/thumb/v7e-m+fp/hard\libc_nano.a(libc_a-mallocr.o)
 .ARM.attributes
                0x0000072b       0x34 C:/ST/STM32CubeIDE_1.18.1/STM32CubeIDE/plugins/com.st.stm32cube.ide.mcu.externaltools.gnu-tools-for-stm32.13.3.rel1.win32_1.0.0.202411081344/tools/bin/../lib/gcc/arm-none-eabi/13.3.1/../../../../arm-none-eabi/lib/thumb/v7e-m+fp/hard\libc_nano.a(libc_a-mlock.o)
 .ARM.attributes
                0x0000075f       0x34 C:/ST/STM32CubeIDE_1.18.1/STM32CubeIDE/plugins/com.st.stm32cube.ide.mcu.externaltools.gnu-tools-for-stm32.13.3.rel1.win32_1.0.0.202411081344/tools/bin/../lib/gcc/arm-none-eabi/13.3.1/../../../../arm-none-eabi/lib/thumb/v7e-m+fp/hard\libc_nano.a(libc_a-findfp.o)
 .ARM.attributes
                0x00000793       0x34 C:/ST/STM32CubeIDE_1.18.1/STM32CubeIDE/plugins/com.st.stm32cube.ide.mcu.externaltools.gnu-tools-for-stm32.13.3.rel1.win32_1.0.0.202411081344/tools/bin/../lib/gcc/arm-none-eabi/13.3.1/../../../../arm-none-eabi/lib/thumb/v7e-m+fp/hard\libc_nano.a(libc_a-sprintf.o)
 .ARM.attributes
                0x000007c7       0x34 C:/ST/STM32CubeIDE_1.18.1/STM32CubeIDE/plugins/com.st.stm32cube.ide.mcu.externaltools.gnu-tools-for-stm32.13.3.rel1.win32_1.0.0.202411081344/tools/bin/../lib/gcc/arm-none-eabi/13.3.1/../../../../arm-none-eabi/lib/thumb/v7e-m+fp/hard\libc_nano.a(libc_a-memset.o)
 .ARM.attributes
                0x000007fb       0x34 C:/ST/STM32CubeIDE_1.18.1/STM32CubeIDE/plugins/com.st.stm32cube.ide.mcu.externaltools.gnu-tools-for-stm32.13.3.rel1.win32_1.0.0.202411081344/tools/bin/../lib/gcc/arm-none-eabi/13.3.1/../../../../arm-none-eabi/lib/thumb/v7e-m+fp/hard\libc_nano.a(libc_a-reent.o)
 .ARM.attributes
                0x0000082f       0x34 C:/ST/STM32CubeIDE_1.18.1/STM32CubeIDE/plugins/com.st.stm32cube.ide.mcu.externaltools.gnu-tools-for-stm32.13.3.rel1.win32_1.0.0.202411081344/tools/bin/../lib/gcc/arm-none-eabi/13.3.1/../../../../arm-none-eabi/lib/thumb/v7e-m+fp/hard\libc_nano.a(libc_a-impure.o)
 .ARM.attributes
                0x00000863       0x34 C:/ST/STM32CubeIDE_1.18.1/STM32CubeIDE/plugins/com.st.stm32cube.ide.mcu.externaltools.gnu-tools-for-stm32.13.3.rel1.win32_1.0.0.202411081344/tools/bin/../lib/gcc/arm-none-eabi/13.3.1/../../../../arm-none-eabi/lib/thumb/v7e-m+fp/hard\libc_nano.a(libc_a-sbrkr.o)
 .ARM.attributes
                0x00000897       0x34 C:/ST/STM32CubeIDE_1.18.1/STM32CubeIDE/plugins/com.st.stm32cube.ide.mcu.externaltools.gnu-tools-for-stm32.13.3.rel1.win32_1.0.0.202411081344/tools/bin/../lib/gcc/arm-none-eabi/13.3.1/../../../../arm-none-eabi/lib/thumb/v7e-m+fp/hard\libc_nano.a(libc_a-errno.o)
 .ARM.attributes
                0x000008cb       0x34 C:/ST/STM32CubeIDE_1.18.1/STM32CubeIDE/plugins/com.st.stm32cube.ide.mcu.externaltools.gnu-tools-for-stm32.13.3.rel1.win32_1.0.0.202411081344/tools/bin/../lib/gcc/arm-none-eabi/13.3.1/../../../../arm-none-eabi/lib/thumb/v7e-m+fp/hard\libc_nano.a(libc_a-init.o)
 .ARM.attributes
                0x000008ff       0x34 C:/ST/STM32CubeIDE_1.18.1/STM32CubeIDE/plugins/com.st.stm32cube.ide.mcu.externaltools.gnu-tools-for-stm32.13.3.rel1.win32_1.0.0.202411081344/tools/bin/../lib/gcc/arm-none-eabi/13.3.1/../../../../arm-none-eabi/lib/thumb/v7e-m+fp/hard\libc_nano.a(libc_a-lock.o)
 .ARM.attributes
                0x00000933       0x17 C:/ST/STM32CubeIDE_1.18.1/STM32CubeIDE/plugins/com.st.stm32cube.ide.mcu.externaltools.gnu-tools-for-stm32.13.3.rel1.win32_1.0.0.202411081344/tools/bin/../lib/gcc/arm-none-eabi/13.3.1/../../../../arm-none-eabi/lib/thumb/v7e-m+fp/hard\libc_nano.a(libc_a-strlen.o)
 .ARM.attributes
                0x0000094a       0x34 C:/ST/STM32CubeIDE_1.18.1/STM32CubeIDE/plugins/com.st.stm32cube.ide.mcu.externaltools.gnu-tools-for-stm32.13.3.rel1.win32_1.0.0.202411081344/tools/bin/../lib/gcc/arm-none-eabi/13.3.1/../../../../arm-none-eabi/lib/thumb/v7e-m+fp/hard\libc_nano.a(libc_a-freer.o)
 .ARM.attributes
                0x0000097e       0x34 C:/ST/STM32CubeIDE_1.18.1/STM32CubeIDE/plugins/com.st.stm32cube.ide.mcu.externaltools.gnu-tools-for-stm32.13.3.rel1.win32_1.0.0.202411081344/tools/bin/../lib/gcc/arm-none-eabi/13.3.1/../../../../arm-none-eabi/lib/thumb/v7e-m+fp/hard\libc_nano.a(libc_a-nano-svfprintf.o)
 .ARM.attributes
                0x000009b2       0x34 C:/ST/STM32CubeIDE_1.18.1/STM32CubeIDE/plugins/com.st.stm32cube.ide.mcu.externaltools.gnu-tools-for-stm32.13.3.rel1.win32_1.0.0.202411081344/tools/bin/../lib/gcc/arm-none-eabi/13.3.1/../../../../arm-none-eabi/lib/thumb/v7e-m+fp/hard\libc_nano.a(libc_a-nano-vfprintf_i.o)
 .ARM.attributes
                0x000009e6       0x34 C:/ST/STM32CubeIDE_1.18.1/STM32CubeIDE/plugins/com.st.stm32cube.ide.mcu.externaltools.gnu-tools-for-stm32.13.3.rel1.win32_1.0.0.202411081344/tools/bin/../lib/gcc/arm-none-eabi/13.3.1/../../../../arm-none-eabi/lib/thumb/v7e-m+fp/hard\libc_nano.a(libc_a-memmove.o)
 .ARM.attributes
                0x00000a1a       0x1c C:/ST/STM32CubeIDE_1.18.1/STM32CubeIDE/plugins/com.st.stm32cube.ide.mcu.externaltools.gnu-tools-for-stm32.13.3.rel1.win32_1.0.0.202411081344/tools/bin/../lib/gcc/arm-none-eabi/13.3.1/../../../../arm-none-eabi/lib/thumb/v7e-m+fp/hard\libc_nano.a(libc_a-memchr.o)
 .ARM.attributes
                0x00000a36       0x34 C:/ST/STM32CubeIDE_1.18.1/STM32CubeIDE/plugins/com.st.stm32cube.ide.mcu.externaltools.gnu-tools-for-stm32.13.3.rel1.win32_1.0.0.202411081344/tools/bin/../lib/gcc/arm-none-eabi/13.3.1/../../../../arm-none-eabi/lib/thumb/v7e-m+fp/hard\libc_nano.a(libc_a-memcpy-stub.o)
 .ARM.attributes
                0x00000a6a       0x34 C:/ST/STM32CubeIDE_1.18.1/STM32CubeIDE/plugins/com.st.stm32cube.ide.mcu.externaltools.gnu-tools-for-stm32.13.3.rel1.win32_1.0.0.202411081344/tools/bin/../lib/gcc/arm-none-eabi/13.3.1/../../../../arm-none-eabi/lib/thumb/v7e-m+fp/hard\libc_nano.a(libc_a-reallocr.o)
 .ARM.attributes
                0x00000a9e       0x34 C:/ST/STM32CubeIDE_1.18.1/STM32CubeIDE/plugins/com.st.stm32cube.ide.mcu.externaltools.gnu-tools-for-stm32.13.3.rel1.win32_1.0.0.202411081344/tools/bin/../lib/gcc/arm-none-eabi/13.3.1/../../../../arm-none-eabi/lib/thumb/v7e-m+fp/hard\libc_nano.a(libc_a-msizer.o)
 .ARM.attributes
                0x00000ad2       0x22 C:/ST/STM32CubeIDE_1.18.1/STM32CubeIDE/plugins/com.st.stm32cube.ide.mcu.externaltools.gnu-tools-for-stm32.13.3.rel1.win32_1.0.0.202411081344/tools/bin/../lib/gcc/arm-none-eabi/13.3.1/thumb/v7e-m+fp/hard\libgcc.a(_aeabi_uldivmod.o)
 .ARM.attributes
                0x00000af4       0x34 C:/ST/STM32CubeIDE_1.18.1/STM32CubeIDE/plugins/com.st.stm32cube.ide.mcu.externaltools.gnu-tools-for-stm32.13.3.rel1.win32_1.0.0.202411081344/tools/bin/../lib/gcc/arm-none-eabi/13.3.1/thumb/v7e-m+fp/hard\libgcc.a(_udivmoddi4.o)
 .ARM.attributes
                0x00000b28       0x22 C:/ST/STM32CubeIDE_1.18.1/STM32CubeIDE/plugins/com.st.stm32cube.ide.mcu.externaltools.gnu-tools-for-stm32.13.3.rel1.win32_1.0.0.202411081344/tools/bin/../lib/gcc/arm-none-eabi/13.3.1/thumb/v7e-m+fp/hard\libgcc.a(_dvmd_tls.o)
 .ARM.attributes
                0x00000b4a       0x22 C:/ST/STM32CubeIDE_1.18.1/STM32CubeIDE/plugins/com.st.stm32cube.ide.mcu.externaltools.gnu-tools-for-stm32.13.3.rel1.win32_1.0.0.202411081344/tools/bin/../lib/gcc/arm-none-eabi/13.3.1/thumb/v7e-m+fp/hard/crtn.o
OUTPUT(Funcionadale.elf elf32-littlearm)
LOAD linker stubs
LOAD C:/ST/STM32CubeIDE_1.18.1/STM32CubeIDE/plugins/com.st.stm32cube.ide.mcu.externaltools.gnu-tools-for-stm32.13.3.rel1.win32_1.0.0.202411081344/tools/bin/../lib/gcc/arm-none-eabi/13.3.1/../../../../arm-none-eabi/lib/thumb/v7e-m+fp/hard\libc.a
LOAD C:/ST/STM32CubeIDE_1.18.1/STM32CubeIDE/plugins/com.st.stm32cube.ide.mcu.externaltools.gnu-tools-for-stm32.13.3.rel1.win32_1.0.0.202411081344/tools/bin/../lib/gcc/arm-none-eabi/13.3.1/../../../../arm-none-eabi/lib/thumb/v7e-m+fp/hard\libm.a
LOAD C:/ST/STM32CubeIDE_1.18.1/STM32CubeIDE/plugins/com.st.stm32cube.ide.mcu.externaltools.gnu-tools-for-stm32.13.3.rel1.win32_1.0.0.202411081344/tools/bin/../lib/gcc/arm-none-eabi/13.3.1/thumb/v7e-m+fp/hard\libgcc.a

.debug_info     0x00000000    0x1e697
 .debug_info    0x00000000      0x830 ./Core/Src/control_linearecta.o
 .debug_info    0x00000830      0x932 ./Core/Src/control_motor.o
 .debug_info    0x00001162      0x41e ./Core/Src/laberinto.o
 .debug_info    0x00001580     0x1fe3 ./Core/Src/main.o
 .debug_info    0x00003563      0x283 ./Core/Src/navegacion.o
 .debug_info    0x000037e6     0x16b7 ./Core/Src/stm32f4xx_hal_msp.o
 .debug_info    0x00004e9d      0x931 ./Core/Src/stm32f4xx_it.o
 .debug_info    0x000057ce      0x168 ./Core/Src/sysmem.o
 .debug_info    0x00005936      0x512 ./Core/Src/system_stm32f4xx.o
 .debug_info    0x00005e48      0x6a9 ./Core/Src/uart.o
 .debug_info    0x000064f1       0x30 ./Core/Startup/startup_stm32f407vgtx.o
 .debug_info    0x00006521      0x944 ./Drivers/STM32F4xx_HAL_Driver/Src/stm32f4xx_hal.o
 .debug_info    0x00006e65      0xce3 ./Drivers/STM32F4xx_HAL_Driver/Src/stm32f4xx_hal_adc.o
 .debug_info    0x00007b48      0xd8c ./Drivers/STM32F4xx_HAL_Driver/Src/stm32f4xx_hal_cortex.o
 .debug_info    0x000088d4      0x8e7 ./Drivers/STM32F4xx_HAL_Driver/Src/stm32f4xx_hal_dma.o
 .debug_info    0x000091bb      0x6c3 ./Drivers/STM32F4xx_HAL_Driver/Src/stm32f4xx_hal_gpio.o
 .debug_info    0x0000987e     0x114c ./Drivers/STM32F4xx_HAL_Driver/Src/stm32f4xx_hal_hcd.o
 .debug_info    0x0000a9ca     0x2415 ./Drivers/STM32F4xx_HAL_Driver/Src/stm32f4xx_hal_i2c.o
 .debug_info    0x0000cddf      0x8c3 ./Drivers/STM32F4xx_HAL_Driver/Src/stm32f4xx_hal_rcc.o
 .debug_info    0x0000d6a2     0x1525 ./Drivers/STM32F4xx_HAL_Driver/Src/stm32f4xx_hal_spi.o
 .debug_info    0x0000ebc7     0x299d ./Drivers/STM32F4xx_HAL_Driver/Src/stm32f4xx_hal_tim.o
 .debug_info    0x00011564     0x14db ./Drivers/STM32F4xx_HAL_Driver/Src/stm32f4xx_hal_tim_ex.o
 .debug_info    0x00012a3f     0x2f4f ./Drivers/STM32F4xx_HAL_Driver/Src/stm32f4xx_hal_uart.o
 .debug_info    0x0001598e     0x1993 ./Drivers/STM32F4xx_HAL_Driver/Src/stm32f4xx_ll_usb.o
 .debug_info    0x00017321     0x1479 ./Middlewares/ST/STM32_USB_Host_Library/Class/CDC/Src/usbh_cdc.o
 .debug_info    0x0001879a      0xfb5 ./Middlewares/ST/STM32_USB_Host_Library/Core/Src/usbh_core.o
 .debug_info    0x0001974f      0xfaf ./Middlewares/ST/STM32_USB_Host_Library/Core/Src/usbh_ctlreq.o
 .debug_info    0x0001a6fe      0xc2e ./Middlewares/ST/STM32_USB_Host_Library/Core/Src/usbh_ioreq.o
 .debug_info    0x0001b32c      0xa91 ./Middlewares/ST/STM32_USB_Host_Library/Core/Src/usbh_pipes.o
 .debug_info    0x0001bdbd      0xa13 ./USB_HOST/App/usb_host.o
 .debug_info    0x0001c7d0     0x1cef ./USB_HOST/Target/usbh_conf.o
 .debug_info    0x0001e4bf      0x1d8 ./USB_HOST/Target/usbh_platform.o

.debug_abbrev   0x00000000     0x4808
 .debug_abbrev  0x00000000      0x22c ./Core/Src/control_linearecta.o
 .debug_abbrev  0x0000022c      0x210 ./Core/Src/control_motor.o
 .debug_abbrev  0x0000043c      0x14e ./Core/Src/laberinto.o
 .debug_abbrev  0x0000058a      0x334 ./Core/Src/main.o
 .debug_abbrev  0x000008be      0x118 ./Core/Src/navegacion.o
 .debug_abbrev  0x000009d6      0x271 ./Core/Src/stm32f4xx_hal_msp.o
 .debug_abbrev  0x00000c47      0x1e7 ./Core/Src/stm32f4xx_it.o
 .debug_abbrev  0x00000e2e       0xbc ./Core/Src/sysmem.o
 .debug_abbrev  0x00000eea      0x11a ./Core/Src/system_stm32f4xx.o
 .debug_abbrev  0x00001004      0x186 ./Core/Src/uart.o
 .debug_abbrev  0x0000118a       0x24 ./Core/Startup/startup_stm32f407vgtx.o
 .debug_abbrev  0x000011ae      0x214 ./Drivers/STM32F4xx_HAL_Driver/Src/stm32f4xx_hal.o
 .debug_abbrev  0x000013c2      0x252 ./Drivers/STM32F4xx_HAL_Driver/Src/stm32f4xx_hal_adc.o
 .debug_abbrev  0x00001614      0x31d ./Drivers/STM32F4xx_HAL_Driver/Src/stm32f4xx_hal_cortex.o
 .debug_abbrev  0x00001931      0x264 ./Drivers/STM32F4xx_HAL_Driver/Src/stm32f4xx_hal_dma.o