Archive member included to satisfy reference by file (symbol)

/Applications/STM32CubeIDE.app/Contents/Eclipse/plugins/com.st.stm32cube.ide.mcu.externaltools.gnu-tools-for-stm32.13.3.rel1.macos64_1.0.0.202411102158/tools/bin/../lib/gcc/arm-none-eabi/13.3.1/../../../../arm-none-eabi/lib/thumb/v7e-m+fp/hard/libc_nano.a(libc_a-exit.o)
                              /Applications/STM32CubeIDE.app/Contents/Eclipse/plugins/com.st.stm32cube.ide.mcu.externaltools.gnu-tools-for-stm32.13.3.rel1.macos64_1.0.0.202411102158/tools/bin/../lib/gcc/arm-none-eabi/13.3.1/../../../../arm-none-eabi/lib/thumb/v7e-m+fp/hard/crt0.o (exit)
/Applications/STM32CubeIDE.app/Contents/Eclipse/plugins/com.st.stm32cube.ide.mcu.externaltools.gnu-tools-for-stm32.13.3.rel1.macos64_1.0.0.202411102158/tools/bin/../lib/gcc/arm-none-eabi/13.3.1/../../../../arm-none-eabi/lib/thumb/v7e-m+fp/hard/libc_nano.a(libc_a-malloc.o)
                              ./Middlewares/ST/STM32_USB_Host_Library/Class/CDC/Src/usbh_cdc.o (malloc)
/Applications/STM32CubeIDE.app/Contents/Eclipse/plugins/com.st.stm32cube.ide.mcu.externaltools.gnu-tools-for-stm32.13.3.rel1.macos64_1.0.0.202411102158/tools/bin/../lib/gcc/arm-none-eabi/13.3.1/../../../../arm-none-eabi/lib/thumb/v7e-m+fp/hard/libc_nano.a(libc_a-mallocr.o)
                              /Applications/STM32CubeIDE.app/Contents/Eclipse/plugins/com.st.stm32cube.ide.mcu.externaltools.gnu-tools-for-stm32.13.3.rel1.macos64_1.0.0.202411102158/tools/bin/../lib/gcc/arm-none-eabi/13.3.1/../../../../arm-none-eabi/lib/thumb/v7e-m+fp/hard/libc_nano.a(libc_a-malloc.o) (_malloc_r)
/Applications/STM32CubeIDE.app/Contents/Eclipse/plugins/com.st.stm32cube.ide.mcu.externaltools.gnu-tools-for-stm32.13.3.rel1.macos64_1.0.0.202411102158/tools/bin/../lib/gcc/arm-none-eabi/13.3.1/../../../../arm-none-eabi/lib/thumb/v7e-m+fp/hard/libc_nano.a(libc_a-mlock.o)
                              /Applications/STM32CubeIDE.app/Contents/Eclipse/plugins/com.st.stm32cube.ide.mcu.externaltools.gnu-tools-for-stm32.13.3.rel1.macos64_1.0.0.202411102158/tools/bin/../lib/gcc/arm-none-eabi/13.3.1/../../../../arm-none-eabi/lib/thumb/v7e-m+fp/hard/libc_nano.a(libc_a-mallocr.o) (__malloc_lock)
/Applications/STM32CubeIDE.app/Contents/Eclipse/plugins/com.st.stm32cube.ide.mcu.externaltools.gnu-tools-for-stm32.13.3.rel1.macos64_1.0.0.202411102158/tools/bin/../lib/gcc/arm-none-eabi/13.3.1/../../../../arm-none-eabi/lib/thumb/v7e-m+fp/hard/libc_nano.a(libc_a-sprintf.o)
                              ./Core/Src/main.o (sprintf)
/Applications/STM32CubeIDE.app/Contents/Eclipse/plugins/com.st.stm32cube.ide.mcu.externaltools.gnu-tools-for-stm32.13.3.rel1.macos64_1.0.0.202411102158/tools/bin/../lib/gcc/arm-none-eabi/13.3.1/../../../../arm-none-eabi/lib/thumb/v7e-m+fp/hard/libc_nano.a(libc_a-findfp.o)
                              /Applications/STM32CubeIDE.app/Contents/Eclipse/plugins/com.st.stm32cube.ide.mcu.externaltools.gnu-tools-for-stm32.13.3.rel1.macos64_1.0.0.202411102158/tools/bin/../lib/gcc/arm-none-eabi/13.3.1/../../../../arm-none-eabi/lib/thumb/v7e-m+fp/hard/libc_nano.a(libc_a-exit.o) (__stdio_exit_handler)
/Applications/STM32CubeIDE.app/Contents/Eclipse/plugins/com.st.stm32cube.ide.mcu.externaltools.gnu-tools-for-stm32.13.3.rel1.macos64_1.0.0.202411102158/tools/bin/../lib/gcc/arm-none-eabi/13.3.1/../../../../arm-none-eabi/lib/thumb/v7e-m+fp/hard/libc_nano.a(libc_a-fwalk.o)
                              /Applications/STM32CubeIDE.app/Contents/Eclipse/plugins/com.st.stm32cube.ide.mcu.externaltools.gnu-tools-for-stm32.13.3.rel1.macos64_1.0.0.202411102158/tools/bin/../lib/gcc/arm-none-eabi/13.3.1/../../../../arm-none-eabi/lib/thumb/v7e-m+fp/hard/libc_nano.a(libc_a-findfp.o) (_fwalk_sglue)
/Applications/STM32CubeIDE.app/Contents/Eclipse/plugins/com.st.stm32cube.ide.mcu.externaltools.gnu-tools-for-stm32.13.3.rel1.macos64_1.0.0.202411102158/tools/bin/../lib/gcc/arm-none-eabi/13.3.1/../../../../arm-none-eabi/lib/thumb/v7e-m+fp/hard/libc_nano.a(libc_a-memset.o)
                              /Applications/STM32CubeIDE.app/Contents/Eclipse/plugins/com.st.stm32cube.ide.mcu.externaltools.gnu-tools-for-stm32.13.3.rel1.macos64_1.0.0.202411102158/tools/bin/../lib/gcc/arm-none-eabi/13.3.1/../../../../arm-none-eabi/lib/thumb/v7e-m+fp/hard/crt0.o (memset)
/Applications/STM32CubeIDE.app/Contents/Eclipse/plugins/com.st.stm32cube.ide.mcu.externaltools.gnu-tools-for-stm32.13.3.rel1.macos64_1.0.0.202411102158/tools/bin/../lib/gcc/arm-none-eabi/13.3.1/../../../../arm-none-eabi/lib/thumb/v7e-m+fp/hard/libc_nano.a(libc_a-sbrkr.o)
                              /Applications/STM32CubeIDE.app/Contents/Eclipse/plugins/com.st.stm32cube.ide.mcu.externaltools.gnu-tools-for-stm32.13.3.rel1.macos64_1.0.0.202411102158/tools/bin/../lib/gcc/arm-none-eabi/13.3.1/../../../../arm-none-eabi/lib/thumb/v7e-m+fp/hard/libc_nano.a(libc_a-mallocr.o) (_sbrk_r)
[...]
Memory Configuration

Name             Origin             Length             Attributes
CCMRAM           0x10000000         0x00010000         xrw
RAM              0x20000000         0x00020000         xrw
FLASH            0x08000000         0x00100000         xr
*default*        0x00000000         0xffffffff

Linker script and memory map

LOAD /Applications/STM32CubeIDE.app/Contents/Eclipse/plugins/com.st.stm32cube.ide.mcu.externaltools.gnu-tools-for-stm32.13.3.rel1.macos64_1.0.0.202411102158/tools/bin/../lib/gcc/arm-none-eabi/13.3.1/thumb/v7e-m+fp/hard/crti.o
LOAD /Applications/STM32CubeIDE.app/Contents/Eclipse/plugins/com.st.stm32cube.ide.mcu.externaltools.gnu-tools-for-stm32.13.3.rel1.macos64_1.0.0.202411102158/tools/bin/../lib/gcc/arm-none-eabi/13.3.1/thumb/v7e-m+fp/hard/crtbegin.o
LOAD /Applications/STM32CubeIDE.app/Contents/Eclipse/plugins/com.st.stm32cube.ide.mcu.externaltools.gnu-tools-for-stm32.13.3.rel1.macos64_1.0.0.202411102158/tools/bin/../lib/gcc/arm-none-eabi/13.3.1/../../../../arm-none-eabi/lib/thumb/v7e-m+fp/hard/crt0.o
LOAD ./Core/Src/antirebote.o
LOAD ./Core/Src/control_linearecta.o
LOAD ./Core/Src/control_motor.o
LOAD ./Core/Src/laberinto.o
LOAD ./Core/Src/main.o
LOAD ./Core/Src/navegacion.o
LOAD ./Core/Src/stm32f4xx_hal_msp.o
LOAD ./Core/Src/stm32f4xx_it.o
LOAD ./Core/Src/syscalls.o
LOAD ./Core/Src/sysmem.o
LOAD ./Core/Src/system_stm32f4xx.o
LOAD ./Core/Src/uart.o
LOAD ./Core/Startup/startup_stm32f407vgtx.o
LOAD ./Drivers/STM32F4xx_HAL_Driver/Src/stm32f4xx_hal.o
LOAD ./Drivers/STM32F4xx_HAL_Driver/Src/stm32f4xx_hal_adc.o
LOAD ./Drivers/STM32F4xx_HAL_Driver/Src/stm32f4xx_hal_adc_ex.o
LOAD ./Drivers/STM32F4xx_HAL_Driver/Src/stm32f4xx_hal_cortex.o
LOAD ./Drivers/STM32F4xx_HAL_Driver/Src/stm32f4xx_hal_dma.o
LOAD ./Drivers/STM32F4xx_HAL_Driver/Src/stm32f4xx_hal_dma_ex.o
LOAD ./Drivers/STM32F4xx_HAL_Driver/Src/stm32f4xx_hal_exti.o
LOAD ./Drivers/STM32F4xx_HAL_Driver/Src/stm32f4xx_hal_flash.o
LOAD ./Drivers/STM32F4xx_HAL_Driver/Src/stm32f4xx_hal_flash_ex.o
LOAD ./Drivers/STM32F4xx_HAL_Driver/Src/stm32f4xx_hal_flash_ramfunc.o
LOAD ./Drivers/STM32F4xx_HAL_Driver/Src/stm32f4xx_hal_gpio.o
LOAD ./Drivers/STM32F4xx_HAL_Driver/Src/stm32f4xx_hal_hcd.o
LOAD ./Drivers/STM32F4xx_HAL_Driver/Src/stm32f4xx_hal_i2c.o
LOAD ./Drivers/STM32F4xx_HAL_Driver/Src/stm32f4xx_hal_i2c_ex.o
LOAD ./Drivers/STM32F4xx_HAL_Driver/Src/stm32f4xx_hal_pwr.o
LOAD ./Drivers/STM32F4xx_HAL_Driver/Src/stm32f4xx_hal_pwr_ex.o
LOAD ./Drivers/STM32F4xx_HAL_Driver/Src/stm32f4xx_hal_rcc.o
LOAD ./Drivers/STM32F4xx_HAL_Driver/Src/stm32f4xx_hal_rcc_ex.o
LOAD ./Drivers/STM32F4xx_HAL_Driver/Src/stm32f4xx_hal_spi.o
LOAD ./Drivers/STM32F4xx_HAL_Driver/Src/stm32f4xx_hal_tim.o
LOAD ./Drivers/STM32F4xx_HAL_Driver/Src/stm32f4xx_hal_tim_ex.o
LOAD ./Drivers/STM32F4xx_HAL_Driver/Src/stm32f4xx_hal_uart.o
LOAD ./Drivers/STM32F4xx_HAL_Driver/Src/stm32f4xx_ll_adc.o
LOAD ./Drivers/STM32F4xx_HAL_Driver/Src/stm32f4xx_ll_usb.o
LOAD ./Middlewares/ST/STM32_USB_Host_Library/Class/CDC/Src/usbh_cdc.o
LOAD ./Middlewares/ST/STM32_USB_Host_Library/Core/Src/usbh_core.o
LOAD ./Middlewares/ST/STM32_USB_Host_Library/Core/Src/usbh_ctlreq.o
LOAD ./Middlewares/ST/STM32_USB_Host_Library/Core/Src/usbh_ioreq.o
LOAD ./Middlewares/ST/STM32_USB_Host_Library/Core/Src/usbh_pipes.o
LOAD ./USB_HOST/App/usb_host.o
LOAD ./USB_HOST/Target/usbh_conf.o
LOAD ./USB_HOST/Target/usbh_platform.o
START GROUP
LOAD /Applications/STM32CubeIDE.app/Contents/Eclipse/plugins/com.st.stm32cube.ide.mcu.externaltools.gnu-tools-for-stm32.13.3.rel1.macos64_1.0.0.202411102158/tools/bin/../lib/gcc/arm-none-eabi/13.3.1/../../../../arm-none-eabi/lib/thumb/v7e-m+fp/hard/libc_nano.a
LOAD /Applications/STM32CubeIDE.app/Contents/Eclipse/plugins/com.st.stm32cube.ide.mcu.externaltools.gnu-tools-for-stm32.13.3.rel1.macos64_1.0.0.202411102158/tools/bin/../lib/gcc/arm-none-eabi/13.3.1/../../../../arm-none-eabi/lib/thumb/v7e-m+fp/hard/libm.a
END GROUP
START GROUP
LOAD /Applications/STM32CubeIDE.app/Contents/Eclipse/plugins/com.st.stm32cube.ide.mcu.externaltools.gnu-tools-for-stm32.13.3.rel1.macos64_1.0.0.202411102158/tools/bin/../lib/gcc/arm-none-eabi/13.3.1/thumb/v7e-m+fp/hard/libgcc.a
LOAD /Applications/STM32CubeIDE.app/Contents/Eclipse/plugins/com.st.stm32cube.ide.mcu.externaltools.gnu-tools-for-stm32.13.3.rel1.macos64_1.0.0.202411102158/tools/bin/../lib/gcc/arm-none-eabi/13.3.1/../../../../arm-none-eabi/lib/thumb/v7e-m+fp/hard/libc_nano.a
END GROUP
START GROUP
LOAD /Applications/STM32CubeIDE.app/Contents/Eclipse/plugins/com.st.stm32cube.ide.mcu.externaltools.gnu-tools-for-stm32.13.3.rel1.macos64_1.0.0.202411102158/tools/bin/../lib/gcc/arm-none-eabi/13.3.1/thumb/v7e-m+fp/hard/libgcc.a
LOAD /Applications/STM32CubeIDE.app/Contents/Eclipse/plugins/com.st.stm32cube.ide.mcu.externaltools.gnu-tools-for-stm32.13.3.rel1.macos64_1.0.0.202411102158/tools/bin/../lib/gcc/arm-none-eabi/13.3.1/../../../../arm-none-eabi/lib/thumb/v7e-m+fp/hard/libc_nano.a
LOAD /Applications/STM32CubeIDE.app/Contents/Eclipse/plugins/com.st.stm32cube.ide.mcu.externaltools.gnu-tools-for-stm32.13.3.rel1.macos64_1.0.0.202411102158/tools/bin/../lib/gcc/arm-none-eabi/13.3.1/../../../../arm-none-eabi/lib/thumb/v7e-m+fp/hard/libnosys.a
END GROUP
START GROUP
LOAD /Applications/STM32CubeIDE.app/Contents/Eclipse/plugins/com.st.stm32cube.ide.mcu.externaltools.gnu-tools-for-stm32.13.3.rel1.macos64_1.0.0.202411102158/tools/bin/../lib/gcc/arm-none-eabi/13.3.1/thumb/v7e-m+fp/hard/libgcc.a
LOAD /Applications/STM32CubeIDE.app/Contents/Eclipse/plugins/com.st.stm32cube.ide.mcu.externaltools.gnu-tools-for-stm32.13.3.rel1.macos64_1.0.0.202411102158/tools/bin/../lib/gcc/arm-none-eabi/13.3.1/../../../../arm-none-eabi/lib/thumb/v7e-m+fp/hard/libc_nano.a
LOAD /Applications/STM32CubeIDE.app/Contents/Eclipse/plugins/com.st.stm32cube.ide.mcu.externaltools.gnu-tools-for-stm32.13.3.rel1.macos64_1.0.0.202411102158/tools/bin/../lib/gcc/arm-none-eabi/13.3.1/../../../../arm-none-eabi/lib/thumb/v7e-m+fp/hard/libnosys.a
END GROUP
LOAD /Applications/STM32CubeIDE.app/Contents/Eclipse/plugins/com.st.stm32cube.ide.mcu.externaltools.gnu-tools-for-stm32.13.3.rel1.macos64_1.0.0.202411102158/tools/bin/../lib/gcc/arm-none-eabi/13.3.1/thumb/v7e-m+fp/hard/crtend.o
LOAD /Applications/STM32CubeIDE.app/Contents/Eclipse/plugins/com.st.stm32cube.ide.mcu.externaltools.gnu-tools-for-stm32.13.3.rel1.macos64_1.0.0.202411102158/tools/bin/../lib/gcc/arm-none-eabi/13.3.1/thumb/v7e-m+fp/hard/crtn.o
                0x20020000                        _estack = (ORIGIN (RAM) + LENGTH (RAM))
                0x00000200                        _Min_Heap_Size = 0x200
                0x00000400                        _Min_Stack_Size = 0x400

.isr_vector     0x08000000      0x188
                0x08000000                        . = ALIGN (0x4)
 *(.isr_vector)
 .isr_vector    0x08000000      0x188 ./Core/Startup/startup_stm32f407vgtx.o
                0x08000000                g_pfnVectors
                0x08000188                        . = ALIGN (0x4)

.text           0x08000190     0xc9e4
                0x08000190                        . = ALIGN (0x4)
 *(.text)
 .text          0x08000190       0x40 /Applications/STM32CubeIDE.app/Contents/Eclipse/plugins/com.st.stm32cube.ide.mcu.externaltools.gnu-tools-for-stm32.13.3.rel1.macos64_1.0.0.202411102158/tools/bin/../lib/gcc/arm-none-eabi/13.3.1/thumb/v7e-m+fp/hard/crtbegin.o
 .text          0x080001d0       0x10 /Applications/STM32CubeIDE.app/Contents/Eclipse/plugins/com.st.stm32cube.ide.mcu.externaltools.gnu-tools-for-stm32.13.3.rel1.macos64_1.0.0.202411102158/tools/bin/../lib/gcc/arm-none-eabi/13.3.1/../../../../arm-none-eabi/lib/thumb/v7e-m+fp/hard/libc_nano.a(libc_a-strlen.o)
                0x080001d0                strlen
 .text          0x080001e0       0xa0 /Applications/STM32CubeIDE.app/Contents/Eclipse/plugins/com.st.stm32cube.ide.mcu.externaltools.gnu-tools-for-stm32.13.3.rel1.macos64_1.0.0.202411102158/tools/bin/../lib/gcc/arm-none-eabi/13.3.1/../../../../arm-none-eabi/lib/thumb/v7e-m+fp/hard/libc_nano.a(libc_a-memchr.o)
                0x080001e0                memchr
 .text          0x08000280       0x30 /Applications/STM32CubeIDE.app/Contents/Eclipse/plugins/com.st.stm32cube.ide.mcu.externaltools.gnu-tools-for-stm32.13.3.rel1.macos64_1.0.0.202411102158/tools/bin/../lib/gcc/arm-none-eabi/13.3.1/thumb/v7e-m+fp/hard/libgcc.a(_aeabi_uldivmod.o)
                0x08000280                __aeabi_uldivmod
 .text          0x080002b0      0x2f8 /Applications/STM32CubeIDE.app/Contents/Eclipse/plugins/com.st.stm32cube.ide.mcu.externaltools.gnu-tools-for-stm32.13.3.rel1.macos64_1.0.0.202411102158/tools/bin/../lib/gcc/arm-none-eabi/13.3.1/thumb/v7e-m+fp/hard/libgcc.a(_udivmoddi4.o)
                0x080002b0                __udivmoddi4
 .text          0x080005a8        0x4 /Applications/STM32CubeIDE.app/Contents/Eclipse/plugins/com.st.stm32cube.ide.mcu.externaltools.gnu-tools-for-stm32.13.3.rel1.macos64_1.0.0.202411102158/tools/bin/../lib/gcc/arm-none-eabi/13.3.1/thumb/v7e-m+fp/hard/libgcc.a(_dvmd_tls.o)
                0x080005a8                __aeabi_ldiv0
                0x080005a8                __aeabi_idiv0
 *(.text*)
 .text.antirebote
                0x080005ac       0xa4 ./Core/Src/antirebote.o
                0x080005ac                antirebote
 .text.HAL_ADC_ConvHalfCpltCallback
                0x08000650       0x1c ./Core/Src/control_linearecta.o
                0x08000650                HAL_ADC_ConvHalfCpltCallback
 .text.HAL_ADC_ConvCpltCallback
                0x0800066c       0x1c ./Core/Src/control_linearecta.o
                0x0800066c                HAL_ADC_ConvCpltCallback
 .text.promediar_sensores
                0x08000688       0x7c ./Core/Src/control_linearecta.o
                0x08000688                promediar_sensores
 .text.auto_calibracion
                0x08000704      0x110 ./Core/Src/control_linearecta.o
                0x08000704                auto_calibracion
 .text.controlar_linea_recta
                0x08000814       0x84 ./Core/Src/control_linearecta.o
                0x08000814                controlar_linea_recta
 .text.activar_modo_sprint
                0x08000898       0x28 ./Core/Src/control_motor.o
                0x08000898                activar_modo_sprint
 .text.control_motor_init
                0x080008c0       0x20 ./Core/Src/control_motor.o
                0x080008c0                control_motor_init
 .text.set_motor_izq
                0x080008e0       0x88 ./Core/Src/control_motor.o
                0x080008e0                set_motor_izq
 .text.set_motor_der
                0x08000968       0x88 ./Core/Src/control_motor.o
                0x08000968                set_motor_der
 .text.avanza   0x080009f0       0x28 ./Core/Src/control_motor.o
                0x080009f0                avanza
 .text.gira90izq
                0x08000a18       0x74 ./Core/Src/control_motor.o
                0x08000a18                gira90izq
 .text.gira90der
                0x08000a8c       0x74 ./Core/Src/control_motor.o
                0x08000a8c                gira90der
 .text.gira180  0x08000b00       0x74 ./Core/Src/control_motor.o
                0x08000b00                gira180
 .text.termino  0x08000b74       0x18 ./Core/Src/control_motor.o
                0x08000b74                termino
 .text.correccion_izquierda
                0x08000b8c       0x5c ./Core/Src/control_motor.o
                0x08000b8c                correccion_izquierda
 .text.correccion_derecha
                0x08000be8       0x5c ./Core/Src/control_motor.o
                0x08000be8                correccion_derecha
 .text.laberinto_init
                0x08000c44      0x114 ./Core/Src/laberinto.o
                0x08000c44                laberinto_init
 .text.laberinto_get_peso
                0x08000d58       0x58 ./Core/Src/laberinto.o
                0x08000d58                laberinto_get_peso
 .text.laberinto_set_muro
                0x08000db0       0xc4 ./Core/Src/laberinto.o
                0x08000db0                laberinto_set_muro
 .text.laberinto_recalcular_pesos
                0x08000e74      0x158 ./Core/Src/laberinto.o
                0x08000e74                laberinto_recalcular_pesos
 .text.laberinto_hay_muro
                0x08000fcc       0x60 ./Core/Src/laberinto.o
                0x08000fcc                laberinto_hay_muro
 .text.laberinto_get_posicion_adyacente
                0x0800102c       0x74 ./Core/Src/laberinto.o
                0x0800102c                laberinto_get_posicion_adyacente
 .text.laberinto_posicion_valida
                0x080010a0       0x40 ./Core/Src/laberinto.o
                0x080010a0                laberinto_posicion_valida
 .text.main     0x080010e0       0xb8 ./Core/Src/main.o
                0x080010e0                main
 .text.SystemClock_Config
                0x08001198       0xd4 ./Core/Src/main.o
                0x08001198                SystemClock_Config
 .text.MX_ADC1_Init
                0x0800126c       0xc0 ./Core/Src/main.o
 .text.MX_I2C1_Init
                0x0800132c       0x5c ./Core/Src/main.o
 .text.MX_SPI1_Init
                0x08001388       0x6c ./Core/Src/main.o
 .text.MX_TIM3_Init
                0x080013f4      0x104 ./Core/Src/main.o
 .text.MX_UART5_Init
                0x080014f8       0x54 ./Core/Src/main.o
 .text.MX_DMA_Init
                0x0800154c       0x40 ./Core/Src/main.o
 .text.MX_GPIO_Init
                0x0800158c      0x2b8 ./Core/Src/main.o
 .text.actualizar_posicion
                0x08001844       0x70 ./Core/Src/main.o
                0x08001844                actualizar_posicion
 .text.chequeolinea
                0x080018b4       0xd8 ./Core/Src/main.o
                0x080018b4                chequeolinea
 .text.chequeomuro
                0x0800198c       0x7c ./Core/Src/main.o
                0x0800198c                chequeomuro
 .text.reset_posicion_pushbutton
                0x08001a08       0x8c ./Core/Src/main.o
                0x08001a08                reset_posicion_pushbutton
 .text.HAL_GPIO_EXTI_Callback
                0x08001a94       0x7c ./Core/Src/main.o
                0x08001a94                HAL_GPIO_EXTI_Callback
 .text.Error_Handler
                0x08001b10        0xc ./Core/Src/main.o
                0x08001b10                Error_Handler
 .text.calcular_mejor_direccion
                0x08001b1c      0x184 ./Core/Src/navegacion.o
                0x08001b1c                calcular_mejor_direccion
 .text.ejecutar_movimiento
                0x08001ca0       0x7c ./Core/Src/navegacion.o
                0x08001ca0                ejecutar_movimiento
 .text.HAL_MspInit
                0x08001d1c       0x50 ./Core/Src/stm32f4xx_hal_msp.o
                0x08001d1c                HAL_MspInit
 .text.HAL_ADC_MspInit
                0x08001d6c       0xf0 ./Core/Src/stm32f4xx_hal_msp.o
                0x08001d6c                HAL_ADC_MspInit
 .text.HAL_I2C_MspInit
                0x08001e5c       0x90 ./Core/Src/stm32f4xx_hal_msp.o
                0x08001e5c                HAL_I2C_MspInit
 .text.HAL_SPI_MspInit
                0x08001eec       0x90 ./Core/Src/stm32f4xx_hal_msp.o
                0x08001eec                HAL_SPI_MspInit
 .text.HAL_TIM_Base_MspInit
                0x08001f7c       0x44 ./Core/Src/stm32f4xx_hal_msp.o
                0x08001f7c                HAL_TIM_Base_MspInit
 .text.HAL_TIM_MspPostInit
                0x08001fc0       0x74 ./Core/Src/stm32f4xx_hal_msp.o
                0x08001fc0                HAL_TIM_MspPostInit
 .text.HAL_UART_MspInit
                0x08002034       0xe0 ./Core/Src/stm32f4xx_hal_msp.o
                0x08002034                HAL_UART_MspInit
 .text.NMI_Handler
                0x08002114        0x8 ./Core/Src/stm32f4xx_it.o
                0x08002114                NMI_Handler
 .text.HardFault_Handler
                0x0800211c        0x8 ./Core/Src/stm32f4xx_it.o
                0x0800211c                HardFault_Handler
 .text.MemManage_Handler
                0x08002124        0x8 ./Core/Src/stm32f4xx_it.o
                0x08002124                MemManage_Handler
 .text.BusFault_Handler
                0x0800212c        0x8 ./Core/Src/stm32f4xx_it.o
                0x0800212c                BusFault_Handler
 .text.UsageFault_Handler
                0x08002134        0x8 ./Core/Src/stm32f4xx_it.o
                0x08002134                UsageFault_Handler
 .text.SVC_Handler
                0x0800213c        0xe ./Core/Src/stm32f4xx_it.o
                0x0800213c                SVC_Handler
 .text.DebugMon_Handler
                0x0800214a        0xe ./Core/Src/stm32f4xx_it.o
                0x0800214a                DebugMon_Handler
 .text.PendSV_Handler
                0x08002158        0xe ./Core/Src/stm32f4xx_it.o
                0x08002158                PendSV_Handler
 .text.SysTick_Handler
                0x08002166        0xc ./Core/Src/stm32f4xx_it.o
                0x08002166                SysTick_Handler
 .text.EXTI9_5_IRQHandler
                0x08002172        0xe ./Core/Src/stm32f4xx_it.o
                0x08002172                EXTI9_5_IRQHandler
 .text.UART5_IRQHandler
                0x08002180       0x14 ./Core/Src/stm32f4xx_it.o
                0x08002180                UART5_IRQHandler
 .text.DMA2_Stream0_IRQHandler
                0x08002194       0x14 ./Core/Src/stm32f4xx_it.o
                0x08002194                DMA2_Stream0_IRQHandler
 .text.OTG_FS_IRQHandler
                0x080021a8       0x14 ./Core/Src/stm32f4xx_it.o
                0x080021a8                OTG_FS_IRQHandler
 .text._sbrk    0x080021bc       0x6c ./Core/Src/sysmem.o
                0x080021bc                _sbrk
 .text.SystemInit
                0x08002228       0x24 ./Core/Src/system_stm32f4xx.o
                0x08002228                SystemInit
 .text.Transmision
                0x0800224c       0x40 ./Core/Src/uart.o
                0x0800224c                Transmision
 .text.Inicializar_UART
                0x0800228c       0x54 ./Core/Src/uart.o
                0x0800228c                Inicializar_UART
 .text.Reset_Handler
                0x080022e0       0x50 ./Core/Startup/startup_stm32f407vgtx.o
                0x080022e0                Reset_Handler
 .text.Default_Handler
                0x08002330        0x2 ./Core/Startup/startup_stm32f407vgtx.o
                0x08002330                DMA1_Stream3_IRQHandler
                0x08002330                HASH_RNG_IRQHandler
                0x08002330                EXTI2_IRQHandler
                0x08002330                TIM8_CC_IRQHandler
                0x08002330                TIM1_CC_IRQHandler
                0x08002330                DMA2_Stream5_IRQHandler
                0x08002330                DMA1_Stream5_IRQHandler
                0x08002330                PVD_IRQHandler
                0x08002330                SDIO_IRQHandler
                0x08002330                TAMP_STAMP_IRQHandler
                0x08002330                CAN2_RX1_IRQHandler
                0x08002330                EXTI3_IRQHandler
                0x08002330                TIM8_TRG_COM_TIM14_IRQHandler
                0x08002330                TIM1_UP_TIM10_IRQHandler
                0x08002330                TIM8_UP_TIM13_IRQHandler
                0x08002330                I2C3_ER_IRQHandler
                0x08002330                EXTI0_IRQHandler
                0x08002330                I2C2_EV_IRQHandler
                0x08002330                DMA1_Stream2_IRQHandler
                0x08002330                CAN1_RX0_IRQHandler
                0x08002330                FPU_IRQHandler
                0x08002330                OTG_HS_WKUP_IRQHandler
                0x08002330                CAN2_SCE_IRQHandler
                0x08002330                DMA2_Stream2_IRQHandler
                0x08002330                SPI1_IRQHandler
                0x08002330                TIM6_DAC_IRQHandler
                0x08002330                TIM1_BRK_TIM9_IRQHandler
                0x08002330                DCMI_IRQHandler
                0x08002330                CAN2_RX0_IRQHandler
                0x08002330                DMA2_Stream3_IRQHandler
                0x08002330                USART6_IRQHandler
                0x08002330                USART3_IRQHandler
                0x08002330                CAN1_RX1_IRQHandler
                0x08002330                TIM4_IRQHandler
                0x08002330                I2C1_EV_IRQHandler
                0x08002330                DMA1_Stream6_IRQHandler
                0x08002330                DMA1_Stream1_IRQHandler
                0x08002330                UART4_IRQHandler
                0x08002330                TIM3_IRQHandler
                0x08002330                RCC_IRQHandler
                0x08002330                TIM8_BRK_TIM12_IRQHandler
                0x08002330                Default_Handler
                0x08002330                EXTI15_10_IRQHandler
                0x08002330                ADC_IRQHandler
                0x08002330                DMA1_Stream7_IRQHandler
                0x08002330                TIM7_IRQHandler
                0x08002330                CAN2_TX_IRQHandler
                0x08002330                TIM5_IRQHandler
                0x08002330                DMA2_Stream7_IRQHandler
                0x08002330                I2C3_EV_IRQHandler
                0x08002330                RTC_WKUP_IRQHandler
                0x08002330                ETH_WKUP_IRQHandler
                0x08002330                SPI2_IRQHandler
                0x08002330                OTG_HS_EP1_IN_IRQHandler
                0x08002330                DMA1_Stream0_IRQHandler
                0x08002330                CAN1_TX_IRQHandler
                0x08002330                EXTI4_IRQHandler
                0x08002330                FSMC_IRQHandler
                0x08002330                ETH_IRQHandler
                0x08002330                OTG_HS_EP1_OUT_IRQHandler
                0x08002330                WWDG_IRQHandler
                0x08002330                TIM2_IRQHandler
                0x08002330                OTG_FS_WKUP_IRQHandler
                0x08002330                TIM1_TRG_COM_TIM11_IRQHandler
                0x08002330                OTG_HS_IRQHandler
                0x08002330                EXTI1_IRQHandler
                0x08002330                USART2_IRQHandler
                0x08002330                I2C2_ER_IRQHandler
                0x08002330                DMA2_Stream1_IRQHandler
                0x08002330                CAN1_SCE_IRQHandler
                0x08002330                FLASH_IRQHandler
                0x08002330                DMA2_Stream4_IRQHandler
                0x08002330                USART1_IRQHandler
                0x08002330                SPI3_IRQHandler
                0x08002330                DMA1_Stream4_IRQHandler
                0x08002330                I2C1_ER_IRQHandler
                0x08002330                DMA2_Stream6_IRQHandler
                0x08002330                RTC_Alarm_IRQHandler
 *fill*         0x08002332        0x2 
 .text.HAL_Init
                0x08002334       0x44 ./Drivers/STM32F4xx_HAL_Driver/Src/stm32f4xx_hal.o
                0x08002334                HAL_Init
 .text.HAL_InitTick
                0x08002378       0x60 ./Drivers/STM32F4xx_HAL_Driver/Src/stm32f4xx_hal.o
                0x08002378                HAL_InitTick
 .text.HAL_IncTick
                0x080023d8       0x28 ./Drivers/STM32F4xx_HAL_Driver/Src/stm32f4xx_hal.o
                0x080023d8                HAL_IncTick
 .text.HAL_GetTick
                0x08002400       0x18 ./Drivers/STM32F4xx_HAL_Driver/Src/stm32f4xx_hal.o
                0x08002400                HAL_GetTick
 .text.HAL_Delay
                0x08002418       0x48 ./Drivers/STM32F4xx_HAL_Driver/Src/stm32f4xx_hal.o
                0x08002418                HAL_Delay
 .text.HAL_ADC_Init
                0x08002460       0x86 ./Drivers/STM32F4xx_HAL_Driver/Src/stm32f4xx_hal_adc.o
                0x08002460                HAL_ADC_Init
 *fill*         0x080024e6        0x2 
 .text.HAL_ADC_Start_DMA
                0x080024e8      0x228 ./Drivers/STM32F4xx_HAL_Driver/Src/stm32f4xx_hal_adc.o
                0x080024e8                HAL_ADC_Start_DMA
 .text.HAL_ADC_ErrorCallback
                0x08002710       0x14 ./Drivers/STM32F4xx_HAL_Driver/Src/stm32f4xx_hal_adc.o
                0x08002710                HAL_ADC_ErrorCallback
 .text.HAL_ADC_ConfigChannel
                0x08002724      0x244 ./Drivers/STM32F4xx_HAL_Driver/Src/stm32f4xx_hal_adc.o
                0x08002724                HAL_ADC_ConfigChannel
 .text.ADC_Init
                0x08002968      0x1f8 ./Drivers/STM32F4xx_HAL_Driver/Src/stm32f4xx_hal_adc.o
 .text.ADC_DMAConvCplt
                0x08002b60       0xba ./Drivers/STM32F4xx_HAL_Driver/Src/stm32f4xx_hal_adc.o
 .text.ADC_DMAHalfConvCplt
                0x08002c1a       0x1c ./Drivers/STM32F4xx_HAL_Driver/Src/stm32f4xx_hal_adc.o
 .text.ADC_DMAError
                0x08002c36       0x2e ./Drivers/STM32F4xx_HAL_Driver/Src/stm32f4xx_hal_adc.o
 .text.__NVIC_SetPriorityGrouping
                0x08002c64       0x48 ./Drivers/STM32F4xx_HAL_Driver/Src/stm32f4xx_hal_cortex.o
 .text.__NVIC_GetPriorityGrouping
                0x08002cac       0x1c ./Drivers/STM32F4xx_HAL_Driver/Src/stm32f4xx_hal_cortex.o
 .text.__NVIC_EnableIRQ
                0x08002cc8       0x3c ./Drivers/STM32F4xx_HAL_Driver/Src/stm32f4xx_hal_cortex.o
 .text.__NVIC_DisableIRQ
                0x08002d04       0x48 ./Drivers/STM32F4xx_HAL_Driver/Src/stm32f4xx_hal_cortex.o
 .text.__NVIC_SetPriority
                0x08002d4c       0x54 ./Drivers/STM32F4xx_HAL_Driver/Src/stm32f4xx_hal_cortex.o
 .text.NVIC_EncodePriority
                0x08002da0       0x66 ./Drivers/STM32F4xx_HAL_Driver/Src/stm32f4xx_hal_cortex.o
 *fill*         0x08002e06        0x2 
 .text.SysTick_Config
                0x08002e08       0x44 ./Drivers/STM32F4xx_HAL_Driver/Src/stm32f4xx_hal_cortex.o
 .text.HAL_NVIC_SetPriorityGrouping
                0x08002e4c       0x16 ./Drivers/STM32F4xx_HAL_Driver/Src/stm32f4xx_hal_cortex.o
                0x08002e4c                HAL_NVIC_SetPriorityGrouping
 .text.HAL_NVIC_SetPriority
                0x08002e62       0x38 ./Drivers/STM32F4xx_HAL_Driver/Src/stm32f4xx_hal_cortex.o
                0x08002e62                HAL_NVIC_SetPriority
 .text.HAL_NVIC_EnableIRQ
                0x08002e9a       0x1c ./Drivers/STM32F4xx_HAL_Driver/Src/stm32f4xx_hal_cortex.o
                0x08002e9a                HAL_NVIC_EnableIRQ
 .text.HAL_NVIC_DisableIRQ
                0x08002eb6       0x1c ./Drivers/STM32F4xx_HAL_Driver/Src/stm32f4xx_hal_cortex.o
                0x08002eb6                HAL_NVIC_DisableIRQ
 .text.HAL_SYSTICK_Config
                0x08002ed2       0x18 ./Drivers/STM32F4xx_HAL_Driver/Src/stm32f4xx_hal_cortex.o
                0x08002ed2                HAL_SYSTICK_Config
 *fill*         0x08002eea        0x2 
 .text.HAL_DMA_Init
                0x08002eec      0x15c ./Drivers/STM32F4xx_HAL_Driver/Src/stm32f4xx_hal_dma.o
                0x08002eec                HAL_DMA_Init
 .text.HAL_DMA_Start_IT
                0x08003048       0xb0 ./Drivers/STM32F4xx_HAL_Driver/Src/stm32f4xx_hal_dma.o
                0x08003048                HAL_DMA_Start_IT
 .text.HAL_DMA_Abort
                0x080030f8       0xe0 ./Drivers/STM32F4xx_HAL_Driver/Src/stm32f4xx_hal_dma.o
                0x080030f8                HAL_DMA_Abort
 .text.HAL_DMA_Abort_IT
                0x080031d8       0x44 ./Drivers/STM32F4xx_HAL_Driver/Src/stm32f4xx_hal_dma.o
                0x080031d8                HAL_DMA_Abort_IT
 .text.HAL_DMA_IRQHandler
                0x0800321c      0x314 ./Drivers/STM32F4xx_HAL_Driver/Src/stm32f4xx_hal_dma.o
                0x0800321c                HAL_DMA_IRQHandler
 .text.DMA_SetConfig
                0x08003530       0x5c ./Drivers/STM32F4xx_HAL_Driver/Src/stm32f4xx_hal_dma.o
 .text.DMA_CalcBaseAndBitshift
                0x0800358c       0x6c ./Drivers/STM32F4xx_HAL_Driver/Src/stm32f4xx_hal_dma.o
 .text.DMA_CheckFifoParam
                0x080035f8       0xf8 ./Drivers/STM32F4xx_HAL_Driver/Src/stm32f4xx_hal_dma.o
 .text.HAL_GPIO_Init
                0x080036f0      0x338 ./Drivers/STM32F4xx_HAL_Driver/Src/stm32f4xx_hal_gpio.o
                0x080036f0                HAL_GPIO_Init
 .text.HAL_GPIO_ReadPin
                0x08003a28       0x30 ./Drivers/STM32F4xx_HAL_Driver/Src/stm32f4xx_hal_gpio.o
                0x08003a28                HAL_GPIO_ReadPin
 .text.HAL_GPIO_WritePin
                0x08003a58       0x32 ./Drivers/STM32F4xx_HAL_Driver/Src/stm32f4xx_hal_gpio.o
                0x08003a58                HAL_GPIO_WritePin
 *fill*         0x08003a8a        0x2 
 .text.HAL_GPIO_EXTI_IRQHandler
                0x08003a8c       0x30 ./Drivers/STM32F4xx_HAL_Driver/Src/stm32f4xx_hal_gpio.o
                0x08003a8c                HAL_GPIO_EXTI_IRQHandler
 .text.HAL_HCD_Init
                0x08003abc       0xce ./Drivers/STM32F4xx_HAL_Driver/Src/stm32f4xx_hal_hcd.o
                0x08003abc                HAL_HCD_Init
 .text.HAL_HCD_HC_Init
                0x08003b8a      0x170 ./Drivers/STM32F4xx_HAL_Driver/Src/stm32f4xx_hal_hcd.o
                0x08003b8a                HAL_HCD_HC_Init
 .text.HAL_HCD_HC_Halt
                0x08003cfa       0x46 ./Drivers/STM32F4xx_HAL_Driver/Src/stm32f4xx_hal_hcd.o
                0x08003cfa                HAL_HCD_HC_Halt
 .text.HAL_HCD_HC_SubmitRequest
                0x08003d40      0x33c ./Drivers/STM32F4xx_HAL_Driver/Src/stm32f4xx_hal_hcd.o
                0x08003d40                HAL_HCD_HC_SubmitRequest
 .text.HAL_HCD_IRQHandler
                0x0800407c      0x220 ./Drivers/STM32F4xx_HAL_Driver/Src/stm32f4xx_hal_hcd.o
                0x0800407c                HAL_HCD_IRQHandler
 .text.HAL_HCD_Start
                0x0800429c       0x46 ./Drivers/STM32F4xx_HAL_Driver/Src/stm32f4xx_hal_hcd.o
                0x0800429c                HAL_HCD_Start
 .text.HAL_HCD_Stop
                0x080042e2       0x3a ./Drivers/STM32F4xx_HAL_Driver/Src/stm32f4xx_hal_hcd.o
                0x080042e2                HAL_HCD_Stop
 .text.HAL_HCD_ResetPort
                0x0800431c       0x1c ./Drivers/STM32F4xx_HAL_Driver/Src/stm32f4xx_hal_hcd.o
                0x0800431c                HAL_HCD_ResetPort
 .text.HAL_HCD_HC_GetURBState
                0x08004338       0x2a ./Drivers/STM32F4xx_HAL_Driver/Src/stm32f4xx_hal_hcd.o
                0x08004338                HAL_HCD_HC_GetURBState
 .text.HAL_HCD_HC_GetXferCount
                0x08004362       0x2a ./Drivers/STM32F4xx_HAL_Driver/Src/stm32f4xx_hal_hcd.o
                0x08004362                HAL_HCD_HC_GetXferCount
 .text.HAL_HCD_GetCurrentFrame
                0x0800438c       0x1c ./Drivers/STM32F4xx_HAL_Driver/Src/stm32f4xx_hal_hcd.o
                0x0800438c                HAL_HCD_GetCurrentFrame
 .text.HAL_HCD_GetCurrentSpeed
                0x080043a8       0x1c ./Drivers/STM32F4xx_HAL_Driver/Src/stm32f4xx_hal_hcd.o
                0x080043a8                HAL_HCD_GetCurrentSpeed
 .text.HAL_HCD_HC_ClearHubInfo
                0x080043c4       0x6a ./Drivers/STM32F4xx_HAL_Driver/Src/stm32f4xx_hal_hcd.o
                0x080043c4                HAL_HCD_HC_ClearHubInfo
 .text.HCD_HC_IN_IRQHandler
                0x0800442e      0xcd2 ./Drivers/STM32F4xx_HAL_Driver/Src/stm32f4xx_hal_hcd.o
 .text.HCD_HC_OUT_IRQHandler
                0x08005100      0x97e ./Drivers/STM32F4xx_HAL_Driver/Src/stm32f4xx_hal_hcd.o
 .text.HCD_RXQLVL_IRQHandler
                0x08005a7e      0x1be ./Drivers/STM32F4xx_HAL_Driver/Src/stm32f4xx_hal_hcd.o
 .text.HCD_Port_IRQHandler
                0x08005c3c       0xe6 ./Drivers/STM32F4xx_HAL_Driver/Src/stm32f4xx_hal_hcd.o
 *fill*         0x08005d22        0x2 
 .text.HAL_I2C_Init
                0x08005d24      0x288 ./Drivers/STM32F4xx_HAL_Driver/Src/stm32f4xx_hal_i2c.o
                0x08005d24                HAL_I2C_Init
 .text.HAL_RCC_OscConfig
                0x08005fac      0x4f0 ./Drivers/STM32F4xx_HAL_Driver/Src/stm32f4xx_hal_rcc.o
                0x08005fac                HAL_RCC_OscConfig
 .text.HAL_RCC_ClockConfig
                0x0800649c      0x1cc ./Drivers/STM32F4xx_HAL_Driver/Src/stm32f4xx_hal_rcc.o
                0x0800649c                HAL_RCC_ClockConfig
 .text.HAL_RCC_GetSysClockFreq
                0x08006668      0x20c ./Drivers/STM32F4xx_HAL_Driver/Src/stm32f4xx_hal_rcc.o
                0x08006668                HAL_RCC_GetSysClockFreq
 .text.HAL_RCC_GetHCLKFreq
                0x08006874       0x18 ./Drivers/STM32F4xx_HAL_Driver/Src/stm32f4xx_hal_rcc.o
                0x08006874                HAL_RCC_GetHCLKFreq
 .text.HAL_RCC_GetPCLK1Freq
                0x0800688c       0x28 ./Drivers/STM32F4xx_HAL_Driver/Src/stm32f4xx_hal_rcc.o
                0x0800688c                HAL_RCC_GetPCLK1Freq
 .text.HAL_RCC_GetPCLK2Freq
                0x080068b4       0x28 ./Drivers/STM32F4xx_HAL_Driver/Src/stm32f4xx_hal_rcc.o
                0x080068b4                HAL_RCC_GetPCLK2Freq
 .text.HAL_SPI_Init
                0x080068dc      0x112 ./Drivers/STM32F4xx_HAL_Driver/Src/stm32f4xx_hal_spi.o
                0x080068dc                HAL_SPI_Init
 .text.HAL_TIM_Base_Init
                0x080069ee       0x9e ./Drivers/STM32F4xx_HAL_Driver/Src/stm32f4xx_hal_tim.o
                0x080069ee                HAL_TIM_Base_Init
 .text.HAL_TIM_PWM_Init
                0x08006a8c       0x9e ./Drivers/STM32F4xx_HAL_Driver/Src/stm32f4xx_hal_tim.o
                0x08006a8c                HAL_TIM_PWM_Init
 .text.HAL_TIM_PWM_MspInit
                0x08006b2a       0x14 ./Drivers/STM32F4xx_HAL_Driver/Src/stm32f4xx_hal_tim.o
                0x08006b2a                HAL_TIM_PWM_MspInit
 *fill*         0x08006b3e        0x2 
 .text.HAL_TIM_PWM_Start
                0x08006b40      0x190 ./Drivers/STM32F4xx_HAL_Driver/Src/stm32f4xx_hal_tim.o
                0x08006b40                HAL_TIM_PWM_Start
 .text.HAL_TIM_PWM_ConfigChannel
                0x08006cd0      0x184 ./Drivers/STM32F4xx_HAL_Driver/Src/stm32f4xx_hal_tim.o
                0x08006cd0                HAL_TIM_PWM_ConfigChannel
 .text.HAL_TIM_ConfigClockSource
                0x08006e54      0x18e ./Drivers/STM32F4xx_HAL_Driver/Src/stm32f4xx_hal_tim.o
                0x08006e54                HAL_TIM_ConfigClockSource
 *fill*         0x08006fe2        0x2 
 .text.TIM_Base_SetConfig
                0x08006fe4      0x14c ./Drivers/STM32F4xx_HAL_Driver/Src/stm32f4xx_hal_tim.o
                0x08006fe4                TIM_Base_SetConfig
 .text.TIM_OC1_SetConfig
                0x08007130       0xe0 ./Drivers/STM32F4xx_HAL_Driver/Src/stm32f4xx_hal_tim.o
 .text.TIM_OC2_SetConfig
                0x08007210       0xec ./Drivers/STM32F4xx_HAL_Driver/Src/stm32f4xx_hal_tim.o
                0x08007210                TIM_OC2_SetConfig
 .text.TIM_OC3_SetConfig
                0x080072fc       0xe8 ./Drivers/STM32F4xx_HAL_Driver/Src/stm32f4xx_hal_tim.o
 .text.TIM_OC4_SetConfig
                0x080073e4       0xac ./Drivers/STM32F4xx_HAL_Driver/Src/stm32f4xx_hal_tim.o
 .text.TIM_TI1_ConfigInputStage
                0x08007490       0x5e ./Drivers/STM32F4xx_HAL_Driver/Src/stm32f4xx_hal_tim.o
 .text.TIM_TI2_ConfigInputStage
                0x080074ee       0x60 ./Drivers/STM32F4xx_HAL_Driver/Src/stm32f4xx_hal_tim.o
 .text.TIM_ITRx_SetConfig
                0x0800754e       0x36 ./Drivers/STM32F4xx_HAL_Driver/Src/stm32f4xx_hal_tim.o
 .text.TIM_ETR_SetConfig
                0x08007584       0x40 ./Drivers/STM32F4xx_HAL_Driver/Src/stm32f4xx_hal_tim.o
                0x08007584                TIM_ETR_SetConfig
 .text.TIM_CCxChannelCmd
                0x080075c4       0x4a ./Drivers/STM32F4xx_HAL_Driver/Src/stm32f4xx_hal_tim.o
                0x080075c4                TIM_CCxChannelCmd
 *fill*         0x0800760e        0x2 
 .text.HAL_TIMEx_MasterConfigSynchronization
                0x08007610       0xf8 ./Drivers/STM32F4xx_HAL_Driver/Src/stm32f4xx_hal_tim_ex.o
                0x08007610                HAL_TIMEx_MasterConfigSynchronization
 .text.HAL_UART_Init
                0x08007708       0xa0 ./Drivers/STM32F4xx_HAL_Driver/Src/stm32f4xx_hal_uart.o
                0x08007708                HAL_UART_Init
 .text.HAL_UART_Transmit
                0x080077a8      0x116 ./Drivers/STM32F4xx_HAL_Driver/Src/stm32f4xx_hal_uart.o
                0x080077a8                HAL_UART_Transmit
 .text.HAL_UART_Receive_IT
                0x080078be       0x4a ./Drivers/STM32F4xx_HAL_Driver/Src/stm32f4xx_hal_uart.o
                0x080078be                HAL_UART_Receive_IT
 .text.HAL_UART_IRQHandler
                0x08007908      0x554 ./Drivers/STM32F4xx_HAL_Driver/Src/stm32f4xx_hal_uart.o
                0x08007908                HAL_UART_IRQHandler
 .text.HAL_UART_TxCpltCallback
                0x08007e5c       0x14 ./Drivers/STM32F4xx_HAL_Driver/Src/stm32f4xx_hal_uart.o
                0x08007e5c                HAL_UART_TxCpltCallback
 .text.HAL_UART_RxCpltCallback
                0x08007e70       0x14 ./Drivers/STM32F4xx_HAL_Driver/Src/stm32f4xx_hal_uart.o
                0x08007e70                HAL_UART_RxCpltCallback
 .text.HAL_UART_ErrorCallback
                0x08007e84       0x14 ./Drivers/STM32F4xx_HAL_Driver/Src/stm32f4xx_hal_uart.o
                0x08007e84                HAL_UART_ErrorCallback
 .text.HAL_UARTEx_RxEventCallback
                0x08007e98       0x18 ./Drivers/STM32F4xx_HAL_Driver/Src/stm32f4xx_hal_uart.o
                0x08007e98                HAL_UARTEx_RxEventCallback
 .text.UART_WaitOnFlagUntilTimeout
                0x08007eb0       0xb2 ./Drivers/STM32F4xx_HAL_Driver/Src/stm32f4xx_hal_uart.o
 .text.UART_Start_Receive_IT
                0x08007f62       0x74 ./Drivers/STM32F4xx_HAL_Driver/Src/stm32f4xx_hal_uart.o
                0x08007f62                UART_Start_Receive_IT
 .text.UART_EndRxTransfer
                0x08007fd6       0xc6 ./Drivers/STM32F4xx_HAL_Driver/Src/stm32f4xx_hal_uart.o
 .text.UART_DMAAbortOnError
                0x0800809c       0x22 ./Drivers/STM32F4xx_HAL_Driver/Src/stm32f4xx_hal_uart.o
 .text.UART_Transmit_IT
                0x080080be       0xa0 ./Drivers/STM32F4xx_HAL_Driver/Src/stm32f4xx_hal_uart.o
 .text.UART_EndTransmit_IT
                0x0800815e       0x30 ./Drivers/STM32F4xx_HAL_Driver/Src/stm32f4xx_hal_uart.o
 .text.UART_Receive_IT
                0x0800818e      0x17c ./Drivers/STM32F4xx_HAL_Driver/Src/stm32f4xx_hal_uart.o
 *fill*         0x0800830a        0x2 
 .text.UART_SetConfig
                0x0800830c      0x4e8 ./Drivers/STM32F4xx_HAL_Driver/Src/stm32f4xx_hal_uart.o
 .text.USB_CoreInit
                0x080087f4       0xc8 ./Drivers/STM32F4xx_HAL_Driver/Src/stm32f4xx_ll_usb.o
                0x080087f4                USB_CoreInit
 .text.USB_EnableGlobalInt
                0x080088bc       0x22 ./Drivers/STM32F4xx_HAL_Driver/Src/stm32f4xx_ll_usb.o
                0x080088bc                USB_EnableGlobalInt
 .text.USB_DisableGlobalInt
                0x080088de       0x22 ./Drivers/STM32F4xx_HAL_Driver/Src/stm32f4xx_ll_usb.o
                0x080088de                USB_DisableGlobalInt
 .text.USB_SetCurrentMode
                0x08008900       0x98 ./Drivers/STM32F4xx_HAL_Driver/Src/stm32f4xx_ll_usb.o
                0x08008900                USB_SetCurrentMode
 .text.USB_FlushTxFifo
                0x08008998       0x64 ./Drivers/STM32F4xx_HAL_Driver/Src/stm32f4xx_ll_usb.o
                0x08008998                USB_FlushTxFifo
 .text.USB_FlushRxFifo
                0x080089fc       0x5c ./Drivers/STM32F4xx_HAL_Driver/Src/stm32f4xx_ll_usb.o
                0x080089fc                USB_FlushRxFifo
 .text.USB_WritePacket
                0x08008a58       0x7c ./Drivers/STM32F4xx_HAL_Driver/Src/stm32f4xx_ll_usb.o
                0x08008a58                USB_WritePacket
 .text.USB_ReadPacket
                0x08008ad4       0xb0 ./Drivers/STM32F4xx_HAL_Driver/Src/stm32f4xx_ll_usb.o
                0x08008ad4                USB_ReadPacket
 .text.USB_ReadInterrupts
                0x08008b84       0x26 ./Drivers/STM32F4xx_HAL_Driver/Src/stm32f4xx_ll_usb.o
                0x08008b84                USB_ReadInterrupts
 .text.USB_ReadChInterrupts
                0x08008baa       0x42 ./Drivers/STM32F4xx_HAL_Driver/Src/stm32f4xx_ll_usb.o
                0x08008baa                USB_ReadChInterrupts
 .text.USB_GetMode
                0x08008bec       0x1c ./Drivers/STM32F4xx_HAL_Driver/Src/stm32f4xx_ll_usb.o
                0x08008bec                USB_GetMode
 .text.USB_CoreReset
                0x08008c08       0x70 ./Drivers/STM32F4xx_HAL_Driver/Src/stm32f4xx_ll_usb.o
 .text.USB_HostInit
                0x08008c78      0x188 ./Drivers/STM32F4xx_HAL_Driver/Src/stm32f4xx_ll_usb.o
                0x08008c78                USB_HostInit
 .text.USB_InitFSLSPClkSel
                0x08008e00       0x7a ./Drivers/STM32F4xx_HAL_Driver/Src/stm32f4xx_ll_usb.o
                0x08008e00                USB_InitFSLSPClkSel
 .text.USB_ResetPort
                0x08008e7a       0x54 ./Drivers/STM32F4xx_HAL_Driver/Src/stm32f4xx_ll_usb.o
                0x08008e7a                USB_ResetPort
 .text.USB_DriveVbus
                0x08008ece       0x72 ./Drivers/STM32F4xx_HAL_Driver/Src/stm32f4xx_ll_usb.o
                0x08008ece                USB_DriveVbus
 .text.USB_GetHostSpeed
                0x08008f40       0x2e ./Drivers/STM32F4xx_HAL_Driver/Src/stm32f4xx_ll_usb.o
                0x08008f40                USB_GetHostSpeed
 .text.USB_GetCurrentFrame
                0x08008f6e       0x22 ./Drivers/STM32F4xx_HAL_Driver/Src/stm32f4xx_ll_usb.o
                0x08008f6e                USB_GetCurrentFrame
 .text.USB_HC_Init
                0x08008f90      0x258 ./Drivers/STM32F4xx_HAL_Driver/Src/stm32f4xx_ll_usb.o
                0x08008f90                USB_HC_Init
 .text.USB_HC_StartXfer
                0x080091e8      0x4f4 ./Drivers/STM32F4xx_HAL_Driver/Src/stm32f4xx_ll_usb.o
                0x080091e8                USB_HC_StartXfer
 .text.USB_HC_ReadInterrupt
                0x080096dc       0x22 ./Drivers/STM32F4xx_HAL_Driver/Src/stm32f4xx_ll_usb.o
                0x080096dc                USB_HC_ReadInterrupt
 .text.USB_HC_Halt
                0x080096fe      0x240 ./Drivers/STM32F4xx_HAL_Driver/Src/stm32f4xx_ll_usb.o
                0x080096fe                USB_HC_Halt
 *fill*         0x0800993e        0x2 
 .text.USB_DoPing
                0x08009940       0x78 ./Drivers/STM32F4xx_HAL_Driver/Src/stm32f4xx_ll_usb.o
                0x08009940                USB_DoPing
 .text.USB_StopHost
                0x080099b8      0x124 ./Drivers/STM32F4xx_HAL_Driver/Src/stm32f4xx_ll_usb.o
                0x080099b8                USB_StopHost
 .text.USBH_CDC_InterfaceInit
                0x08009adc      0x2ac ./Middlewares/ST/STM32_USB_Host_Library/Class/CDC/Src/usbh_cdc.o
 .text.USBH_CDC_InterfaceDeInit
                0x08009d88       0xb2 ./Middlewares/ST/STM32_USB_Host_Library/Class/CDC/Src/usbh_cdc.o
 .text.USBH_CDC_ClassRequest
                0x08009e3a       0x3e ./Middlewares/ST/STM32_USB_Host_Library/Class/CDC/Src/usbh_cdc.o
 .text.USBH_CDC_Process
                0x08009e78      0x12c ./Middlewares/ST/STM32_USB_Host_Library/Class/CDC/Src/usbh_cdc.o
 .text.USBH_CDC_SOFProcess
                0x08009fa4       0x16 ./Middlewares/ST/STM32_USB_Host_Library/Class/CDC/Src/usbh_cdc.o
 .text.GetLineCoding
                0x08009fba       0x3e ./Middlewares/ST/STM32_USB_Host_Library/Class/CDC/Src/usbh_cdc.o
 .text.SetLineCoding
                0x08009ff8       0x3e ./Middlewares/ST/STM32_USB_Host_Library/Class/CDC/Src/usbh_cdc.o
 .text.CDC_ProcessTransmission
                0x0800a036       0xec ./Middlewares/ST/STM32_USB_Host_Library/Class/CDC/Src/usbh_cdc.o
 .text.CDC_ProcessReception
                0x0800a122       0xb6 ./Middlewares/ST/STM32_USB_Host_Library/Class/CDC/Src/usbh_cdc.o
 .text.USBH_CDC_TransmitCallback
                0x0800a1d8       0x14 ./Middlewares/ST/STM32_USB_Host_Library/Class/CDC/Src/usbh_cdc.o
                0x0800a1d8                USBH_CDC_TransmitCallback
 .text.USBH_CDC_ReceiveCallback
                0x0800a1ec       0x14 ./Middlewares/ST/STM32_USB_Host_Library/Class/CDC/Src/usbh_cdc.o
                0x0800a1ec                USBH_CDC_ReceiveCallback
 .text.USBH_CDC_LineCodingChanged
                0x0800a200       0x14 ./Middlewares/ST/STM32_USB_Host_Library/Class/CDC/Src/usbh_cdc.o
                0x0800a200                USBH_CDC_LineCodingChanged
 .text.USBH_Init
                0x0800a214       0x74 ./Middlewares/ST/STM32_USB_Host_Library/Core/Src/usbh_core.o
                0x0800a214                USBH_Init
 .text.DeInitStateMachine
                0x0800a288       0xe2 ./Middlewares/ST/STM32_USB_Host_Library/Core/Src/usbh_core.o
 .text.USBH_RegisterClass
                0x0800a36a       0x54 ./Middlewares/ST/STM32_USB_Host_Library/Core/Src/usbh_core.o
                0x0800a36a                USBH_RegisterClass
 .text.USBH_SelectInterface
                0x0800a3be       0x38 ./Middlewares/ST/STM32_USB_Host_Library/Core/Src/usbh_core.o
                0x0800a3be                USBH_SelectInterface
 .text.USBH_FindInterface
                0x0800a3f6       0x8c ./Middlewares/ST/STM32_USB_Host_Library/Core/Src/usbh_core.o
                0x0800a3f6                USBH_FindInterface
 .text.USBH_Start
                0x0800a482       0x20 ./Middlewares/ST/STM32_USB_Host_Library/Core/Src/usbh_core.o
                0x0800a482                USBH_Start
 *fill*         0x0800a4a2        0x2 
 .text.USBH_Process
                0x0800a4a4      0x3d4 ./Middlewares/ST/STM32_USB_Host_Library/Core/Src/usbh_core.o
                0x0800a4a4                USBH_Process
 .text.USBH_HandleEnum
                0x0800a878      0x3c0 ./Middlewares/ST/STM32_USB_Host_Library/Core/Src/usbh_core.o
 .text.USBH_LL_SetTimer
                0x0800ac38       0x1e ./Middlewares/ST/STM32_USB_Host_Library/Core/Src/usbh_core.o
                0x0800ac38                USBH_LL_SetTimer
 .text.USBH_LL_IncTimer
                0x0800ac56       0x24 ./Middlewares/ST/STM32_USB_Host_Library/Core/Src/usbh_core.o
                0x0800ac56                USBH_LL_IncTimer
 .text.USBH_HandleSof
                0x0800ac7a       0x30 ./Middlewares/ST/STM32_USB_Host_Library/Core/Src/usbh_core.o
 .text.USBH_LL_PortEnabled
                0x0800acaa       0x1c ./Middlewares/ST/STM32_USB_Host_Library/Core/Src/usbh_core.o
                0x0800acaa                USBH_LL_PortEnabled
 .text.USBH_LL_PortDisabled
                0x0800acc6       0x24 ./Middlewares/ST/STM32_USB_Host_Library/Core/Src/usbh_core.o
                0x0800acc6                USBH_LL_PortDisabled
 .text.USBH_LL_Connect
                0x0800acea       0x2e ./Middlewares/ST/STM32_USB_Host_Library/Core/Src/usbh_core.o
                0x0800acea                USBH_LL_Connect
 .text.USBH_LL_Disconnect
                0x0800ad18       0x48 ./Middlewares/ST/STM32_USB_Host_Library/Core/Src/usbh_core.o
                0x0800ad18                USBH_LL_Disconnect
 .text.USBH_Get_DevDesc
                0x0800ad60       0x58 ./Middlewares/ST/STM32_USB_Host_Library/Core/Src/usbh_ctlreq.o
                0x0800ad60                USBH_Get_DevDesc
 .text.USBH_Get_CfgDesc
                0x0800adb8       0x54 ./Middlewares/ST/STM32_USB_Host_Library/Core/Src/usbh_ctlreq.o
                0x0800adb8                USBH_Get_CfgDesc
 .text.USBH_Get_StringDesc
                0x0800ae0c       0x68 ./Middlewares/ST/STM32_USB_Host_Library/Core/Src/usbh_ctlreq.o
                0x0800ae0c                USBH_Get_StringDesc
 .text.USBH_GetDescriptor
                0x0800ae74       0x6a ./Middlewares/ST/STM32_USB_Host_Library/Core/Src/usbh_ctlreq.o
                0x0800ae74                USBH_GetDescriptor
 .text.USBH_SetAddress
                0x0800aede       0x48 ./Middlewares/ST/STM32_USB_Host_Library/Core/Src/usbh_ctlreq.o
                0x0800aede                USBH_SetAddress
 .text.USBH_SetCfg
                0x0800af26       0x46 ./Middlewares/ST/STM32_USB_Host_Library/Core/Src/usbh_ctlreq.o
                0x0800af26                USBH_SetCfg
 .text.USBH_SetFeature
                0x0800af6c       0x48 ./Middlewares/ST/STM32_USB_Host_Library/Core/Src/usbh_ctlreq.o
                0x0800af6c                USBH_SetFeature
 .text.USBH_ClrFeature
                0x0800afb4       0x48 ./Middlewares/ST/STM32_USB_Host_Library/Core/Src/usbh_ctlreq.o
                0x0800afb4                USBH_ClrFeature
 .text.USBH_ParseDevDesc
                0x0800affc      0x160 ./Middlewares/ST/STM32_USB_Host_Library/Core/Src/usbh_ctlreq.o
 .text.USBH_ParseCfgDesc
                0x0800b15c      0x1f8 ./Middlewares/ST/STM32_USB_Host_Library/Core/Src/usbh_ctlreq.o
 .text.USBH_ParseInterfaceDesc
                0x0800b354       0x5e ./Middlewares/ST/STM32_USB_Host_Library/Core/Src/usbh_ctlreq.o
 .text.USBH_ParseEPDesc
                0x0800b3b2      0x1d0 ./Middlewares/ST/STM32_USB_Host_Library/Core/Src/usbh_ctlreq.o
 .text.USBH_ParseStringDesc
                0x0800b582       0x66 ./Middlewares/ST/STM32_USB_Host_Library/Core/Src/usbh_ctlreq.o
 .text.USBH_GetNextDesc
                0x0800b5e8       0x34 ./Middlewares/ST/STM32_USB_Host_Library/Core/Src/usbh_ctlreq.o
                0x0800b5e8                USBH_GetNextDesc
 .text.USBH_CtlReq
                0x0800b61c       0x7a ./Middlewares/ST/STM32_USB_Host_Library/Core/Src/usbh_ctlreq.o
                0x0800b61c                USBH_CtlReq
 *fill*         0x0800b696        0x2 
 .text.USBH_HandleControl
                0x0800b698      0x2ec ./Middlewares/ST/STM32_USB_Host_Library/Core/Src/usbh_ctlreq.o
 .text.USBH_CtlSendSetup
                0x0800b984       0x34 ./Middlewares/ST/STM32_USB_Host_Library/Core/Src/usbh_ioreq.o
                0x0800b984                USBH_CtlSendSetup
 .text.USBH_CtlSendData
                0x0800b9b8       0x4a ./Middlewares/ST/STM32_USB_Host_Library/Core/Src/usbh_ioreq.o
                0x0800b9b8                USBH_CtlSendData
 .text.USBH_CtlReceiveData
                0x0800ba02       0x3c ./Middlewares/ST/STM32_USB_Host_Library/Core/Src/usbh_ioreq.o
                0x0800ba02                USBH_CtlReceiveData
 .text.USBH_BulkSendData
                0x0800ba3e       0x4a ./Middlewares/ST/STM32_USB_Host_Library/Core/Src/usbh_ioreq.o
                0x0800ba3e                USBH_BulkSendData
 .text.USBH_BulkReceiveData
                0x0800ba88       0x3c ./Middlewares/ST/STM32_USB_Host_Library/Core/Src/usbh_ioreq.o
                0x0800ba88                USBH_BulkReceiveData
 .text.USBH_OpenPipe
                0x0800bac4       0x3e ./Middlewares/ST/STM32_USB_Host_Library/Core/Src/usbh_pipes.o
                0x0800bac4                USBH_OpenPipe
 .text.USBH_ClosePipe
                0x0800bb02       0x20 ./Middlewares/ST/STM32_USB_Host_Library/Core/Src/usbh_pipes.o
                0x0800bb02                USBH_ClosePipe
 .text.USBH_AllocPipe
                0x0800bb22       0x42 ./Middlewares/ST/STM32_USB_Host_Library/Core/Src/usbh_pipes.o
                0x0800bb22                USBH_AllocPipe
 .text.USBH_FreePipe
                0x0800bb64       0x3c ./Middlewares/ST/STM32_USB_Host_Library/Core/Src/usbh_pipes.o
                0x0800bb64                USBH_FreePipe
 .text.USBH_GetFreePipe
                0x0800bba0       0x48 ./Middlewares/ST/STM32_USB_Host_Library/Core/Src/usbh_pipes.o
 .text.MX_USB_HOST_Init
                0x0800bbe8       0x4c ./USB_HOST/App/usb_host.o
                0x0800bbe8                MX_USB_HOST_Init
 .text.MX_USB_HOST_Process
                0x0800bc34       0x14 ./USB_HOST/App/usb_host.o
                0x0800bc34                MX_USB_HOST_Process
 .text.USBH_UserProcess
                0x0800bc48       0x5c ./USB_HOST/App/usb_host.o
 .text.HAL_HCD_MspInit
                0x0800bca4       0xc4 ./USB_HOST/Target/usbh_conf.o
                0x0800bca4                HAL_HCD_MspInit
 .text.HAL_HCD_SOF_Callback
                0x0800bd68       0x1c ./USB_HOST/Target/usbh_conf.o
                0x0800bd68                HAL_HCD_SOF_Callback
 .text.HAL_HCD_Connect_Callback
                0x0800bd84       0x1c ./USB_HOST/Target/usbh_conf.o
                0x0800bd84                HAL_HCD_Connect_Callback
 .text.HAL_HCD_Disconnect_Callback
                0x0800bda0       0x1c ./USB_HOST/Target/usbh_conf.o
                0x0800bda0                HAL_HCD_Disconnect_Callback
 .text.HAL_HCD_HC_NotifyURBChange_Callback
                0x0800bdbc       0x1c ./USB_HOST/Target/usbh_conf.o
                0x0800bdbc                HAL_HCD_HC_NotifyURBChange_Callback
 .text.HAL_HCD_PortEnabled_Callback
                0x0800bdd8       0x1c ./USB_HOST/Target/usbh_conf.o
                0x0800bdd8                HAL_HCD_PortEnabled_Callback
 .text.HAL_HCD_PortDisabled_Callback
                0x0800bdf4       0x1c ./USB_HOST/Target/usbh_conf.o
                0x0800bdf4                HAL_HCD_PortDisabled_Callback
 .text.USBH_LL_Init
                0x0800be10       0x78 ./USB_HOST/Target/usbh_conf.o
                0x0800be10                USBH_LL_Init
 .text.USBH_LL_Start
                0x0800be88       0x36 ./USB_HOST/Target/usbh_conf.o
                0x0800be88                USBH_LL_Start
 .text.USBH_LL_Stop
                0x0800bebe       0x36 ./USB_HOST/Target/usbh_conf.o
                0x0800bebe                USBH_LL_Stop
 .text.USBH_LL_GetSpeed
                0x0800bef4       0x4e ./USB_HOST/Target/usbh_conf.o
                0x0800bef4                USBH_LL_GetSpeed
 .text.USBH_LL_ResetPort
                0x0800bf42       0x36 ./USB_HOST/Target/usbh_conf.o
                0x0800bf42                USBH_LL_ResetPort
 .text.USBH_LL_GetLastXferSize
                0x0800bf78       0x26 ./USB_HOST/Target/usbh_conf.o
                0x0800bf78                USBH_LL_GetLastXferSize
 .text.USBH_LL_OpenPipe
                0x0800bf9e       0x5e ./USB_HOST/Target/usbh_conf.o
                0x0800bf9e                USBH_LL_OpenPipe
 .text.USBH_LL_ClosePipe
                0x0800bffc       0x3e ./USB_HOST/Target/usbh_conf.o
                0x0800bffc                USBH_LL_ClosePipe
 .text.USBH_LL_SubmitURB
                0x0800c03a       0x62 ./USB_HOST/Target/usbh_conf.o
                0x0800c03a                USBH_LL_SubmitURB
 .text.USBH_LL_GetURBState
                0x0800c09c       0x26 ./USB_HOST/Target/usbh_conf.o
                0x0800c09c                USBH_LL_GetURBState
 .text.USBH_LL_DriverVBUS
                0x0800c0c2       0x2e ./USB_HOST/Target/usbh_conf.o
                0x0800c0c2                USBH_LL_DriverVBUS
 .text.USBH_LL_SetToggle
                0x0800c0f0       0x66 ./USB_HOST/Target/usbh_conf.o
                0x0800c0f0                USBH_LL_SetToggle
 .text.USBH_Delay
                0x0800c156       0x16 ./USB_HOST/Target/usbh_conf.o
                0x0800c156                USBH_Delay
 .text.USBH_Get_USB_Status
                0x0800c16c       0x58 ./USB_HOST/Target/usbh_conf.o
                0x0800c16c                USBH_Get_USB_Status
 .text.MX_DriverVbusFS
                0x0800c1c4       0x38 ./USB_HOST/Target/usbh_platform.o
                0x0800c1c4                MX_DriverVbusFS
 .text.malloc   0x0800c1fc       0x10 /Applications/STM32CubeIDE.app/Contents/Eclipse/plugins/com.st.stm32cube.ide.mcu.externaltools.gnu-tools-for-stm32.13.3.rel1.macos64_1.0.0.202411102158/tools/bin/../lib/gcc/arm-none-eabi/13.3.1/../../../../arm-none-eabi/lib/thumb/v7e-m+fp/hard/libc_nano.a(libc_a-malloc.o)
                0x0800c1fc                malloc
 .text.free     0x0800c20c       0x10 /Applications/STM32CubeIDE.app/Contents/Eclipse/plugins/com.st.stm32cube.ide.mcu.externaltools.gnu-tools-for-stm32.13.3.rel1.macos64_1.0.0.202411102158/tools/bin/../lib/gcc/arm-none-eabi/13.3.1/../../../../arm-none-eabi/lib/thumb/v7e-m+fp/hard/libc_nano.a(libc_a-malloc.o)
                0x0800c20c                free
 .text.sbrk_aligned
                0x0800c21c       0x44 /Applications/STM32CubeIDE.app/Contents/Eclipse/plugins/com.st.stm32cube.ide.mcu.externaltools.gnu-tools-for-stm32.13.3.rel1.macos64_1.0.0.202411102158/tools/bin/../lib/gcc/arm-none-eabi/13.3.1/../../../../arm-none-eabi/lib/thumb/v7e-m+fp/hard/libc_nano.a(libc_a-mallocr.o)
 .text._malloc_r
                0x0800c260      0x100 /Applications/STM32CubeIDE.app/Contents/Eclipse/plugins/com.st.stm32cube.ide.mcu.externaltools.gnu-tools-for-stm32.13.3.rel1.macos64_1.0.0.202411102158/tools/bin/../lib/gcc/arm-none-eabi/13.3.1/../../../../arm-none-eabi/lib/thumb/v7e-m+fp/hard/libc_nano.a(libc_a-mallocr.o)
                0x0800c260                _malloc_r
 .text.__malloc_lock
                0x0800c360        0xc /Applications/STM32CubeIDE.app/Contents/Eclipse/plugins/com.st.stm32cube.ide.mcu.externaltools.gnu-tools-for-stm32.13.3.rel1.macos64_1.0.0.202411102158/tools/bin/../lib/gcc/arm-none-eabi/13.3.1/../../../../arm-none-eabi/lib/thumb/v7e-m+fp/hard/libc_nano.a(libc_a-mlock.o)
                0x0800c360                __malloc_lock
 .text.__malloc_unlock
                0x0800c36c        0xc /Applications/STM32CubeIDE.app/Contents/Eclipse/plugins/com.st.stm32cube.ide.mcu.externaltools.gnu-tools-for-stm32.13.3.rel1.macos64_1.0.0.202411102158/tools/bin/../lib/gcc/arm-none-eabi/13.3.1/../../../../arm-none-eabi/lib/thumb/v7e-m+fp/hard/libc_nano.a(libc_a-mlock.o)
                0x0800c36c                __malloc_unlock
 .text.sprintf  0x0800c378       0x44 /Applications/STM32CubeIDE.app/Contents/Eclipse/plugins/com.st.stm32cube.ide.mcu.externaltools.gnu-tools-for-stm32.13.3.rel1.macos64_1.0.0.202411102158/tools/bin/../lib/gcc/arm-none-eabi/13.3.1/../../../../arm-none-eabi/lib/thumb/v7e-m+fp/hard/libc_nano.a(libc_a-sprintf.o)
                0x0800c378                sprintf
                0x0800c378                siprintf
 .text.memset   0x0800c3bc       0x10 /Applications/STM32CubeIDE.app/Contents/Eclipse/plugins/com.st.stm32cube.ide.mcu.externaltools.gnu-tools-for-stm32.13.3.rel1.macos64_1.0.0.202411102158/tools/bin/../lib/gcc/arm-none-eabi/13.3.1/../../../../arm-none-eabi/lib/thumb/v7e-m+fp/hard/libc_nano.a(libc_a-memset.o)
                0x0800c3bc                memset
 .text._sbrk_r  0x0800c3cc       0x20 /Applications/STM32CubeIDE.app/Contents/Eclipse/plugins/com.st.stm32cube.ide.mcu.externaltools.gnu-tools-for-stm32.13.3.rel1.macos64_1.0.0.202411102158/tools/bin/../lib/gcc/arm-none-eabi/13.3.1/../../../../arm-none-eabi/lib/thumb/v7e-m+fp/hard/libc_nano.a(libc_a-sbrkr.o)
                0x0800c3cc                _sbrk_r
 .text.__errno  0x0800c3ec        0xc /Applications/STM32CubeIDE.app/Contents/Eclipse/plugins/com.st.stm32cube.ide.mcu.externaltools.gnu-tools-for-stm32.13.3.rel1.macos64_1.0.0.202411102158/tools/bin/../lib/gcc/arm-none-eabi/13.3.1/../../../../arm-none-eabi/lib/thumb/v7e-m+fp/hard/libc_nano.a(libc_a-errno.o)
                0x0800c3ec                __errno
 .text.__libc_init_array
                0x0800c3f8       0x48 /Applications/STM32CubeIDE.app/Contents/Eclipse/plugins/com.st.stm32cube.ide.mcu.externaltools.gnu-tools-for-stm32.13.3.rel1.macos64_1.0.0.202411102158/tools/bin/../lib/gcc/arm-none-eabi/13.3.1/../../../../arm-none-eabi/lib/thumb/v7e-m+fp/hard/libc_nano.a(libc_a-init.o)
                0x0800c3f8                __libc_init_array
 .text.__retarget_lock_acquire_recursive
                0x0800c440        0x2 /Applications/STM32CubeIDE.app/Contents/Eclipse/plugins/com.st.stm32cube.ide.mcu.externaltools.gnu-tools-for-stm32.13.3.rel1.macos64_1.0.0.202411102158/tools/bin/../lib/gcc/arm-none-eabi/13.3.1/../../../../arm-none-eabi/lib/thumb/v7e-m+fp/hard/libc_nano.a(libc_a-lock.o)
                0x0800c440                __retarget_lock_acquire_recursive
 .text.__retarget_lock_release_recursive
                0x0800c442        0x2 /Applications/STM32CubeIDE.app/Contents/Eclipse/plugins/com.st.stm32cube.ide.mcu.externaltools.gnu-tools-for-stm32.13.3.rel1.macos64_1.0.0.202411102158/tools/bin/../lib/gcc/arm-none-eabi/13.3.1/../../../../arm-none-eabi/lib/thumb/v7e-m+fp/hard/libc_nano.a(libc_a-lock.o)
                0x0800c442                __retarget_lock_release_recursive
 .text._free_r  0x0800c444       0x94 /Applications/STM32CubeIDE.app/Contents/Eclipse/plugins/com.st.stm32cube.ide.mcu.externaltools.gnu-tools-for-stm32.13.3.rel1.macos64_1.0.0.202411102158/tools/bin/../lib/gcc/arm-none-eabi/13.3.1/../../../../arm-none-eabi/lib/thumb/v7e-m+fp/hard/libc_nano.a(libc_a-freer.o)
                0x0800c444                _free_r
 .text.__ssputs_r
                0x0800c4d8       0xb6 /Applications/STM32CubeIDE.app/Contents/Eclipse/plugins/com.st.stm32cube.ide.mcu.externaltools.gnu-tools-for-stm32.13.3.rel1.macos64_1.0.0.202411102158/tools/bin/../lib/gcc/arm-none-eabi/13.3.1/../../../../arm-none-eabi/lib/thumb/v7e-m+fp/hard/libc_nano.a(libc_a-nano-svfprintf.o)
                0x0800c4d8                __ssputs_r
 *fill*         0x0800c58e        0x2 
 .text._svfprintf_r
                0x0800c590      0x1f8 /Applications/STM32CubeIDE.app/Contents/Eclipse/plugins/com.st.stm32cube.ide.mcu.externaltools.gnu-tools-for-stm32.13.3.rel1.macos64_1.0.0.202411102158/tools/bin/../lib/gcc/arm-none-eabi/13.3.1/../../../../arm-none-eabi/lib/thumb/v7e-m+fp/hard/libc_nano.a(libc_a-nano-svfprintf.o)
                0x0800c590                _svfprintf_r
                0x0800c590                _svfiprintf_r
 .text._printf_common
                0x0800c788       0xda /Applications/STM32CubeIDE.app/Contents/Eclipse/plugins/com.st.stm32cube.ide.mcu.externaltools.gnu-tools-for-stm32.13.3.rel1.macos64_1.0.0.202411102158/tools/bin/../lib/gcc/arm-none-eabi/13.3.1/../../../../arm-none-eabi/lib/thumb/v7e-m+fp/hard/libc_nano.a(libc_a-nano-vfprintf_i.o)
                0x0800c788                _printf_common
 *fill*         0x0800c862        0x2 
 .text._printf_i
                0x0800c864      0x23c /Applications/STM32CubeIDE.app/Contents/Eclipse/plugins/com.st.stm32cube.ide.mcu.externaltools.gnu-tools-for-stm32.13.3.rel1.macos64_1.0.0.202411102158/tools/bin/../lib/gcc/arm-none-eabi/13.3.1/../../../../arm-none-eabi/lib/thumb/v7e-m+fp/hard/libc_nano.a(libc_a-nano-vfprintf_i.o)
                0x0800c864                _printf_i
 .text._realloc_r
                0x0800caa0       0x5c /Applications/STM32CubeIDE.app/Contents/Eclipse/plugins/com.st.stm32cube.ide.mcu.externaltools.gnu-tools-for-stm32.13.3.rel1.macos64_1.0.0.202411102158/tools/bin/../lib/gcc/arm-none-eabi/13.3.1/../../../../arm-none-eabi/lib/thumb/v7e-m+fp/hard/libc_nano.a(libc_a-reallocr.o)
                0x0800caa0                _realloc_r
 .text.memmove  0x0800cafc       0x34 /Applications/STM32CubeIDE.app/Contents/Eclipse/plugins/com.st.stm32cube.ide.mcu.externaltools.gnu-tools-for-stm32.13.3.rel1.macos64_1.0.0.202411102158/tools/bin/../lib/gcc/arm-none-eabi/13.3.1/../../../../arm-none-eabi/lib/thumb/v7e-m+fp/hard/libc_nano.a(libc_a-memmove.o)
                0x0800cafc                memmove
 .text.memcpy   0x0800cb30       0x1c /Applications/STM32CubeIDE.app/Contents/Eclipse/plugins/com.st.stm32cube.ide.mcu.externaltools.gnu-tools-for-stm32.13.3.rel1.macos64_1.0.0.202411102158/tools/bin/../lib/gcc/arm-none-eabi/13.3.1/../../../../arm-none-eabi/lib/thumb/v7e-m+fp/hard/libc_nano.a(libc_a-memcpy-stub.o)
                0x0800cb30                memcpy
 .text._malloc_usable_size_r
                0x0800cb4c       0x10 /Applications/STM32CubeIDE.app/Contents/Eclipse/plugins/com.st.stm32cube.ide.mcu.externaltools.gnu-tools-for-stm32.13.3.rel1.macos64_1.0.0.202411102158/tools/bin/../lib/gcc/arm-none-eabi/13.3.1/../../../../arm-none-eabi/lib/thumb/v7e-m+fp/hard/libc_nano.a(libc_a-msizer.o)
                0x0800cb4c                _malloc_usable_size_r
 *(.glue_7)
 .glue_7        0x0800cb5c        0x0 linker stubs
 *(.glue_7t)
 .glue_7t       0x0800cb5c        0x0 linker stubs
 *(.eh_frame)
 .eh_frame      0x0800cb5c        0x0 /Applications/STM32CubeIDE.app/Contents/Eclipse/plugins/com.st.stm32cube.ide.mcu.externaltools.gnu-tools-for-stm32.13.3.rel1.macos64_1.0.0.202411102158/tools/bin/../lib/gcc/arm-none-eabi/13.3.1/thumb/v7e-m+fp/hard/crtbegin.o
 *(.init)
 .init          0x0800cb5c        0x4 /Applications/STM32CubeIDE.app/Contents/Eclipse/plugins/com.st.stm32cube.ide.mcu.externaltools.gnu-tools-for-stm32.13.3.rel1.macos64_1.0.0.202411102158/tools/bin/../lib/gcc/arm-none-eabi/13.3.1/thumb/v7e-m+fp/hard/crti.o
                0x0800cb5c                _init
 .init          0x0800cb60        0x8 /Applications/STM32CubeIDE.app/Contents/Eclipse/plugins/com.st.stm32cube.ide.mcu.externaltools.gnu-tools-for-stm32.13.3.rel1.macos64_1.0.0.202411102158/tools/bin/../lib/gcc/arm-none-eabi/13.3.1/thumb/v7e-m+fp/hard/crtn.o
 *(.fini)
 .fini          0x0800cb68        0x4 /Applications/STM32CubeIDE.app/Contents/Eclipse/plugins/com.st.stm32cube.ide.mcu.externaltools.gnu-tools-for-stm32.13.3.rel1.macos64_1.0.0.202411102158/tools/bin/../lib/gcc/arm-none-eabi/13.3.1/thumb/v7e-m+fp/hard/crti.o
                0x0800cb68                _fini
 .fini          0x0800cb6c        0x8 /Applications/STM32CubeIDE.app/Contents/Eclipse/plugins/com.st.stm32cube.ide.mcu.externaltools.gnu-tools-for-stm32.13.3.rel1.macos64_1.0.0.202411102158/tools/bin/../lib/gcc/arm-none-eabi/13.3.1/thumb/v7e-m+fp/hard/crtn.o
                0x0800cb74                        . = ALIGN (0x4)
                0x0800cb74                        _etext = .

.vfp11_veneer   0x0800cb74        0x0
 .vfp11_veneer  0x0800cb74        0x0 linker stubs

.v4_bx          0x0800cb74        0x0
 .v4_bx         0x0800cb74        0x0 linker stubs

.iplt           0x0800cb74        0x0
 .iplt          0x0800cb74        0x0 /Applications/STM32CubeIDE.app/Contents/Eclipse/plugins/com.st.stm32cube.ide.mcu.externaltools.gnu-tools-for-stm32.13.3.rel1.macos64_1.0.0.202411102158/tools/bin/../lib/gcc/arm-none-eabi/13.3.1/thumb/v7e-m+fp/hard/crtbegin.o

.rodata         0x0800cb74       0x84
                0x0800cb74                        . = ALIGN (0x4)
 *(.rodata)
 .rodata        0x0800cb74       0x13 ./Core/Src/main.o
 *fill*         0x0800cb87        0x1 
 .rodata        0x0800cb88       0x13 ./Core/Src/uart.o
 *fill*         0x0800cb9b        0x1 
 .rodata        0x0800cb9c        0x4 ./Middlewares/ST/STM32_USB_Host_Library/Class/CDC/Src/usbh_cdc.o
 *(.rodata*)
 .rodata.orden_eval.0
                0x0800cba0        0x4 ./Core/Src/navegacion.o
 .rodata.AHBPrescTable
                0x0800cba4       0x10 ./Core/Src/system_stm32f4xx.o
                0x0800cba4                AHBPrescTable
 .rodata.APBPrescTable
                0x0800cbb4        0x8 ./Core/Src/system_stm32f4xx.o
                0x0800cbb4                APBPrescTable
 .rodata.flagBitshiftOffset.0
                0x0800cbbc        0x8 ./Drivers/STM32F4xx_HAL_Driver/Src/stm32f4xx_hal_dma.o
 .rodata._svfprintf_r.str1.1
                0x0800cbc4       0x33 /Applications/STM32CubeIDE.app/Contents/Eclipse/plugins/com.st.stm32cube.ide.mcu.externaltools.gnu-tools-for-stm32.13.3.rel1.macos64_1.0.0.202411102158/tools/bin/../lib/gcc/arm-none-eabi/13.3.1/../../../../arm-none-eabi/lib/thumb/v7e-m+fp/hard/libc_nano.a(libc_a-nano-svfprintf.o)
                                 0x11 (size before relaxing)
 .rodata._printf_i.str1.1
                0x0800cbf7       0x22 /Applications/STM32CubeIDE.app/Contents/Eclipse/plugins/com.st.stm32cube.ide.mcu.externaltools.gnu-tools-for-stm32.13.3.rel1.macos64_1.0.0.202411102158/tools/bin/../lib/gcc/arm-none-eabi/13.3.1/../../../../arm-none-eabi/lib/thumb/v7e-m+fp/hard/libc_nano.a(libc_a-nano-vfprintf_i.o)
                0x0800cc1c                        . = ALIGN (0x4)
 *fill*         0x0800cbf7        0x1 

.ARM.extab      0x0800cbf8        0x0
                0x0800cbf8                        . = ALIGN (0x4)
 *(.ARM.extab* .gnu.linkonce.armextab.*)
                0x0800cbf8                        . = ALIGN (0x4)

.ARM            0x0800cbf8        0x8
                0x0800cbf8                        . = ALIGN (0x4)
                0x0800cbf8                        __exidx_start = .
 *(.ARM.exidx*)
 .ARM.exidx     0x0800cbf8        0x8 /Applications/STM32CubeIDE.app/Contents/Eclipse/plugins/com.st.stm32cube.ide.mcu.externaltools.gnu-tools-for-stm32.13.3.rel1.macos64_1.0.0.202411102158/tools/bin/../lib/gcc/arm-none-eabi/13.3.1/../../../../arm-none-eabi/lib/thumb/v7e-m+fp/hard/libc_nano.a(libc_a-strlen.o)
 .ARM.exidx     0x0800cc00        0x0 /Applications/STM32CubeIDE.app/Contents/Eclipse/plugins/com.st.stm32cube.ide.mcu.externaltools.gnu-tools-for-stm32.13.3.rel1.macos64_1.0.0.202411102158/tools/bin/../lib/gcc/arm-none-eabi/13.3.1/../../../../arm-none-eabi/lib/thumb/v7e-m+fp/hard/libc_nano.a(libc_a-memchr.o)
                                  0x8 (size before relaxing)
 .ARM.exidx     0x0800cc00        0x0 /Applications/STM32CubeIDE.app/Contents/Eclipse/plugins/com.st.stm32cube.ide.mcu.externaltools.gnu-tools-for-stm32.13.3.rel1.macos64_1.0.0.202411102158/tools/bin/../lib/gcc/arm-none-eabi/13.3.1/thumb/v7e-m+fp/hard/libgcc.a(_udivmoddi4.o)
                                  0x8 (size before relaxing)
                0x0800cc00                        __exidx_end = .
                0x0800cc00                        . = ALIGN (0x4)

.preinit_array  0x0800cc00        0x0
                0x0800cc00                        . = ALIGN (0x4)
                0x0800cc00                        PROVIDE (__preinit_array_start = .)
 *(.preinit_array*)
                0x0800cc00                        PROVIDE (__preinit_array_end = .)
                0x0800cc00                        . = ALIGN (0x4)

.init_array     0x0800cc00        0x4
                0x0800cc00                        . = ALIGN (0x4)
                0x0800cc00                        PROVIDE (__init_array_start = .)
 *(SORT_BY_NAME(.init_array.*))
 *(.init_array*)
 .init_array    0x0800cc00        0x4 /Applications/STM32CubeIDE.app/Contents/Eclipse/plugins/com.st.stm32cube.ide.mcu.externaltools.gnu-tools-for-stm32.13.3.rel1.macos64_1.0.0.202411102158/tools/bin/../lib/gcc/arm-none-eabi/13.3.1/thumb/v7e-m+fp/hard/crtbegin.o
                0x0800cc04                        PROVIDE (__init_array_end = .)
                0x0800cc04                        . = ALIGN (0x4)

.fini_array     0x0800cc04        0x4
                0x0800cc04                        . = ALIGN (0x4)
                [!provide]                        PROVIDE (__fini_array_start = .)
 *(SORT_BY_NAME(.fini_array.*))
 *(.fini_array*)
 .fini_array    0x0800cc04        0x4 /Applications/STM32CubeIDE.app/Contents/Eclipse/plugins/com.st.stm32cube.ide.mcu.externaltools.gnu-tools-for-stm32.13.3.rel1.macos64_1.0.0.202411102158/tools/bin/../lib/gcc/arm-none-eabi/13.3.1/thumb/v7e-m+fp/hard/crtbegin.o
                [!provide]                        PROVIDE (__fini_array_end = .)
                0x0800cc08                        . = ALIGN (0x4)
                0x0800cc08                        _sidata = LOADADDR (.data)

.rel.dyn        0x0800cc08        0x0
 .rel.iplt      0x0800cc08        0x0 /Applications/STM32CubeIDE.app/Contents/Eclipse/plugins/com.st.stm32cube.ide.mcu.externaltools.gnu-tools-for-stm32.13.3.rel1.macos64_1.0.0.202411102158/tools/bin/../lib/gcc/arm-none-eabi/13.3.1/thumb/v7e-m+fp/hard/crtbegin.o

.data           0x20000000       0x98 load address 0x0800cc08
                0x20000000                        . = ALIGN (0x4)
                0x20000000                        _sdata = .
 *(.data)
 *(.data*)
 .data.izq_cerca
                0x20000000        0x2 ./Core/Src/control_linearecta.o
                0x20000000                izq_cerca
 .data.izq_lejos
                0x20000002        0x2 ./Core/Src/control_linearecta.o
                0x20000002                izq_lejos
 .data.izq_centrado
                0x20000004        0x2 ./Core/Src/control_linearecta.o
                0x20000004                izq_centrado
 .data.der_cerca
                0x20000006        0x2 ./Core/Src/control_linearecta.o
                0x20000006                der_cerca
 .data.der_lejos
                0x20000008        0x2 ./Core/Src/control_linearecta.o
                0x20000008                der_lejos
 .data.der_centrado
                0x2000000a        0x2 ./Core/Src/control_linearecta.o
                0x2000000a                der_centrado
 .data.velocidad_actual_izq
                0x2000000c        0x2 ./Core/Src/control_motor.o
                0x2000000c                velocidad_actual_izq
 .data.velocidad_actual_der
                0x2000000e        0x2 ./Core/Src/control_motor.o
                0x2000000e                velocidad_actual_der
 .data.velocidad_giro_actual_izq
                0x20000010        0x2 ./Core/Src/control_motor.o
                0x20000010                velocidad_giro_actual_izq
 .data.velocidad_giro_actual_der
                0x20000012        0x2 ./Core/Src/control_motor.o
                0x20000012                velocidad_giro_actual_der
 .data.fila_actual
                0x20000014        0x1 ./Core/Src/main.o
                0x20000014                fila_actual
 .data.columna_actual
                0x20000015        0x1 ./Core/Src/main.o
                0x20000015                columna_actual
 .data.TIEMPO_AVANCE_LINEA
                0x20000016        0x2 ./Core/Src/main.o
                0x20000016                TIEMPO_AVANCE_LINEA
 .data.ultimo_estado_linea
                0x20000018        0x1 ./Core/Src/main.o
                0x20000018                ultimo_estado_linea
 .data.ultimo_estado_muro
                0x20000019        0x1 ./Core/Src/main.o
                0x20000019                ultimo_estado_muro
 .data.ultima_lectura_valida_linea.0
                0x2000001a        0x1 ./Core/Src/main.o
 *fill*         0x2000001b        0x1 
 .data.SystemCoreClock
                0x2000001c        0x4 ./Core/Src/system_stm32f4xx.o
                0x2000001c                SystemCoreClock
 .data.uwTickPrio
                0x20000020        0x4 ./Drivers/STM32F4xx_HAL_Driver/Src/stm32f4xx_hal.o
                0x20000020                uwTickPrio
 .data.uwTickFreq
                0x20000024        0x1 ./Drivers/STM32F4xx_HAL_Driver/Src/stm32f4xx_hal.o
                0x20000024                uwTickFreq
 *fill*         0x20000025        0x3 
 .data.CDC_Class
                0x20000028       0x20 ./Middlewares/ST/STM32_USB_Host_Library/Class/CDC/Src/usbh_cdc.o
                0x20000028                CDC_Class
 .data._impure_ptr
                0x20000048        0x4 /Applications/STM32CubeIDE.app/Contents/Eclipse/plugins/com.st.stm32cube.ide.mcu.externaltools.gnu-tools-for-stm32.13.3.rel1.macos64_1.0.0.202411102158/tools/bin/../lib/gcc/arm-none-eabi/13.3.1/../../../../arm-none-eabi/lib/thumb/v7e-m+fp/hard/libc_nano.a(libc_a-impure.o)
                0x20000048                _impure_ptr
 .data._impure_data
                0x2000004c       0x4c /Applications/STM32CubeIDE.app/Contents/Eclipse/plugins/com.st.stm32cube.ide.mcu.externaltools.gnu-tools-for-stm32.13.3.rel1.macos64_1.0.0.202411102158/tools/bin/../lib/gcc/arm-none-eabi/13.3.1/../../../../arm-none-eabi/lib/thumb/v7e-m+fp/hard/libc_nano.a(libc_a-impure.o)
                0x2000004c                _impure_data
 *(.RamFunc)
 *(.RamFunc*)
                0x20000098                        . = ALIGN (0x4)
                0x20000098                        _edata = .
                0x0800cca0                        _siccmram = LOADADDR (.ccmram)

.igot.plt       0x20000098        0x0 load address 0x0800cca0
 .igot.plt      0x20000098        0x0 /Applications/STM32CubeIDE.app/Contents/Eclipse/plugins/com.st.stm32cube.ide.mcu.externaltools.gnu-tools-for-stm32.13.3.rel1.macos64_1.0.0.202411102158/tools/bin/../lib/gcc/arm-none-eabi/13.3.1/thumb/v7e-m+fp/hard/crtbegin.o

.ccmram         0x10000000        0x0 load address 0x0800cca0
                0x10000000                        . = ALIGN (0x4)
                0x10000000                        _sccmram = .
 *(.ccmram)
 *(.ccmram*)
                0x10000000                        . = ALIGN (0x4)
                0x10000000                        _eccmram = .
                0x10000000                        . = ALIGN (0x4)

.bss            0x20000098      0xd5c
                0x20000098                        _sbss = .
                0x20000098                        __bss_start__ = _sbss
 *(.bss)
 .bss           0x20000098       0x1c /Applications/STM32CubeIDE.app/Contents/Eclipse/plugins/com.st.stm32cube.ide.mcu.externaltools.gnu-tools-for-stm32.13.3.rel1.macos64_1.0.0.202411102158/tools/bin/../lib/gcc/arm-none-eabi/13.3.1/thumb/v7e-m+fp/hard/crtbegin.o
 *(.bss*)
 .bss.inicializado.1
                0x200000b4       0x10 ./Core/Src/antirebote.o
 .bss.ultimas_lecturas.0
                0x200000c4       0x10 ./Core/Src/antirebote.o
 .bss.sensor_izq_avg
                0x200000d4        0x2 ./Core/Src/control_linearecta.o
                0x200000d4                sensor_izq_avg
 .bss.sensor_der_avg
                0x200000d6        0x2 ./Core/Src/control_linearecta.o
                0x200000d6                sensor_der_avg
 .bss.calibrado
                0x200000d8        0x1 ./Core/Src/control_linearecta.o
                0x200000d8                calibrado
 *fill*         0x200000d9        0x3 
 .bss.laberinto
                0x200000dc       0x70 ./Core/Src/laberinto.o
 .bss.hadc1     0x2000014c       0x48 ./Core/Src/main.o
                0x2000014c                hadc1
 .bss.hdma_adc1
                0x20000194       0x60 ./Core/Src/main.o
                0x20000194                hdma_adc1
 .bss.hi2c1     0x200001f4       0x54 ./Core/Src/main.o
                0x200001f4                hi2c1
 .bss.hspi1     0x20000248       0x58 ./Core/Src/main.o
                0x20000248                hspi1
 .bss.htim3     0x200002a0       0x48 ./Core/Src/main.o
                0x200002a0                htim3
 .bss.huart5    0x200002e8       0x48 ./Core/Src/main.o
                0x200002e8                huart5
 .bss.sentido_actual
                0x20000330        0x1 ./Core/Src/main.o
                0x20000330                sentido_actual
 .bss.terminado
                0x20000331        0x1 ./Core/Src/main.o
                0x20000331                terminado
 *fill*         0x20000332        0x2 
 .bss.dma_buffer
                0x20000334      0x190 ./Core/Src/main.o
                0x20000334                dma_buffer
 .bss.flag_linea_detectada
                0x200004c4        0x1 ./Core/Src/main.o
                0x200004c4                flag_linea_detectada
 .bss.flag_muro_detectado
                0x200004c5        0x1 ./Core/Src/main.o
                0x200004c5                flag_muro_detectado
 *fill*         0x200004c6        0x2 
 .bss.__sbrk_heap_end
                0x200004c8        0x4 ./Core/Src/sysmem.o
 .bss.mensaje   0x200004cc       0x10 ./Core/Src/uart.o
                0x200004cc                mensaje
 .bss.buffer    0x200004dc       0x10 ./Core/Src/uart.o
                0x200004dc                buffer
 .bss.uwTick    0x200004ec        0x4 ./Drivers/STM32F4xx_HAL_Driver/Src/stm32f4xx_hal.o
                0x200004ec                uwTick
 .bss.hUsbHostFS
                0x200004f0      0x3d8 ./USB_HOST/App/usb_host.o
                0x200004f0                hUsbHostFS
 .bss.Appli_state
                0x200008c8        0x1 ./USB_HOST/App/usb_host.o
                0x200008c8                Appli_state
 *fill*         0x200008c9        0x3 
 .bss.hhcd_USB_OTG_FS
                0x200008cc      0x3e0 ./USB_HOST/Target/usbh_conf.o
                0x200008cc                hhcd_USB_OTG_FS
 .bss.__malloc_sbrk_start
                0x20000cac        0x4 /Applications/STM32CubeIDE.app/Contents/Eclipse/plugins/com.st.stm32cube.ide.mcu.externaltools.gnu-tools-for-stm32.13.3.rel1.macos64_1.0.0.202411102158/tools/bin/../lib/gcc/arm-none-eabi/13.3.1/../../../../arm-none-eabi/lib/thumb/v7e-m+fp/hard/libc_nano.a(libc_a-mallocr.o)
                0x20000cac                __malloc_sbrk_start
 .bss.__malloc_free_list
                0x20000cb0        0x4 /Applications/STM32CubeIDE.app/Contents/Eclipse/plugins/com.st.stm32cube.ide.mcu.externaltools.gnu-tools-for-stm32.13.3.rel1.macos64_1.0.0.202411102158/tools/bin/../lib/gcc/arm-none-eabi/13.3.1/../../../../arm-none-eabi/lib/thumb/v7e-m+fp/hard/libc_nano.a(libc_a-mallocr.o)
                0x20000cb0                __malloc_free_list
 .bss.__sf      0x20000cb4      0x138 /Applications/STM32CubeIDE.app/Contents/Eclipse/plugins/com.st.stm32cube.ide.mcu.externaltools.gnu-tools-for-stm32.13.3.rel1.macos64_1.0.0.202411102158/tools/bin/../lib/gcc/arm-none-eabi/13.3.1/../../../../arm-none-eabi/lib/thumb/v7e-m+fp/hard/libc_nano.a(libc_a-findfp.o)
                0x20000cb4                __sf
 .bss.__lock___malloc_recursive_mutex
                0x20000dec        0x1 /Applications/STM32CubeIDE.app/Contents/Eclipse/plugins/com.st.stm32cube.ide.mcu.externaltools.gnu-tools-for-stm32.13.3.rel1.macos64_1.0.0.202411102158/tools/bin/../lib/gcc/arm-none-eabi/13.3.1/../../../../arm-none-eabi/lib/thumb/v7e-m+fp/hard/libc_nano.a(libc_a-lock.o)
                0x20000dec                __lock___malloc_recursive_mutex
 *fill*         0x20000ded        0x3 
 .bss.errno     0x20000df0        0x4 /Applications/STM32CubeIDE.app/Contents/Eclipse/plugins/com.st.stm32cube.ide.mcu.externaltools.gnu-tools-for-stm32.13.3.rel1.macos64_1.0.0.202411102158/tools/bin/../lib/gcc/arm-none-eabi/13.3.1/../../../../arm-none-eabi/lib/thumb/v7e-m+fp/hard/libc_nano.a(libc_a-reent.o)
                0x20000df0                errno
 *(COMMON)
                0x20000df4                        . = ALIGN (0x4)
                0x20000df4                        _ebss = .
                0x20000df4                        __bss_end__ = _ebss

._user_heap_stack
                0x20000df4      0x604
                0x20000df8                        . = ALIGN (0x8)
 *fill*         0x20000df4        0x4 
                [!provide]                        PROVIDE (end = .)
                0x20000df8                        PROVIDE (_end = .)
                0x20000ff8                        . = (. + _Min_Heap_Size)
 *fill*         0x20000df8      0x200 
                0x200013f8                        . = (. + _Min_Stack_Size)
 *fill*         0x20000ff8      0x400 
                0x200013f8                        . = ALIGN (0x8)

/DISCARD/
 libc.a(*)
 libm.a(*)
 libgcc.a(*)

.ARM.attributes
                0x00000000       0x30
 *(.ARM.attributes)
 .ARM.attributes
                0x00000000       0x22 /Applications/STM32CubeIDE.app/Contents/Eclipse/plugins/com.st.stm32cube.ide.mcu.externaltools.gnu-tools-for-stm32.13.3.rel1.macos64_1.0.0.202411102158/tools/bin/../lib/gcc/arm-none-eabi/13.3.1/thumb/v7e-m+fp/hard/crti.o
 .ARM.attributes
                0x00000022       0x34 /Applications/STM32CubeIDE.app/Contents/Eclipse/plugins/com.st.stm32cube.ide.mcu.externaltools.gnu-tools-for-stm32.13.3.rel1.macos64_1.0.0.202411102158/tools/bin/../lib/gcc/arm-none-eabi/13.3.1/thumb/v7e-m+fp/hard/crtbegin.o
 .ARM.attributes
                0x00000056       0x34 ./Core/Src/antirebote.o
 .ARM.attributes
                0x0000008a       0x34 ./Core/Src/control_linearecta.o
 .ARM.attributes
                0x000000be       0x34 ./Core/Src/control_motor.o
 .ARM.attributes
                0x000000f2       0x34 ./Core/Src/laberinto.o
 .ARM.attributes
                0x00000126       0x34 ./Core/Src/main.o
 .ARM.attributes
                0x0000015a       0x34 ./Core/Src/navegacion.o
 .ARM.attributes
                0x0000018e       0x34 ./Core/Src/stm32f4xx_hal_msp.o
 .ARM.attributes
                0x000001c2       0x34 ./Core/Src/stm32f4xx_it.o
 .ARM.attributes
                0x000001f6       0x34 ./Core/Src/sysmem.o
 .ARM.attributes
                0x0000022a       0x34 ./Core/Src/system_stm32f4xx.o
 .ARM.attributes
                0x0000025e       0x34 ./Core/Src/uart.o
 .ARM.attributes
                0x00000292       0x21 ./Core/Startup/startup_stm32f407vgtx.o
 .ARM.attributes
                0x000002b3       0x34 ./Drivers/STM32F4xx_HAL_Driver/Src/stm32f4xx_hal.o
 .ARM.attributes
                0x000002e7       0x34 ./Drivers/STM32F4xx_HAL_Driver/Src/stm32f4xx_hal_adc.o
 .ARM.attributes
                0x0000031b       0x34 ./Drivers/STM32F4xx_HAL_Driver/Src/stm32f4xx_hal_cortex.o
 .ARM.attributes
                0x0000034f       0x34 ./Drivers/STM32F4xx_HAL_Driver/Src/stm32f4xx_hal_dma.o
 .ARM.attributes
                0x00000383       0x34 ./Drivers/STM32F4xx_HAL_Driver/Src/stm32f4xx_hal_gpio.o
 .ARM.attributes
                0x000003b7       0x34 ./Drivers/STM32F4xx_HAL_Driver/Src/stm32f4xx_hal_hcd.o
 .ARM.attributes
                0x000003eb       0x34 ./Drivers/STM32F4xx_HAL_Driver/Src/stm32f4xx_hal_i2c.o
 .ARM.attributes
                0x0000041f       0x34 ./Drivers/STM32F4xx_HAL_Driver/Src/stm32f4xx_hal_rcc.o
 .ARM.attributes
                0x00000453       0x34 ./Drivers/STM32F4xx_HAL_Driver/Src/stm32f4xx_hal_spi.o
 .ARM.attributes
                0x00000487       0x34 ./Drivers/STM32F4xx_HAL_Driver/Src/stm32f4xx_hal_tim.o
 .ARM.attributes
                0x000004bb       0x34 ./Drivers/STM32F4xx_HAL_Driver/Src/stm32f4xx_hal_tim_ex.o
 .ARM.attributes
                0x000004ef       0x34 ./Drivers/STM32F4xx_HAL_Driver/Src/stm32f4xx_hal_uart.o
 .ARM.attributes
                0x00000523       0x34 ./Drivers/STM32F4xx_HAL_Driver/Src/stm32f4xx_ll_usb.o
 .ARM.attributes
                0x00000557       0x34 ./Middlewares/ST/STM32_USB_Host_Library/Class/CDC/Src/usbh_cdc.o
 .ARM.attributes
                0x0000058b       0x34 ./Middlewares/ST/STM32_USB_Host_Library/Core/Src/usbh_core.o
 .ARM.attributes
                0x000005bf       0x34 ./Middlewares/ST/STM32_USB_Host_Library/Core/Src/usbh_ctlreq.o
 .ARM.attributes
                0x000005f3       0x34 ./Middlewares/ST/STM32_USB_Host_Library/Core/Src/usbh_ioreq.o
 .ARM.attributes
                0x00000627       0x34 ./Middlewares/ST/STM32_USB_Host_Library/Core/Src/usbh_pipes.o
 .ARM.attributes
                0x0000065b       0x34 ./USB_HOST/App/usb_host.o
 .ARM.attributes
                0x0000068f       0x34 ./USB_HOST/Target/usbh_conf.o
 .ARM.attributes
                0x000006c3       0x34 ./USB_HOST/Target/usbh_platform.o
 .ARM.attributes
                0x000006f7       0x34 /Applications/STM32CubeIDE.app/Contents/Eclipse/plugins/com.st.stm32cube.ide.mcu.externaltools.gnu-tools-for-stm32.13.3.rel1.macos64_1.0.0.202411102158/tools/bin/../lib/gcc/arm-none-eabi/13.3.1/../../../../arm-none-eabi/lib/thumb/v7e-m+fp/hard/libc_nano.a(libc_a-malloc.o)
 .ARM.attributes
                0x0000072b       0x34 /Applications/STM32CubeIDE.app/Contents/Eclipse/plugins/com.st.stm32cube.ide.mcu.externaltools.gnu-tools-for-stm32.13.3.rel1.macos64_1.0.0.202411102158/tools/bin/../lib/gcc/arm-none-eabi/13.3.1/../../../../arm-none-eabi/lib/thumb/v7e-m+fp/hard/libc_nano.a(libc_a-mallocr.o)
 .ARM.attributes
                0x0000075f       0x34 /Applications/STM32CubeIDE.app/Contents/Eclipse/plugins/com.st.stm32cube.ide.mcu.externaltools.gnu-tools-for-stm32.13.3.rel1.macos64_1.0.0.202411102158/tools/bin/../lib/gcc/arm-none-eabi/13.3.1/../../../../arm-none-eabi/lib/thumb/v7e-m+fp/hard/libc_nano.a(libc_a-mlock.o)
 .ARM.attributes
                0x00000793       0x34 /Applications/STM32CubeIDE.app/Contents/Eclipse/plugins/com.st.stm32cube.ide.mcu.externaltools.gnu-tools-for-stm32.13.3.rel1.macos64_1.0.0.202411102158/tools/bin/../lib/gcc/arm-none-eabi/13.3.1/../../../../arm-none-eabi/lib/thumb/v7e-m+fp/hard/libc_nano.a(libc_a-sprintf.o)
 .ARM.attributes
                0x000007c7       0x34 /Applications/STM32CubeIDE.app/Contents/Eclipse/plugins/com.st.stm32cube.ide.mcu.externaltools.gnu-tools-for-stm32.13.3.rel1.macos64_1.0.0.202411102158/tools/bin/../lib/gcc/arm-none-eabi/13.3.1/../../../../arm-none-eabi/lib/thumb/v7e-m+fp/hard/libc_nano.a(libc_a-findfp.o)
 .ARM.attributes
                0x000007fb       0x34 /Applications/STM32CubeIDE.app/Contents/Eclipse/plugins/com.st.stm32cube.ide.mcu.externaltools.gnu-tools-for-stm32.13.3.rel1.macos64_1.0.0.202411102158/tools/bin/../lib/gcc/arm-none-eabi/13.3.1/../../../../arm-none-eabi/lib/thumb/v7e-m+fp/hard/libc_nano.a(libc_a-memset.o)
 .ARM.attributes
                0x0000082f       0x34 /Applications/STM32CubeIDE.app/Contents/Eclipse/plugins/com.st.stm32cube.ide.mcu.externaltools.gnu-tools-for-stm32.13.3.rel1.macos64_1.0.0.202411102158/tools/bin/../lib/gcc/arm-none-eabi/13.3.1/../../../../arm-none-eabi/lib/thumb/v7e-m+fp/hard/libc_nano.a(libc_a-sbrkr.o)
 .ARM.attributes
                0x00000863       0x34 /Applications/STM32CubeIDE.app/Contents/Eclipse/plugins/com.st.stm32cube.ide.mcu.externaltools.gnu-tools-for-stm32.13.3.rel1.macos64_1.0.0.202411102158/tools/bin/../lib/gcc/arm-none-eabi/13.3.1/../../../../arm-none-eabi/lib/thumb/v7e-m+fp/hard/libc_nano.a(libc_a-errno.o)
 .ARM.attributes
                0x00000897       0x34 /Applications/STM32CubeIDE.app/Contents/Eclipse/plugins/com.st.stm32cube.ide.mcu.externaltools.gnu-tools-for-stm32.13.3.rel1.macos64_1.0.0.202411102158/tools/bin/../lib/gcc/arm-none-eabi/13.3.1/../../../../arm-none-eabi/lib/thumb/v7e-m+fp/hard/libc_nano.a(libc_a-init.o)
 .ARM.attributes
                0x000008cb       0x34 /Applications/STM32CubeIDE.app/Contents/Eclipse/plugins/com.st.stm32cube.ide.mcu.externaltools.gnu-tools-for-stm32.13.3.rel1.macos64_1.0.0.202411102158/tools/bin/../lib/gcc/arm-none-eabi/13.3.1/../../../../arm-none-eabi/lib/thumb/v7e-m+fp/hard/libc_nano.a(libc_a-lock.o)
 .ARM.attributes
                0x000008ff       0x34 /Applications/STM32CubeIDE.app/Contents/Eclipse/plugins/com.st.stm32cube.ide.mcu.externaltools.gnu-tools-for-stm32.13.3.rel1.macos64_1.0.0.202411102158/tools/bin/../lib/gcc/arm-none-eabi/13.3.1/../../../../arm-none-eabi/lib/thumb/v7e-m+fp/hard/libc_nano.a(libc_a-reent.o)
 .ARM.attributes
                0x00000933       0x34 /Applications/STM32CubeIDE.app/Contents/Eclipse/plugins/com.st.stm32cube.ide.mcu.externaltools.gnu-tools-for-stm32.13.3.rel1.macos64_1.0.0.202411102158/tools/bin/../lib/gcc/arm-none-eabi/13.3.1/../../../../arm-none-eabi/lib/thumb/v7e-m+fp/hard/libc_nano.a(libc_a-impure.o)
 .ARM.attributes
                0x00000967       0x17 /Applications/STM32CubeIDE.app/Contents/Eclipse/plugins/com.st.stm32cube.ide.mcu.externaltools.gnu-tools-for-stm32.13.3.rel1.macos64_1.0.0.202411102158/tools/bin/../lib/gcc/arm-none-eabi/13.3.1/../../../../arm-none-eabi/lib/thumb/v7e-m+fp/hard/libc_nano.a(libc_a-strlen.o)
 .ARM.attributes
                0x0000097e       0x34 /Applications/STM32CubeIDE.app/Contents/Eclipse/plugins/com.st.stm32cube.ide.mcu.externaltools.gnu-tools-for-stm32.13.3.rel1.macos64_1.0.0.202411102158/tools/bin/../lib/gcc/arm-none-eabi/13.3.1/../../../../arm-none-eabi/lib/thumb/v7e-m+fp/hard/libc_nano.a(libc_a-freer.o)
 .ARM.attributes
                0x000009b2       0x34 /Applications/STM32CubeIDE.app/Contents/Eclipse/plugins/com.st.stm32cube.ide.mcu.externaltools.gnu-tools-for-stm32.13.3.rel1.macos64_1.0.0.202411102158/tools/bin/../lib/gcc/arm-none-eabi/13.3.1/../../../../arm-none-eabi/lib/thumb/v7e-m+fp/hard/libc_nano.a(libc_a-nano-svfprintf.o)
 .ARM.attributes
                0x000009e6       0x34 /Applications/STM32CubeIDE.app/Contents/Eclipse/plugins/com.st.stm32cube.ide.mcu.externaltools.gnu-tools-for-stm32.13.3.rel1.macos64_1.0.0.202411102158/tools/bin/../lib/gcc/arm-none-eabi/13.3.1/../../../../arm-none-eabi/lib/thumb/v7e-m+fp/hard/libc_nano.a(libc_a-nano-vfprintf_i.o)
 .ARM.attributes
                0x00000a1a       0x34 /Applications/STM32CubeIDE.app/Contents/Eclipse/plugins/com.st.stm32cube.ide.mcu.externaltools.gnu-tools-for-stm32.13.3.rel1.macos64_1.0.0.202411102158/tools/bin/../lib/gcc/arm-none-eabi/13.3.1/../../../../arm-none-eabi/lib/thumb/v7e-m+fp/hard/libc_nano.a(libc_a-reallocr.o)
 .ARM.attributes
                0x00000a4e       0x34 /Applications/STM32CubeIDE.app/Contents/Eclipse/plugins/com.st.stm32cube.ide.mcu.externaltools.gnu-tools-for-stm32.13.3.rel1.macos64_1.0.0.202411102158/tools/bin/../lib/gcc/arm-none-eabi/13.3.1/../../../../arm-none-eabi/lib/thumb/v7e-m+fp/hard/libc_nano.a(libc_a-memmove.o)
 .ARM.attributes
                0x00000a82       0x1c /Applications/STM32CubeIDE.app/Contents/Eclipse/plugins/com.st.stm32cube.ide.mcu.externaltools.gnu-tools-for-stm32.13.3.rel1.macos64_1.0.0.202411102158/tools/bin/../lib/gcc/arm-none-eabi/13.3.1/../../../../arm-none-eabi/lib/thumb/v7e-m+fp/hard/libc_nano.a(libc_a-memchr.o)
 .ARM.attributes
                0x00000a9e       0x34 /Applications/STM32CubeIDE.app/Contents/Eclipse/plugins/com.st.stm32cube.ide.mcu.externaltools.gnu-tools-for-stm32.13.3.rel1.macos64_1.0.0.202411102158/tools/bin/../lib/gcc/arm-none-eabi/13.3.1/../../../../arm-none-eabi/lib/thumb/v7e-m+fp/hard/libc_nano.a(libc_a-memcpy-stub.o)
 .ARM.attributes
                0x00000ad2       0x34 /Applications/STM32CubeIDE.app/Contents/Eclipse/plugins/com.st.stm32cube.ide.mcu.externaltools.gnu-tools-for-stm32.13.3.rel1.macos64_1.0.0.202411102158/tools/bin/../lib/gcc/arm-none-eabi/13.3.1/../../../../arm-none-eabi/lib/thumb/v7e-m+fp/hard/libc_nano.a(libc_a-msizer.o)
 .ARM.attributes
                0x00000b06       0x22 /Applications/STM32CubeIDE.app/Contents/Eclipse/plugins/com.st.stm32cube.ide.mcu.externaltools.gnu-tools-for-stm32.13.3.rel1.macos64_1.0.0.202411102158/tools/bin/../lib/gcc/arm-none-eabi/13.3.1/thumb/v7e-m+fp/hard/libgcc.a(_aeabi_uldivmod.o)
 .ARM.attributes
                0x00000b28       0x34 /Applications/STM32CubeIDE.app/Contents/Eclipse/plugins/com.st.stm32cube.ide.mcu.externaltools.gnu-tools-for-stm32.13.3.rel1.macos64_1.0.0.202411102158/tools/bin/../lib/gcc/arm-none-eabi/13.3.1/thumb/v7e-m+fp/hard/libgcc.a(_udivmoddi4.o)
 .ARM.attributes
                0x00000b5c       0x22 /Applications/STM32CubeIDE.app/Contents/Eclipse/plugins/com.st.stm32cube.ide.mcu.externaltools.gnu-tools-for-stm32.13.3.rel1.macos64_1.0.0.202411102158/tools/bin/../lib/gcc/arm-none-eabi/13.3.1/thumb/v7e-m+fp/hard/libgcc.a(_dvmd_tls.o)
 .ARM.attributes
                0x00000b7e       0x22 /Applications/STM32CubeIDE.app/Contents/Eclipse/plugins/com.st.stm32cube.ide.mcu.externaltools.gnu-tools-for-stm32.13.3.rel1.macos64_1.0.0.202411102158/tools/bin/../lib/gcc/arm-none-eabi/13.3.1/thumb/v7e-m+fp/hard/crtn.o
OUTPUT(stm32-maze-solver.elf elf32-littlearm)
LOAD linker stubs