Archive member included to satisfy reference by file (symbol)

/Applications/STM32CubeIDE.app/Contents/Eclipse/plugins/com.st.stm32cube.ide.mcu.externaltools.gnu-tools-for-stm32.13.3.rel1.macos64_1.0.0.202411102158/tools/bin/../lib/gcc/arm-none-eabi/13.3.1/../../../../arm-none-eabi/lib/thumb/v7e-m+fp/hard/libc_nano.a(libc_a-exit.o)
                              /Applications/STM32CubeIDE.app/Contents/Eclipse/plugins/com.st.stm32cube.ide.mcu.externaltools.gnu-tools-for-stm32.13.3.rel1.macos64_1.0.0.202411102158/tools/bin/../lib/gcc/arm-none-eabi/13.3.1/../../../../arm-none-eabi/lib/thumb/v7e-m+fp/hard/crt0.o (exit)
/Applications/STM32CubeIDE.app/Contents/Eclipse/plugins/com.st.stm32cube.ide.mcu.externaltools.gnu-tools-for-stm32.13.3.rel1.macos64_1.0.0.202411102158/tools/bin/../lib/gcc/arm-none-eabi/13.3.1/../../../../arm-none-eabi/lib/thumb/v7e-m+fp/hard/libc_nano.a(libc_a-malloc.o)
                              ./Middlewares/ST/STM32_USB_Host_Library/Class/CDC/Src/usbh_cdc.o (malloc)
/Applications/STM32CubeIDE.app/Contents/Eclipse/plugins/com.st.stm32cube.ide.mcu.externaltools.gnu-tools-for-stm32.13.3.rel1.macos64_1.0.0.202411102158/tools/bin/../lib/gcc/arm-none-eabi/13.3.1/../../../../arm-none-eabi/lib/thumb/v7e-m+fp/hard/libc_nano.a(libc_a-mallocr.o)
                              /Applications/STM32CubeIDE.app/Contents/Eclipse/plugins/com.st.stm32cube.ide.mcu.externaltools.gnu-tools-for-stm32.13.3.rel1.macos64_1.0.0.202411102158/tools/bin/../lib/gcc/arm-none-eabi/13.3.1/../../../../arm-none-eabi/lib/thumb/v7e-m+fp/hard/libc_nano.a(libc_a-malloc.o) (_malloc_r)
/Applications/STM32CubeIDE.app/Contents/Eclipse/plugins/com.st.stm32cube.ide.mcu.externaltools.gnu-tools-for-stm32.13.3.rel1.macos64_1.0.0.202411102158/tools/bin/../lib/gcc/arm-none-eabi/13.3.1/../../../../arm-none-eabi/lib/thumb/v7e-m+fp/hard/libc_nano.a(libc_a-mlock.o)
                              /Applications/STM32CubeIDE.app/Contents/Eclipse/plugins/com.st.stm32cube.ide.mcu.externaltools.gnu-tools-for-stm32.13.3.rel1.macos64_1.0.0.202411102158/tools/bin/../lib/gcc/arm-none-eabi/13.3.1/../../../../arm-none-eabi/lib/thumb/v7e-m+fp/hard/libc_nano.a(libc_a-mallocr.o) (__malloc_lock)
/Applications/STM32CubeIDE.app/Contents/Eclipse/plugins/com.st.stm32cube.ide.mcu.externaltools.gnu-tools-for-stm32.13.3.rel1.macos64_1.0.0.202411102158/tools/bin/../lib/gcc/arm-none-eabi/13.3.1/../../../../arm-none-eabi/lib/thumb/v7e-m+fp/hard/libc_nano.a(libc_a-findfp.o)
                              /Applications/STM32CubeIDE.app/Contents/Eclipse/plugins/com.st.stm32cube.ide.mcu.externaltools.gnu-tools-for-stm32.13.3.rel1.macos64_1.0.0.202411102158/tools/bin/../lib/gcc/arm-none-eabi/13.3.1/../../../../arm-none-eabi/lib/thumb/v7e-m+fp/hard/libc_nano.a(libc_a-exit.o) (__stdio_exit_handler)
/Applications/STM32CubeIDE.app/Contents/Eclipse/plugins/com.st.stm32cube.ide.mcu.externaltools.gnu-tools-for-stm32.13.3.rel1.macos64_1.0.0.202411102158/tools/bin/../lib/gcc/arm-none-eabi/13.3.1/../../../../arm-none-eabi/lib/thumb/v7e-m+fp/hard/libc_nano.a(libc_a-fwalk.o)
                              /Applications/STM32CubeIDE.app/Contents/Eclipse/plugins/com.st.stm32cube.ide.mcu.externaltools.gnu-tools-for-stm32.13.3.rel1.macos64_1.0.0.202411102158/tools/bin/../lib/gcc/arm-none-eabi/13.3.1/../../../../arm-none-eabi/lib/thumb/v7e-m+fp/hard/libc_nano.a(libc_a-findfp.o) (_fwalk_sglue)
/Applications/STM32CubeIDE.app/Contents/Eclipse/plugins/com.st.stm32cube.ide.mcu.externaltools.gnu-tools-for-stm32.13.3.rel1.macos64_1.0.0.202411102158/tools/bin/../lib/gcc/arm-none-eabi/13.3.1/../../../../arm-none-eabi/lib/thumb/v7e-m+fp/hard/libc_nano.a(libc_a-memset.o)
                              /Applications/STM32CubeIDE.app/Contents/Eclipse/plugins/com.st.stm32cube.ide.mcu.externaltools.gnu-tools-for-stm32.13.3.rel1.macos64_1.0.0.202411102158/tools/bin/../lib/gcc/arm-none-eabi/13.3.1/../../../../arm-none-eabi/lib/thumb/v7e-m+fp/hard/crt0.o (memset)
/Applications/STM32CubeIDE.app/Contents/Eclipse/plugins/com.st.stm32cube.ide.mcu.externaltools.gnu-tools-for-stm32.13.3.rel1.macos64_1.0.0.202411102158/tools/bin/../lib/gcc/arm-none-eabi/13.3.1/../../../../arm-none-eabi/lib/thumb/v7e-m+fp/hard/libc_nano.a(libc_a-sbrkr.o)
                              /Applications/STM32CubeIDE.app/Contents/Eclipse/plugins/com.st.stm32cube.ide.mcu.externaltools.gnu-tools-for-stm32.13.3.rel1.macos64_1.0.0.202411102158/tools/bin/../lib/gcc/arm-none-eabi/13.3.1/../../../../arm-none-eabi/lib/thumb/v7e-m+fp/hard/libc_nano.a(libc_a-mallocr.o) (_sbrk_r)
/Applications/STM32CubeIDE.app/Contents/Eclipse/plugins/com.st.stm32cube.ide.mcu.externaltools.gnu-tools-for-stm32.13.3.rel1.macos64_1.0.0.202411102158/tools/bin/../lib/gcc/arm-none-eabi/13.3.1/../../../../arm-none-eabi/lib/thumb/v7e-m+fp/hard/libc_nano.a(libc_a-errno.o)
                              ./Core/Src/syscalls.o (__errno)
[...]
Memory Configuration

Name             Origin             Length             Attributes
CCMRAM           0x10000000         0x00010000         xrw
RAM              0x20000000         0x00020000         xrw
FLASH            0x08000000         0x00100000         xr
*default*        0x00000000         0xffffffff

Linker script and memory map

LOAD /Applications/STM32CubeIDE.app/Contents/Eclipse/plugins/com.st.stm32cube.ide.mcu.externaltools.gnu-tools-for-stm32.13.3.rel1.macos64_1.0.0.202411102158/tools/bin/../lib/gcc/arm-none-eabi/13.3.1/thumb/v7e-m+fp/hard/crti.o
LOAD /Applications/STM32CubeIDE.app/Contents/Eclipse/plugins/com.st.stm32cube.ide.mcu.externaltools.gnu-tools-for-stm32.13.3.rel1.macos64_1.0.0.202411102158/tools/bin/../lib/gcc/arm-none-eabi/13.3.1/thumb/v7e-m+fp/hard/crtbegin.o
LOAD /Applications/STM32CubeIDE.app/Contents/Eclipse/plugins/com.st.stm32cube.ide.mcu.externaltools.gnu-tools-for-stm32.13.3.rel1.macos64_1.0.0.202411102158/tools/bin/../lib/gcc/arm-none-eabi/13.3.1/../../../../arm-none-eabi/lib/thumb/v7e-m+fp/hard/crt0.o
LOAD ./Core/Src/antirebote.o
LOAD ./Core/Src/control_linearecta.o
LOAD ./Core/Src/control_motor.o
LOAD ./Core/Src/laberinto.o
LOAD ./Core/Src/main.o
LOAD ./Core/Src/navegacion.o
LOAD ./Core/Src/stm32f4xx_hal_msp.o
LOAD ./Core/Src/stm32f4xx_it.o
LOAD ./Core/Src/syscalls.o
LOAD ./Core/Src/sysmem.o
LOAD ./Core/Src/system_stm32f4xx.o
LOAD ./Core/Startup/startup_stm32f407vgtx.o
LOAD ./Drivers/STM32F4xx_HAL_Driver/Src/stm32f4xx_hal.o
LOAD ./Drivers/STM32F4xx_HAL_Driver/Src/stm32f4xx_hal_adc.o
LOAD ./Drivers/STM32F4xx_HAL_Driver/Src/stm32f4xx_hal_adc_ex.o
LOAD ./Drivers/STM32F4xx_HAL_Driver/Src/stm32f4xx_hal_cortex.o
LOAD ./Drivers/STM32F4xx_HAL_Driver/Src/stm32f4xx_hal_dma.o
LOAD ./Drivers/STM32F4xx_HAL_Driver/Src/stm32f4xx_hal_dma_ex.o
LOAD ./Drivers/STM32F4xx_HAL_Driver/Src/stm32f4xx_hal_exti.o
LOAD ./Drivers/STM32F4xx_HAL_Driver/Src/stm32f4xx_hal_flash.o
LOAD ./Drivers/STM32F4xx_HAL_Driver/Src/stm32f4xx_hal_flash_ex.o
LOAD ./Drivers/STM32F4xx_HAL_Driver/Src/stm32f4xx_hal_flash_ramfunc.o
LOAD ./Drivers/STM32F4xx_HAL_Driver/Src/stm32f4xx_hal_gpio.o
LOAD ./Drivers/STM32F4xx_HAL_Driver/Src/stm32f4xx_hal_hcd.o
LOAD ./Drivers/STM32F4xx_HAL_Driver/Src/stm32f4xx_hal_i2c.o
LOAD ./Drivers/STM32F4xx_HAL_Driver/Src/stm32f4xx_hal_i2c_ex.o
LOAD ./Drivers/STM32F4xx_HAL_Driver/Src/stm32f4xx_hal_i2s.o
LOAD ./Drivers/STM32F4xx_HAL_Driver/Src/stm32f4xx_hal_i2s_ex.o
LOAD ./Drivers/STM32F4xx_HAL_Driver/Src/stm32f4xx_hal_pwr.o
LOAD ./Drivers/STM32F4xx_HAL_Driver/Src/stm32f4xx_hal_pwr_ex.o
LOAD ./Drivers/STM32F4xx_HAL_Driver/Src/stm32f4xx_hal_rcc.o
LOAD ./Drivers/STM32F4xx_HAL_Driver/Src/stm32f4xx_hal_rcc_ex.o
LOAD ./Drivers/STM32F4xx_HAL_Driver/Src/stm32f4xx_hal_spi.o
LOAD ./Drivers/STM32F4xx_HAL_Driver/Src/stm32f4xx_hal_tim.o
LOAD ./Drivers/STM32F4xx_HAL_Driver/Src/stm32f4xx_hal_tim_ex.o
LOAD ./Drivers/STM32F4xx_HAL_Driver/Src/stm32f4xx_ll_adc.o
LOAD ./Drivers/STM32F4xx_HAL_Driver/Src/stm32f4xx_ll_usb.o
LOAD ./Middlewares/ST/STM32_USB_Host_Library/Class/CDC/Src/usbh_cdc.o
LOAD ./Middlewares/ST/STM32_USB_Host_Library/Core/Src/usbh_core.o
LOAD ./Middlewares/ST/STM32_USB_Host_Library/Core/Src/usbh_ctlreq.o
LOAD ./Middlewares/ST/STM32_USB_Host_Library/Core/Src/usbh_ioreq.o
LOAD ./Middlewares/ST/STM32_USB_Host_Library/Core/Src/usbh_pipes.o
LOAD ./USB_HOST/App/usb_host.o
LOAD ./USB_HOST/Target/usbh_conf.o
LOAD ./USB_HOST/Target/usbh_platform.o
START GROUP
LOAD /Applications/STM32CubeIDE.app/Contents/Eclipse/plugins/com.st.stm32cube.ide.mcu.externaltools.gnu-tools-for-stm32.13.3.rel1.macos64_1.0.0.202411102158/tools/bin/../lib/gcc/arm-none-eabi/13.3.1/../../../../arm-none-eabi/lib/thumb/v7e-m+fp/hard/libc_nano.a
LOAD /Applications/STM32CubeIDE.app/Contents/Eclipse/plugins/com.st.stm32cube.ide.mcu.externaltools.gnu-tools-for-stm32.13.3.rel1.macos64_1.0.0.202411102158/tools/bin/../lib/gcc/arm-none-eabi/13.3.1/../../../../arm-none-eabi/lib/thumb/v7e-m+fp/hard/libm.a
END GROUP
START GROUP
LOAD /Applications/STM32CubeIDE.app/Contents/Eclipse/plugins/com.st.stm32cube.ide.mcu.externaltools.gnu-tools-for-stm32.13.3.rel1.macos64_1.0.0.202411102158/tools/bin/../lib/gcc/arm-none-eabi/13.3.1/thumb/v7e-m+fp/hard/libgcc.a
LOAD /Applications/STM32CubeIDE.app/Contents/Eclipse/plugins/com.st.stm32cube.ide.mcu.externaltools.gnu-tools-for-stm32.13.3.rel1.macos64_1.0.0.202411102158/tools/bin/../lib/gcc/arm-none-eabi/13.3.1/../../../../arm-none-eabi/lib/thumb/v7e-m+fp/hard/libc_nano.a
END GROUP
START GROUP
LOAD /Applications/STM32CubeIDE.app/Contents/Eclipse/plugins/com.st.stm32cube.ide.mcu.externaltools.gnu-tools-for-stm32.13.3.rel1.macos64_1.0.0.202411102158/tools/bin/../lib/gcc/arm-none-eabi/13.3.1/thumb/v7e-m+fp/hard/libgcc.a
LOAD /Applications/STM32CubeIDE.app/Contents/Eclipse/plugins/com.st.stm32cube.ide.mcu.externaltools.gnu-tools-for-stm32.13.3.rel1.macos64_1.0.0.202411102158/tools/bin/../lib/gcc/arm-none-eabi/13.3.1/../../../../arm-none-eabi/lib/thumb/v7e-m+fp/hard/libc_nano.a
LOAD /Applications/STM32CubeIDE.app/Contents/Eclipse/plugins/com.st.stm32cube.ide.mcu.externaltools.gnu-tools-for-stm32.13.3.rel1.macos64_1.0.0.202411102158/tools/bin/../lib/gcc/arm-none-eabi/13.3.1/../../../../arm-none-eabi/lib/thumb/v7e-m+fp/hard/libnosys.a
END GROUP
START GROUP
LOAD /Applications/STM32CubeIDE.app/Contents/Eclipse/plugins/com.st.stm32cube.ide.mcu.externaltools.gnu-tools-for-stm32.13.3.rel1.macos64_1.0.0.202411102158/tools/bin/../lib/gcc/arm-none-eabi/13.3.1/thumb/v7e-m+fp/hard/libgcc.a
LOAD /Applications/STM32CubeIDE.app/Contents/Eclipse/plugins/com.st.stm32cube.ide.mcu.externaltools.gnu-tools-for-stm32.13.3.rel1.macos64_1.0.0.202411102158/tools/bin/../lib/gcc/arm-none-eabi/13.3.1/../../../../arm-none-eabi/lib/thumb/v7e-m+fp/hard/libc_nano.a
LOAD /Applications/STM32CubeIDE.app/Contents/Eclipse/plugins/com.st.stm32cube.ide.mcu.externaltools.gnu-tools-for-stm32.13.3.rel1.macos64_1.0.0.202411102158/tools/bin/../lib/gcc/arm-none-eabi/13.3.1/../../../../arm-none-eabi/lib/thumb/v7e-m+fp/hard/libnosys.a
END GROUP
LOAD /Applications/STM32CubeIDE.app/Contents/Eclipse/plugins/com.st.stm32cube.ide.mcu.externaltools.gnu-tools-for-stm32.13.3.rel1.macos64_1.0.0.202411102158/tools/bin/../lib/gcc/arm-none-eabi/13.3.1/thumb/v7e-m+fp/hard/crtend.o
LOAD /Applications/STM32CubeIDE.app/Contents/Eclipse/plugins/com.st.stm32cube.ide.mcu.externaltools.gnu-tools-for-stm32.13.3.rel1.macos64_1.0.0.202411102158/tools/bin/../lib/gcc/arm-none-eabi/13.3.1/thumb/v7e-m+fp/hard/crtn.o
                0x20020000                        _estack = (ORIGIN (RAM) + LENGTH (RAM))
                0x00000200                        _Min_Heap_Size = 0x200
                0x00000400                        _Min_Stack_Size = 0x400

.isr_vector     0x08000000      0x188
                0x08000000                        . = ALIGN (0x4)
 *(.isr_vector)
 .isr_vector    0x08000000      0x188 ./Core/Startup/startup_stm32f407vgtx.o
                0x08000000                g_pfnVectors
                0x08000188                        . = ALIGN (0x4)

.text           0x08000188     0xb760
                0x08000188                        . = ALIGN (0x4)
 *(.text)
 .text          0x08000188       0x40 /Applications/STM32CubeIDE.app/Contents/Eclipse/plugins/com.st.stm32cube.ide.mcu.externaltools.gnu-tools-for-stm32.13.3.rel1.macos64_1.0.0.202411102158/tools/bin/../lib/gcc/arm-none-eabi/13.3.1/thumb/v7e-m+fp/hard/crtbegin.o
 .text          0x080001c8       0x30 /Applications/STM32CubeIDE.app/Contents/Eclipse/plugins/com.st.stm32cube.ide.mcu.externaltools.gnu-tools-for-stm32.13.3.rel1.macos64_1.0.0.202411102158/tools/bin/../lib/gcc/arm-none-eabi/13.3.1/thumb/v7e-m+fp/hard/libgcc.a(_aeabi_uldivmod.o)
                0x080001c8                __aeabi_uldivmod
 .text          0x080001f8      0x2f8 /Applications/STM32CubeIDE.app/Contents/Eclipse/plugins/com.st.stm32cube.ide.mcu.externaltools.gnu-tools-for-stm32.13.3.rel1.macos64_1.0.0.202411102158/tools/bin/../lib/gcc/arm-none-eabi/13.3.1/thumb/v7e-m+fp/hard/libgcc.a(_udivmoddi4.o)
                0x080001f8                __udivmoddi4
 .text          0x080004f0        0x4 /Applications/STM32CubeIDE.app/Contents/Eclipse/plugins/com.st.stm32cube.ide.mcu.externaltools.gnu-tools-for-stm32.13.3.rel1.macos64_1.0.0.202411102158/tools/bin/../lib/gcc/arm-none-eabi/13.3.1/thumb/v7e-m+fp/hard/libgcc.a(_dvmd_tls.o)
                0x080004f0                __aeabi_ldiv0
                0x080004f0                __aeabi_idiv0
 *(.text*)
 .text.antirebote
                0x080004f4       0xa4 ./Core/Src/antirebote.o
                0x080004f4                antirebote
 .text.HAL_ADC_ConvHalfCpltCallback
                0x08000598       0x1c ./Core/Src/control_linearecta.o
                0x08000598                HAL_ADC_ConvHalfCpltCallback
 .text.HAL_ADC_ConvCpltCallback
                0x080005b4       0x1c ./Core/Src/control_linearecta.o
                0x080005b4                HAL_ADC_ConvCpltCallback
 .text.promediar_sensores
                0x080005d0       0x7c ./Core/Src/control_linearecta.o
                0x080005d0                promediar_sensores
 .text.activar_modo_sprint
                0x0800064c       0x28 ./Core/Src/control_motor.o
                0x0800064c                activar_modo_sprint
 .text.control_motor_init
                0x08000674       0x20 ./Core/Src/control_motor.o
                0x08000674                control_motor_init
 .text.set_motor_izq
                0x08000694       0x88 ./Core/Src/control_motor.o
                0x08000694                set_motor_izq
 .text.set_motor_der
                0x0800071c       0x88 ./Core/Src/control_motor.o
                0x0800071c                set_motor_der
 .text.avanza   0x080007a4       0x28 ./Core/Src/control_motor.o
                0x080007a4                avanza
 .text.gira90izq
                0x080007cc       0x74 ./Core/Src/control_motor.o
                0x080007cc                gira90izq
 .text.gira90der
                0x08000840       0x74 ./Core/Src/control_motor.o
                0x08000840                gira90der
 .text.gira180  0x080008b4       0x74 ./Core/Src/control_motor.o
                0x080008b4                gira180
 .text.termino  0x08000928       0x18 ./Core/Src/control_motor.o
                0x08000928                termino
 .text.laberinto_get_peso
                0x08000940       0x58 ./Core/Src/laberinto.o
                0x08000940                laberinto_get_peso
 .text.laberinto_set_muro
                0x08000998       0xc4 ./Core/Src/laberinto.o
                0x08000998                laberinto_set_muro
 .text.laberinto_recalcular_pesos
                0x08000a5c      0x158 ./Core/Src/laberinto.o
                0x08000a5c                laberinto_recalcular_pesos
 .text.laberinto_hay_muro
                0x08000bb4       0x60 ./Core/Src/laberinto.o
                0x08000bb4                laberinto_hay_muro
 .text.laberinto_get_posicion_adyacente
                0x08000c14       0x74 ./Core/Src/laberinto.o
                0x08000c14                laberinto_get_posicion_adyacente
 .text.laberinto_posicion_valida
                0x08000c88       0x40 ./Core/Src/laberinto.o
                0x08000c88                laberinto_posicion_valida
 .text.main     0x08000cc8       0x98 ./Core/Src/main.o
                0x08000cc8                main
 .text.SystemClock_Config
                0x08000d60       0xd4 ./Core/Src/main.o
                0x08000d60                SystemClock_Config
 .text.MX_ADC1_Init
                0x08000e34       0xc0 ./Core/Src/main.o
 .text.MX_I2C1_Init
                0x08000ef4       0x5c ./Core/Src/main.o
 .text.MX_I2S3_Init
                0x08000f50       0x5c ./Core/Src/main.o
 .text.MX_SPI1_Init
                0x08000fac       0x6c ./Core/Src/main.o
 .text.MX_TIM3_Init
                0x08001018      0x104 ./Core/Src/main.o
 .text.MX_DMA_Init
                0x0800111c       0x40 ./Core/Src/main.o
 .text.MX_GPIO_Init
                0x0800115c      0x24c ./Core/Src/main.o
 .text.actualizar_posicion
                0x080013a8       0x70 ./Core/Src/main.o
                0x080013a8                actualizar_posicion
 .text.chequeolinea
                0x08001418       0x90 ./Core/Src/main.o
                0x08001418                chequeolinea
 .text.chequeomuro
                0x080014a8       0x6c ./Core/Src/main.o
                0x080014a8                chequeomuro
 .text.reset_posicion_pushbutton
                0x08001514       0x8c ./Core/Src/main.o
                0x08001514                reset_posicion_pushbutton
 .text.HAL_GPIO_EXTI_Callback
                0x080015a0       0xa0 ./Core/Src/main.o
                0x080015a0                HAL_GPIO_EXTI_Callback
 .text.Error_Handler
                0x08001640        0xc ./Core/Src/main.o
                0x08001640                Error_Handler
 .text.calcular_mejor_direccion
                0x0800164c      0x184 ./Core/Src/navegacion.o
                0x0800164c                calcular_mejor_direccion
 .text.ejecutar_movimiento
                0x080017d0       0x7c ./Core/Src/navegacion.o
                0x080017d0                ejecutar_movimiento
 .text.HAL_MspInit
                0x0800184c       0x50 ./Core/Src/stm32f4xx_hal_msp.o
                0x0800184c                HAL_MspInit
 .text.HAL_ADC_MspInit
                0x0800189c       0xf0 ./Core/Src/stm32f4xx_hal_msp.o
                0x0800189c                HAL_ADC_MspInit
 .text.HAL_I2C_MspInit
                0x0800198c       0x90 ./Core/Src/stm32f4xx_hal_msp.o
                0x0800198c                HAL_I2C_MspInit
 .text.HAL_I2S_MspInit
                0x08001a1c      0x100 ./Core/Src/stm32f4xx_hal_msp.o
                0x08001a1c                HAL_I2S_MspInit
 .text.HAL_SPI_MspInit
                0x08001b1c       0x90 ./Core/Src/stm32f4xx_hal_msp.o
                0x08001b1c                HAL_SPI_MspInit
 .text.HAL_TIM_Base_MspInit
                0x08001bac       0x44 ./Core/Src/stm32f4xx_hal_msp.o
                0x08001bac                HAL_TIM_Base_MspInit
 .text.HAL_TIM_MspPostInit
                0x08001bf0       0x74 ./Core/Src/stm32f4xx_hal_msp.o
                0x08001bf0                HAL_TIM_MspPostInit
 .text.NMI_Handler
                0x08001c64        0x8 ./Core/Src/stm32f4xx_it.o
                0x08001c64                NMI_Handler
 .text.HardFault_Handler
                0x08001c6c        0x8 ./Core/Src/stm32f4xx_it.o
                0x08001c6c                HardFault_Handler
 .text.MemManage_Handler
                0x08001c74        0x8 ./Core/Src/stm32f4xx_it.o
                0x08001c74                MemManage_Handler
 .text.BusFault_Handler
                0x08001c7c        0x8 ./Core/Src/stm32f4xx_it.o
                0x08001c7c                BusFault_Handler
 .text.UsageFault_Handler
                0x08001c84        0x8 ./Core/Src/stm32f4xx_it.o
                0x08001c84                UsageFault_Handler
 .text.SVC_Handler
                0x08001c8c        0xe ./Core/Src/stm32f4xx_it.o
                0x08001c8c                SVC_Handler
 .text.DebugMon_Handler
                0x08001c9a        0xe ./Core/Src/stm32f4xx_it.o
                0x08001c9a                DebugMon_Handler
 .text.PendSV_Handler
                0x08001ca8        0xe ./Core/Src/stm32f4xx_it.o
                0x08001ca8                PendSV_Handler
 .text.SysTick_Handler
                0x08001cb6        0xc ./Core/Src/stm32f4xx_it.o
                0x08001cb6                SysTick_Handler
 .text.EXTI9_5_IRQHandler
                0x08001cc2       0x14 ./Core/Src/stm32f4xx_it.o
                0x08001cc2                EXTI9_5_IRQHandler
 *fill*         0x08001cd6        0x2 
 .text.DMA2_Stream0_IRQHandler
                0x08001cd8       0x14 ./Core/Src/stm32f4xx_it.o
                0x08001cd8                DMA2_Stream0_IRQHandler
 .text.OTG_FS_IRQHandler
                0x08001cec       0x14 ./Core/Src/stm32f4xx_it.o
                0x08001cec                OTG_FS_IRQHandler
 .text._sbrk    0x08001d00       0x6c ./Core/Src/sysmem.o
                0x08001d00                _sbrk
 .text.SystemInit
                0x08001d6c       0x24 ./Core/Src/system_stm32f4xx.o
                0x08001d6c                SystemInit
 .text.Reset_Handler
                0x08001d90       0x50 ./Core/Startup/startup_stm32f407vgtx.o
                0x08001d90                Reset_Handler
 .text.Default_Handler
                0x08001de0        0x2 ./Core/Startup/startup_stm32f407vgtx.o
                0x08001de0                DMA1_Stream3_IRQHandler
                0x08001de0                HASH_RNG_IRQHandler
                0x08001de0                EXTI2_IRQHandler
                0x08001de0                TIM8_CC_IRQHandler
                0x08001de0                TIM1_CC_IRQHandler
                0x08001de0                DMA2_Stream5_IRQHandler
                0x08001de0                DMA1_Stream5_IRQHandler
                0x08001de0                PVD_IRQHandler
                0x08001de0                SDIO_IRQHandler
                0x08001de0                TAMP_STAMP_IRQHandler
                0x08001de0                CAN2_RX1_IRQHandler
                0x08001de0                EXTI3_IRQHandler
                0x08001de0                TIM8_TRG_COM_TIM14_IRQHandler
                0x08001de0                TIM1_UP_TIM10_IRQHandler
                0x08001de0                TIM8_UP_TIM13_IRQHandler
                0x08001de0                I2C3_ER_IRQHandler
                0x08001de0                EXTI0_IRQHandler
                0x08001de0                I2C2_EV_IRQHandler
                0x08001de0                DMA1_Stream2_IRQHandler
                0x08001de0                CAN1_RX0_IRQHandler
                0x08001de0                FPU_IRQHandler
                0x08001de0                OTG_HS_WKUP_IRQHandler
                0x08001de0                CAN2_SCE_IRQHandler
                0x08001de0                DMA2_Stream2_IRQHandler
                0x08001de0                SPI1_IRQHandler
                0x08001de0                TIM6_DAC_IRQHandler
                0x08001de0                TIM1_BRK_TIM9_IRQHandler
                0x08001de0                DCMI_IRQHandler
                0x08001de0                CAN2_RX0_IRQHandler
                0x08001de0                DMA2_Stream3_IRQHandler
                0x08001de0                USART6_IRQHandler
                0x08001de0                USART3_IRQHandler
                0x08001de0                CAN1_RX1_IRQHandler
                0x08001de0                UART5_IRQHandler
                0x08001de0                TIM4_IRQHandler
                0x08001de0                I2C1_EV_IRQHandler
                0x08001de0                DMA1_Stream6_IRQHandler
                0x08001de0                DMA1_Stream1_IRQHandler
                0x08001de0                UART4_IRQHandler
                0x08001de0                TIM3_IRQHandler
                0x08001de0                RCC_IRQHandler
                0x08001de0                TIM8_BRK_TIM12_IRQHandler
                0x08001de0                Default_Handler
                0x08001de0                EXTI15_10_IRQHandler
                0x08001de0                ADC_IRQHandler
                0x08001de0                DMA1_Stream7_IRQHandler
                0x08001de0                TIM7_IRQHandler
                0x08001de0                CAN2_TX_IRQHandler
                0x08001de0                TIM5_IRQHandler
                0x08001de0                DMA2_Stream7_IRQHandler
                0x08001de0                I2C3_EV_IRQHandler
                0x08001de0                RTC_WKUP_IRQHandler
                0x08001de0                ETH_WKUP_IRQHandler
                0x08001de0                SPI2_IRQHandler
                0x08001de0                OTG_HS_EP1_IN_IRQHandler
                0x08001de0                DMA1_Stream0_IRQHandler
                0x08001de0                CAN1_TX_IRQHandler
                0x08001de0                EXTI4_IRQHandler
                0x08001de0                FSMC_IRQHandler
                0x08001de0                ETH_IRQHandler
                0x08001de0                OTG_HS_EP1_OUT_IRQHandler
                0x08001de0                WWDG_IRQHandler
                0x08001de0                TIM2_IRQHandler
                0x08001de0                OTG_FS_WKUP_IRQHandler
                0x08001de0                TIM1_TRG_COM_TIM11_IRQHandler
                0x08001de0                OTG_HS_IRQHandler
                0x08001de0                EXTI1_IRQHandler
                0x08001de0                USART2_IRQHandler
                0x08001de0                I2C2_ER_IRQHandler
                0x08001de0                DMA2_Stream1_IRQHandler
                0x08001de0                CAN1_SCE_IRQHandler
                0x08001de0                FLASH_IRQHandler
                0x08001de0                DMA2_Stream4_IRQHandler
                0x08001de0                USART1_IRQHandler
                0x08001de0                SPI3_IRQHandler
                0x08001de0                DMA1_Stream4_IRQHandler
                0x08001de0                I2C1_ER_IRQHandler
                0x08001de0                DMA2_Stream6_IRQHandler
                0x08001de0                RTC_Alarm_IRQHandler
 *fill*         0x08001de2        0x2 
 .text.HAL_Init
                0x08001de4       0x44 ./Drivers/STM32F4xx_HAL_Driver/Src/stm32f4xx_hal.o
                0x08001de4                HAL_Init
 .text.HAL_InitTick
                0x08001e28       0x60 ./Drivers/STM32F4xx_HAL_Driver/Src/stm32f4xx_hal.o
                0x08001e28                HAL_InitTick
 .text.HAL_IncTick
                0x08001e88       0x28 ./Drivers/STM32F4xx_HAL_Driver/Src/stm32f4xx_hal.o
                0x08001e88                HAL_IncTick
 .text.HAL_GetTick
                0x08001eb0       0x18 ./Drivers/STM32F4xx_HAL_Driver/Src/stm32f4xx_hal.o
                0x08001eb0                HAL_GetTick
 .text.HAL_Delay
                0x08001ec8       0x48 ./Drivers/STM32F4xx_HAL_Driver/Src/stm32f4xx_hal.o
                0x08001ec8                HAL_Delay
 .text.HAL_ADC_Init
                0x08001f10       0x86 ./Drivers/STM32F4xx_HAL_Driver/Src/stm32f4xx_hal_adc.o
                0x08001f10                HAL_ADC_Init
 *fill*         0x08001f96        0x2 
 .text.HAL_ADC_Start_DMA
                0x08001f98      0x228 ./Drivers/STM32F4xx_HAL_Driver/Src/stm32f4xx_hal_adc.o
                0x08001f98                HAL_ADC_Start_DMA
 .text.HAL_ADC_ErrorCallback
                0x080021c0       0x14 ./Drivers/STM32F4xx_HAL_Driver/Src/stm32f4xx_hal_adc.o
                0x080021c0                HAL_ADC_ErrorCallback
 .text.HAL_ADC_ConfigChannel
                0x080021d4      0x244 ./Drivers/STM32F4xx_HAL_Driver/Src/stm32f4xx_hal_adc.o
                0x080021d4                HAL_ADC_ConfigChannel
 .text.ADC_Init
                0x08002418      0x1f8 ./Drivers/STM32F4xx_HAL_Driver/Src/stm32f4xx_hal_adc.o
 .text.ADC_DMAConvCplt
                0x08002610       0xba ./Drivers/STM32F4xx_HAL_Driver/Src/stm32f4xx_hal_adc.o
 .text.ADC_DMAHalfConvCplt
                0x080026ca       0x1c ./Drivers/STM32F4xx_HAL_Driver/Src/stm32f4xx_hal_adc.o
 .text.ADC_DMAError
                0x080026e6       0x2e ./Drivers/STM32F4xx_HAL_Driver/Src/stm32f4xx_hal_adc.o
 .text.__NVIC_SetPriorityGrouping
                0x08002714       0x48 ./Drivers/STM32F4xx_HAL_Driver/Src/stm32f4xx_hal_cortex.o
 .text.__NVIC_GetPriorityGrouping
                0x0800275c       0x1c ./Drivers/STM32F4xx_HAL_Driver/Src/stm32f4xx_hal_cortex.o
 .text.__NVIC_EnableIRQ
                0x08002778       0x3c ./Drivers/STM32F4xx_HAL_Driver/Src/stm32f4xx_hal_cortex.o
 .text.__NVIC_DisableIRQ
                0x080027b4       0x48 ./Drivers/STM32F4xx_HAL_Driver/Src/stm32f4xx_hal_cortex.o
 .text.__NVIC_SetPriority
                0x080027fc       0x54 ./Drivers/STM32F4xx_HAL_Driver/Src/stm32f4xx_hal_cortex.o
 .text.NVIC_EncodePriority
                0x08002850       0x66 ./Drivers/STM32F4xx_HAL_Driver/Src/stm32f4xx_hal_cortex.o
 *fill*         0x080028b6        0x2 
 .text.SysTick_Config
                0x080028b8       0x44 ./Drivers/STM32F4xx_HAL_Driver/Src/stm32f4xx_hal_cortex.o
 .text.HAL_NVIC_SetPriorityGrouping
                0x080028fc       0x16 ./Drivers/STM32F4xx_HAL_Driver/Src/stm32f4xx_hal_cortex.o
                0x080028fc                HAL_NVIC_SetPriorityGrouping
 .text.HAL_NVIC_SetPriority
                0x08002912       0x38 ./Drivers/STM32F4xx_HAL_Driver/Src/stm32f4xx_hal_cortex.o
                0x08002912                HAL_NVIC_SetPriority
 .text.HAL_NVIC_EnableIRQ
                0x0800294a       0x1c ./Drivers/STM32F4xx_HAL_Driver/Src/stm32f4xx_hal_cortex.o
                0x0800294a                HAL_NVIC_EnableIRQ
 .text.HAL_NVIC_DisableIRQ
                0x08002966       0x1c ./Drivers/STM32F4xx_HAL_Driver/Src/stm32f4xx_hal_cortex.o
                0x08002966                HAL_NVIC_DisableIRQ
 .text.HAL_SYSTICK_Config
                0x08002982       0x18 ./Drivers/STM32F4xx_HAL_Driver/Src/stm32f4xx_hal_cortex.o
                0x08002982                HAL_SYSTICK_Config
 *fill*         0x0800299a        0x2 
 .text.HAL_DMA_Init
                0x0800299c      0x15c ./Drivers/STM32F4xx_HAL_Driver/Src/stm32f4xx_hal_dma.o
                0x0800299c                HAL_DMA_Init
 .text.HAL_DMA_Start_IT
                0x08002af8       0xb0 ./Drivers/STM32F4xx_HAL_Driver/Src/stm32f4xx_hal_dma.o
                0x08002af8                HAL_DMA_Start_IT
 .text.HAL_DMA_IRQHandler
                0x08002ba8      0x314 ./Drivers/STM32F4xx_HAL_Driver/Src/stm32f4xx_hal_dma.o
                0x08002ba8                HAL_DMA_IRQHandler
 .text.DMA_SetConfig
                0x08002ebc       0x5c ./Drivers/STM32F4xx_HAL_Driver/Src/stm32f4xx_hal_dma.o
 .text.DMA_CalcBaseAndBitshift
                0x08002f18       0x6c ./Drivers/STM32F4xx_HAL_Driver/Src/stm32f4xx_hal_dma.o
 .text.DMA_CheckFifoParam
                0x08002f84       0xf8 ./Drivers/STM32F4xx_HAL_Driver/Src/stm32f4xx_hal_dma.o
 .text.HAL_GPIO_Init
                0x0800307c      0x338 ./Drivers/STM32F4xx_HAL_Driver/Src/stm32f4xx_hal_gpio.o
                0x0800307c                HAL_GPIO_Init
 .text.HAL_GPIO_ReadPin
                0x080033b4       0x30 ./Drivers/STM32F4xx_HAL_Driver/Src/stm32f4xx_hal_gpio.o
                0x080033b4                HAL_GPIO_ReadPin
 .text.HAL_GPIO_WritePin
                0x080033e4       0x32 ./Drivers/STM32F4xx_HAL_Driver/Src/stm32f4xx_hal_gpio.o
                0x080033e4                HAL_GPIO_WritePin
 *fill*         0x08003416        0x2 
 .text.HAL_GPIO_EXTI_IRQHandler
                0x08003418       0x30 ./Drivers/STM32F4xx_HAL_Driver/Src/stm32f4xx_hal_gpio.o
                0x08003418                HAL_GPIO_EXTI_IRQHandler
 .text.HAL_HCD_Init
                0x08003448       0xce ./Drivers/STM32F4xx_HAL_Driver/Src/stm32f4xx_hal_hcd.o
                0x08003448                HAL_HCD_Init
 .text.HAL_HCD_HC_Init
                0x08003516      0x170 ./Drivers/STM32F4xx_HAL_Driver/Src/stm32f4xx_hal_hcd.o
                0x08003516                HAL_HCD_HC_Init
 .text.HAL_HCD_HC_Halt
                0x08003686       0x46 ./Drivers/STM32F4xx_HAL_Driver/Src/stm32f4xx_hal_hcd.o
                0x08003686                HAL_HCD_HC_Halt
 .text.HAL_HCD_HC_SubmitRequest
                0x080036cc      0x33c ./Drivers/STM32F4xx_HAL_Driver/Src/stm32f4xx_hal_hcd.o
                0x080036cc                HAL_HCD_HC_SubmitRequest
 .text.HAL_HCD_IRQHandler
                0x08003a08      0x220 ./Drivers/STM32F4xx_HAL_Driver/Src/stm32f4xx_hal_hcd.o
                0x08003a08                HAL_HCD_IRQHandler
 .text.HAL_HCD_Start
                0x08003c28       0x46 ./Drivers/STM32F4xx_HAL_Driver/Src/stm32f4xx_hal_hcd.o
                0x08003c28                HAL_HCD_Start
 .text.HAL_HCD_Stop
                0x08003c6e       0x3a ./Drivers/STM32F4xx_HAL_Driver/Src/stm32f4xx_hal_hcd.o
                0x08003c6e                HAL_HCD_Stop
 .text.HAL_HCD_ResetPort
                0x08003ca8       0x1c ./Drivers/STM32F4xx_HAL_Driver/Src/stm32f4xx_hal_hcd.o
                0x08003ca8                HAL_HCD_ResetPort
 .text.HAL_HCD_HC_GetURBState
                0x08003cc4       0x2a ./Drivers/STM32F4xx_HAL_Driver/Src/stm32f4xx_hal_hcd.o
                0x08003cc4                HAL_HCD_HC_GetURBState
 .text.HAL_HCD_HC_GetXferCount
                0x08003cee       0x2a ./Drivers/STM32F4xx_HAL_Driver/Src/stm32f4xx_hal_hcd.o
                0x08003cee                HAL_HCD_HC_GetXferCount
 .text.HAL_HCD_GetCurrentFrame
                0x08003d18       0x1c ./Drivers/STM32F4xx_HAL_Driver/Src/stm32f4xx_hal_hcd.o
                0x08003d18                HAL_HCD_GetCurrentFrame
 .text.HAL_HCD_GetCurrentSpeed
                0x08003d34       0x1c ./Drivers/STM32F4xx_HAL_Driver/Src/stm32f4xx_hal_hcd.o
                0x08003d34                HAL_HCD_GetCurrentSpeed
 .text.HAL_HCD_HC_ClearHubInfo
                0x08003d50       0x6a ./Drivers/STM32F4xx_HAL_Driver/Src/stm32f4xx_hal_hcd.o
                0x08003d50                HAL_HCD_HC_ClearHubInfo
 .text.HCD_HC_IN_IRQHandler
                0x08003dba      0xcd2 ./Drivers/STM32F4xx_HAL_Driver/Src/stm32f4xx_hal_hcd.o
 .text.HCD_HC_OUT_IRQHandler
                0x08004a8c      0x97e ./Drivers/STM32F4xx_HAL_Driver/Src/stm32f4xx_hal_hcd.o
 .text.HCD_RXQLVL_IRQHandler
                0x0800540a      0x1be ./Drivers/STM32F4xx_HAL_Driver/Src/stm32f4xx_hal_hcd.o
 .text.HCD_Port_IRQHandler
                0x080055c8       0xe6 ./Drivers/STM32F4xx_HAL_Driver/Src/stm32f4xx_hal_hcd.o
 *fill*         0x080056ae        0x2 
 .text.HAL_I2C_Init
                0x080056b0      0x288 ./Drivers/STM32F4xx_HAL_Driver/Src/stm32f4xx_hal_i2c.o
                0x080056b0                HAL_I2C_Init
 .text.HAL_I2S_Init
                0x08005938      0x280 ./Drivers/STM32F4xx_HAL_Driver/Src/stm32f4xx_hal_i2s.o
                0x08005938                HAL_I2S_Init
 .text.HAL_I2S_TxCpltCallback
                0x08005bb8       0x14 ./Drivers/STM32F4xx_HAL_Driver/Src/stm32f4xx_hal_i2s.o
                0x08005bb8                HAL_I2S_TxCpltCallback
 .text.HAL_I2S_RxCpltCallback
                0x08005bcc       0x14 ./Drivers/STM32F4xx_HAL_Driver/Src/stm32f4xx_hal_i2s.o
                0x08005bcc                HAL_I2S_RxCpltCallback
 .text.HAL_I2S_ErrorCallback
                0x08005be0       0x14 ./Drivers/STM32F4xx_HAL_Driver/Src/stm32f4xx_hal_i2s.o
                0x08005be0                HAL_I2S_ErrorCallback
 .text.I2S_Transmit_IT
                0x08005bf4       0x5c ./Drivers/STM32F4xx_HAL_Driver/Src/stm32f4xx_hal_i2s.o
 .text.I2S_Receive_IT
                0x08005c50       0x5e ./Drivers/STM32F4xx_HAL_Driver/Src/stm32f4xx_hal_i2s.o
 .text.I2S_IRQHandler
                0x08005cae      0x114 ./Drivers/STM32F4xx_HAL_Driver/Src/stm32f4xx_hal_i2s.o
 *fill*         0x08005dc2        0x2 
 .text.HAL_I2SEx_FullDuplex_IRQHandler
                0x08005dc4      0x2a8 ./Drivers/STM32F4xx_HAL_Driver/Src/stm32f4xx_hal_i2s_ex.o
                0x08005dc4                HAL_I2SEx_FullDuplex_IRQHandler
 .text.HAL_I2SEx_TxRxCpltCallback
                0x0800606c       0x14 ./Drivers/STM32F4xx_HAL_Driver/Src/stm32f4xx_hal_i2s_ex.o
                0x0800606c                HAL_I2SEx_TxRxCpltCallback
 .text.I2SEx_TxISR_I2S
                0x08006080       0x62 ./Drivers/STM32F4xx_HAL_Driver/Src/stm32f4xx_hal_i2s_ex.o
 *fill*         0x080060e2        0x2 
 .text.I2SEx_TxISR_I2SExt
                0x080060e4       0x98 ./Drivers/STM32F4xx_HAL_Driver/Src/stm32f4xx_hal_i2s_ex.o
 .text.I2SEx_RxISR_I2S
                0x0800617c       0x64 ./Drivers/STM32F4xx_HAL_Driver/Src/stm32f4xx_hal_i2s_ex.o
 .text.I2SEx_RxISR_I2SExt
                0x080061e0       0x98 ./Drivers/STM32F4xx_HAL_Driver/Src/stm32f4xx_hal_i2s_ex.o
 .text.HAL_RCC_OscConfig
                0x08006278      0x4f0 ./Drivers/STM32F4xx_HAL_Driver/Src/stm32f4xx_hal_rcc.o
                0x08006278                HAL_RCC_OscConfig
 .text.HAL_RCC_ClockConfig
                0x08006768      0x1cc ./Drivers/STM32F4xx_HAL_Driver/Src/stm32f4xx_hal_rcc.o
                0x08006768                HAL_RCC_ClockConfig
 .text.HAL_RCC_GetSysClockFreq
                0x08006934      0x20c ./Drivers/STM32F4xx_HAL_Driver/Src/stm32f4xx_hal_rcc.o
                0x08006934                HAL_RCC_GetSysClockFreq
 .text.HAL_RCC_GetHCLKFreq
                0x08006b40       0x18 ./Drivers/STM32F4xx_HAL_Driver/Src/stm32f4xx_hal_rcc.o
                0x08006b40                HAL_RCC_GetHCLKFreq
 .text.HAL_RCC_GetPCLK1Freq
                0x08006b58       0x28 ./Drivers/STM32F4xx_HAL_Driver/Src/stm32f4xx_hal_rcc.o
                0x08006b58                HAL_RCC_GetPCLK1Freq
 .text.HAL_RCCEx_PeriphCLKConfig
                0x08006b80      0x1c4 ./Drivers/STM32F4xx_HAL_Driver/Src/stm32f4xx_hal_rcc_ex.o
                0x08006b80                HAL_RCCEx_PeriphCLKConfig
 .text.HAL_RCCEx_GetPeriphCLKFreq
                0x08006d44       0xc0 ./Drivers/STM32F4xx_HAL_Driver/Src/stm32f4xx_hal_rcc_ex.o
                0x08006d44                HAL_RCCEx_GetPeriphCLKFreq
 .text.HAL_SPI_Init
                0x08006e04      0x112 ./Drivers/STM32F4xx_HAL_Driver/Src/stm32f4xx_hal_spi.o
                0x08006e04                HAL_SPI_Init
 .text.HAL_TIM_Base_Init
                0x08006f16       0x9e ./Drivers/STM32F4xx_HAL_Driver/Src/stm32f4xx_hal_tim.o
                0x08006f16                HAL_TIM_Base_Init
 .text.HAL_TIM_PWM_Init
                0x08006fb4       0x9e ./Drivers/STM32F4xx_HAL_Driver/Src/stm32f4xx_hal_tim.o
                0x08006fb4                HAL_TIM_PWM_Init
 .text.HAL_TIM_PWM_MspInit
                0x08007052       0x14 ./Drivers/STM32F4xx_HAL_Driver/Src/stm32f4xx_hal_tim.o
                0x08007052                HAL_TIM_PWM_MspInit
 *fill*         0x08007066        0x2 
 .text.HAL_TIM_PWM_Start
                0x08007068      0x190 ./Drivers/STM32F4xx_HAL_Driver/Src/stm32f4xx_hal_tim.o
                0x08007068                HAL_TIM_PWM_Start
 .text.HAL_TIM_PWM_ConfigChannel
                0x080071f8      0x184 ./Drivers/STM32F4xx_HAL_Driver/Src/stm32f4xx_hal_tim.o
                0x080071f8                HAL_TIM_PWM_ConfigChannel
 .text.HAL_TIM_ConfigClockSource
                0x0800737c      0x18e ./Drivers/STM32F4xx_HAL_Driver/Src/stm32f4xx_hal_tim.o
                0x0800737c                HAL_TIM_ConfigClockSource
 *fill*         0x0800750a        0x2 
 .text.TIM_Base_SetConfig
                0x0800750c      0x14c ./Drivers/STM32F4xx_HAL_Driver/Src/stm32f4xx_hal_tim.o
                0x0800750c                TIM_Base_SetConfig
 .text.TIM_OC1_SetConfig
                0x08007658       0xe0 ./Drivers/STM32F4xx_HAL_Driver/Src/stm32f4xx_hal_tim.o
 .text.TIM_OC2_SetConfig
                0x08007738       0xec ./Drivers/STM32F4xx_HAL_Driver/Src/stm32f4xx_hal_tim.o
                0x08007738                TIM_OC2_SetConfig
 .text.TIM_OC3_SetConfig
                0x08007824       0xe8 ./Drivers/STM32F4xx_HAL_Driver/Src/stm32f4xx_hal_tim.o
 .text.TIM_OC4_SetConfig
                0x0800790c       0xac ./Drivers/STM32F4xx_HAL_Driver/Src/stm32f4xx_hal_tim.o
 .text.TIM_TI1_ConfigInputStage
                0x080079b8       0x5e ./Drivers/STM32F4xx_HAL_Driver/Src/stm32f4xx_hal_tim.o
 .text.TIM_TI2_ConfigInputStage
                0x08007a16       0x60 ./Drivers/STM32F4xx_HAL_Driver/Src/stm32f4xx_hal_tim.o
 .text.TIM_ITRx_SetConfig
                0x08007a76       0x36 ./Drivers/STM32F4xx_HAL_Driver/Src/stm32f4xx_hal_tim.o
 .text.TIM_ETR_SetConfig
                0x08007aac       0x40 ./Drivers/STM32F4xx_HAL_Driver/Src/stm32f4xx_hal_tim.o
                0x08007aac                TIM_ETR_SetConfig
 .text.TIM_CCxChannelCmd
                0x08007aec       0x4a ./Drivers/STM32F4xx_HAL_Driver/Src/stm32f4xx_hal_tim.o
                0x08007aec                TIM_CCxChannelCmd
 *fill*         0x08007b36        0x2 
 .text.HAL_TIMEx_MasterConfigSynchronization
                0x08007b38       0xf8 ./Drivers/STM32F4xx_HAL_Driver/Src/stm32f4xx_hal_tim_ex.o
                0x08007b38                HAL_TIMEx_MasterConfigSynchronization
 .text.USB_CoreInit
                0x08007c30       0xc8 ./Drivers/STM32F4xx_HAL_Driver/Src/stm32f4xx_ll_usb.o
                0x08007c30                USB_CoreInit
 .text.USB_EnableGlobalInt
                0x08007cf8       0x22 ./Drivers/STM32F4xx_HAL_Driver/Src/stm32f4xx_ll_usb.o
                0x08007cf8                USB_EnableGlobalInt
 .text.USB_DisableGlobalInt
                0x08007d1a       0x22 ./Drivers/STM32F4xx_HAL_Driver/Src/stm32f4xx_ll_usb.o
                0x08007d1a                USB_DisableGlobalInt
 .text.USB_SetCurrentMode
                0x08007d3c       0x98 ./Drivers/STM32F4xx_HAL_Driver/Src/stm32f4xx_ll_usb.o
                0x08007d3c                USB_SetCurrentMode
 .text.USB_FlushTxFifo
                0x08007dd4       0x64 ./Drivers/STM32F4xx_HAL_Driver/Src/stm32f4xx_ll_usb.o
                0x08007dd4                USB_FlushTxFifo
 .text.USB_FlushRxFifo
                0x08007e38       0x5c ./Drivers/STM32F4xx_HAL_Driver/Src/stm32f4xx_ll_usb.o
                0x08007e38                USB_FlushRxFifo
 .text.USB_WritePacket
                0x08007e94       0x7c ./Drivers/STM32F4xx_HAL_Driver/Src/stm32f4xx_ll_usb.o
                0x08007e94                USB_WritePacket
 .text.USB_ReadPacket
                0x08007f10       0xb0 ./Drivers/STM32F4xx_HAL_Driver/Src/stm32f4xx_ll_usb.o
                0x08007f10                USB_ReadPacket
 .text.USB_ReadInterrupts
                0x08007fc0       0x26 ./Drivers/STM32F4xx_HAL_Driver/Src/stm32f4xx_ll_usb.o
                0x08007fc0                USB_ReadInterrupts
 .text.USB_ReadChInterrupts
                0x08007fe6       0x42 ./Drivers/STM32F4xx_HAL_Driver/Src/stm32f4xx_ll_usb.o
                0x08007fe6                USB_ReadChInterrupts
 .text.USB_GetMode
                0x08008028       0x1c ./Drivers/STM32F4xx_HAL_Driver/Src/stm32f4xx_ll_usb.o
                0x08008028                USB_GetMode
 .text.USB_CoreReset
                0x08008044       0x70 ./Drivers/STM32F4xx_HAL_Driver/Src/stm32f4xx_ll_usb.o
 .text.USB_HostInit
                0x080080b4      0x188 ./Drivers/STM32F4xx_HAL_Driver/Src/stm32f4xx_ll_usb.o
                0x080080b4                USB_HostInit
 .text.USB_InitFSLSPClkSel
                0x0800823c       0x7a ./Drivers/STM32F4xx_HAL_Driver/Src/stm32f4xx_ll_usb.o
                0x0800823c                USB_InitFSLSPClkSel
 .text.USB_ResetPort
                0x080082b6       0x54 ./Drivers/STM32F4xx_HAL_Driver/Src/stm32f4xx_ll_usb.o
                0x080082b6                USB_ResetPort
 .text.USB_DriveVbus
                0x0800830a       0x72 ./Drivers/STM32F4xx_HAL_Driver/Src/stm32f4xx_ll_usb.o
                0x0800830a                USB_DriveVbus
 .text.USB_GetHostSpeed
                0x0800837c       0x2e ./Drivers/STM32F4xx_HAL_Driver/Src/stm32f4xx_ll_usb.o
                0x0800837c                USB_GetHostSpeed
 .text.USB_GetCurrentFrame
                0x080083aa       0x22 ./Drivers/STM32F4xx_HAL_Driver/Src/stm32f4xx_ll_usb.o
                0x080083aa                USB_GetCurrentFrame
 .text.USB_HC_Init
                0x080083cc      0x258 ./Drivers/STM32F4xx_HAL_Driver/Src/stm32f4xx_ll_usb.o
                0x080083cc                USB_HC_Init
 .text.USB_HC_StartXfer
                0x08008624      0x4f4 ./Drivers/STM32F4xx_HAL_Driver/Src/stm32f4xx_ll_usb.o
                0x08008624                USB_HC_StartXfer
 .text.USB_HC_ReadInterrupt
                0x08008b18       0x22 ./Drivers/STM32F4xx_HAL_Driver/Src/stm32f4xx_ll_usb.o
                0x08008b18                USB_HC_ReadInterrupt
 .text.USB_HC_Halt
                0x08008b3a      0x240 ./Drivers/STM32F4xx_HAL_Driver/Src/stm32f4xx_ll_usb.o
                0x08008b3a                USB_HC_Halt
 *fill*         0x08008d7a        0x2 
 .text.USB_DoPing
                0x08008d7c       0x78 ./Drivers/STM32F4xx_HAL_Driver/Src/stm32f4xx_ll_usb.o
                0x08008d7c                USB_DoPing
 .text.USB_StopHost
                0x08008df4      0x124 ./Drivers/STM32F4xx_HAL_Driver/Src/stm32f4xx_ll_usb.o
                0x08008df4                USB_StopHost
 .text.USBH_CDC_InterfaceInit
                0x08008f18      0x2ac ./Middlewares/ST/STM32_USB_Host_Library/Class/CDC/Src/usbh_cdc.o
 .text.USBH_CDC_InterfaceDeInit
                0x080091c4       0xb2 ./Middlewares/ST/STM32_USB_Host_Library/Class/CDC/Src/usbh_cdc.o
 .text.USBH_CDC_ClassRequest
                0x08009276       0x3e ./Middlewares/ST/STM32_USB_Host_Library/Class/CDC/Src/usbh_cdc.o
 .text.USBH_CDC_Process
                0x080092b4      0x12c ./Middlewares/ST/STM32_USB_Host_Library/Class/CDC/Src/usbh_cdc.o
 .text.USBH_CDC_SOFProcess
                0x080093e0       0x16 ./Middlewares/ST/STM32_USB_Host_Library/Class/CDC/Src/usbh_cdc.o
 .text.GetLineCoding
                0x080093f6       0x3e ./Middlewares/ST/STM32_USB_Host_Library/Class/CDC/Src/usbh_cdc.o
 .text.SetLineCoding
                0x08009434       0x3e ./Middlewares/ST/STM32_USB_Host_Library/Class/CDC/Src/usbh_cdc.o
 .text.CDC_ProcessTransmission
                0x08009472       0xec ./Middlewares/ST/STM32_USB_Host_Library/Class/CDC/Src/usbh_cdc.o
 .text.CDC_ProcessReception
                0x0800955e       0xb6 ./Middlewares/ST/STM32_USB_Host_Library/Class/CDC/Src/usbh_cdc.o
 .text.USBH_CDC_TransmitCallback
                0x08009614       0x14 ./Middlewares/ST/STM32_USB_Host_Library/Class/CDC/Src/usbh_cdc.o
                0x08009614                USBH_CDC_TransmitCallback
 .text.USBH_CDC_ReceiveCallback
                0x08009628       0x14 ./Middlewares/ST/STM32_USB_Host_Library/Class/CDC/Src/usbh_cdc.o
                0x08009628                USBH_CDC_ReceiveCallback
 .text.USBH_CDC_LineCodingChanged
                0x0800963c       0x14 ./Middlewares/ST/STM32_USB_Host_Library/Class/CDC/Src/usbh_cdc.o
                0x0800963c                USBH_CDC_LineCodingChanged
 .text.USBH_Init
                0x08009650       0x74 ./Middlewares/ST/STM32_USB_Host_Library/Core/Src/usbh_core.o
                0x08009650                USBH_Init
 .text.DeInitStateMachine
                0x080096c4       0xe2 ./Middlewares/ST/STM32_USB_Host_Library/Core/Src/usbh_core.o
 .text.USBH_RegisterClass
                0x080097a6       0x54 ./Middlewares/ST/STM32_USB_Host_Library/Core/Src/usbh_core.o
                0x080097a6                USBH_RegisterClass
 .text.USBH_SelectInterface
                0x080097fa       0x38 ./Middlewares/ST/STM32_USB_Host_Library/Core/Src/usbh_core.o
                0x080097fa                USBH_SelectInterface
 .text.USBH_FindInterface
                0x08009832       0x8c ./Middlewares/ST/STM32_USB_Host_Library/Core/Src/usbh_core.o
                0x08009832                USBH_FindInterface
 .text.USBH_Start
                0x080098be       0x20 ./Middlewares/ST/STM32_USB_Host_Library/Core/Src/usbh_core.o
                0x080098be                USBH_Start
 *fill*         0x080098de        0x2 
 .text.USBH_Process
                0x080098e0      0x3d4 ./Middlewares/ST/STM32_USB_Host_Library/Core/Src/usbh_core.o
                0x080098e0                USBH_Process
 .text.USBH_HandleEnum
                0x08009cb4      0x3c0 ./Middlewares/ST/STM32_USB_Host_Library/Core/Src/usbh_core.o
 .text.USBH_LL_SetTimer
                0x0800a074       0x1e ./Middlewares/ST/STM32_USB_Host_Library/Core/Src/usbh_core.o
                0x0800a074                USBH_LL_SetTimer
 .text.USBH_LL_IncTimer
                0x0800a092       0x24 ./Middlewares/ST/STM32_USB_Host_Library/Core/Src/usbh_core.o
                0x0800a092                USBH_LL_IncTimer
 .text.USBH_HandleSof
                0x0800a0b6       0x30 ./Middlewares/ST/STM32_USB_Host_Library/Core/Src/usbh_core.o
 .text.USBH_LL_PortEnabled
                0x0800a0e6       0x1c ./Middlewares/ST/STM32_USB_Host_Library/Core/Src/usbh_core.o
                0x0800a0e6                USBH_LL_PortEnabled
 .text.USBH_LL_PortDisabled
                0x0800a102       0x24 ./Middlewares/ST/STM32_USB_Host_Library/Core/Src/usbh_core.o
                0x0800a102                USBH_LL_PortDisabled
 .text.USBH_LL_Connect
                0x0800a126       0x2e ./Middlewares/ST/STM32_USB_Host_Library/Core/Src/usbh_core.o
                0x0800a126                USBH_LL_Connect
 .text.USBH_LL_Disconnect
                0x0800a154       0x48 ./Middlewares/ST/STM32_USB_Host_Library/Core/Src/usbh_core.o
                0x0800a154                USBH_LL_Disconnect
 .text.USBH_Get_DevDesc
                0x0800a19c       0x58 ./Middlewares/ST/STM32_USB_Host_Library/Core/Src/usbh_ctlreq.o
                0x0800a19c                USBH_Get_DevDesc
 .text.USBH_Get_CfgDesc
                0x0800a1f4       0x54 ./Middlewares/ST/STM32_USB_Host_Library/Core/Src/usbh_ctlreq.o
                0x0800a1f4                USBH_Get_CfgDesc
 .text.USBH_Get_StringDesc
                0x0800a248       0x68 ./Middlewares/ST/STM32_USB_Host_Library/Core/Src/usbh_ctlreq.o
                0x0800a248                USBH_Get_StringDesc
 .text.USBH_GetDescriptor
                0x0800a2b0       0x6a ./Middlewares/ST/STM32_USB_Host_Library/Core/Src/usbh_ctlreq.o
                0x0800a2b0                USBH_GetDescriptor
 .text.USBH_SetAddress
                0x0800a31a       0x48 ./Middlewares/ST/STM32_USB_Host_Library/Core/Src/usbh_ctlreq.o
                0x0800a31a                USBH_SetAddress
 .text.USBH_SetCfg
                0x0800a362       0x46 ./Middlewares/ST/STM32_USB_Host_Library/Core/Src/usbh_ctlreq.o
                0x0800a362                USBH_SetCfg
 .text.USBH_SetFeature
                0x0800a3a8       0x48 ./Middlewares/ST/STM32_USB_Host_Library/Core/Src/usbh_ctlreq.o
                0x0800a3a8                USBH_SetFeature
 .text.USBH_ClrFeature
                0x0800a3f0       0x48 ./Middlewares/ST/STM32_USB_Host_Library/Core/Src/usbh_ctlreq.o
                0x0800a3f0                USBH_ClrFeature
 .text.USBH_ParseDevDesc
                0x0800a438      0x160 ./Middlewares/ST/STM32_USB_Host_Library/Core/Src/usbh_ctlreq.o
 .text.USBH_ParseCfgDesc
                0x0800a598      0x1f8 ./Middlewares/ST/STM32_USB_Host_Library/Core/Src/usbh_ctlreq.o
 .text.USBH_ParseInterfaceDesc
                0x0800a790       0x5e ./Middlewares/ST/STM32_USB_Host_Library/Core/Src/usbh_ctlreq.o
 .text.USBH_ParseEPDesc
                0x0800a7ee      0x1d0 ./Middlewares/ST/STM32_USB_Host_Library/Core/Src/usbh_ctlreq.o
 .text.USBH_ParseStringDesc
                0x0800a9be       0x66 ./Middlewares/ST/STM32_USB_Host_Library/Core/Src/usbh_ctlreq.o
 .text.USBH_GetNextDesc
                0x0800aa24       0x34 ./Middlewares/ST/STM32_USB_Host_Library/Core/Src/usbh_ctlreq.o
                0x0800aa24                USBH_GetNextDesc
 .text.USBH_CtlReq
                0x0800aa58       0x7a ./Middlewares/ST/STM32_USB_Host_Library/Core/Src/usbh_ctlreq.o
                0x0800aa58                USBH_CtlReq
 *fill*         0x0800aad2        0x2 
 .text.USBH_HandleControl
                0x0800aad4      0x2ec ./Middlewares/ST/STM32_USB_Host_Library/Core/Src/usbh_ctlreq.o
 .text.USBH_CtlSendSetup
                0x0800adc0       0x34 ./Middlewares/ST/STM32_USB_Host_Library/Core/Src/usbh_ioreq.o
                0x0800adc0                USBH_CtlSendSetup
 .text.USBH_CtlSendData
                0x0800adf4       0x4a ./Middlewares/ST/STM32_USB_Host_Library/Core/Src/usbh_ioreq.o
                0x0800adf4                USBH_CtlSendData
 .text.USBH_CtlReceiveData
                0x0800ae3e       0x3c ./Middlewares/ST/STM32_USB_Host_Library/Core/Src/usbh_ioreq.o
                0x0800ae3e                USBH_CtlReceiveData
 .text.USBH_BulkSendData
                0x0800ae7a       0x4a ./Middlewares/ST/STM32_USB_Host_Library/Core/Src/usbh_ioreq.o
                0x0800ae7a                USBH_BulkSendData
 .text.USBH_BulkReceiveData
                0x0800aec4       0x3c ./Middlewares/ST/STM32_USB_Host_Library/Core/Src/usbh_ioreq.o
                0x0800aec4                USBH_BulkReceiveData
 .text.USBH_OpenPipe
                0x0800af00       0x3e ./Middlewares/ST/STM32_USB_Host_Library/Core/Src/usbh_pipes.o
                0x0800af00                USBH_OpenPipe
 .text.USBH_ClosePipe
                0x0800af3e       0x20 ./Middlewares/ST/STM32_USB_Host_Library/Core/Src/usbh_pipes.o
                0x0800af3e                USBH_ClosePipe
 .text.USBH_AllocPipe
                0x0800af5e       0x42 ./Middlewares/ST/STM32_USB_Host_Library/Core/Src/usbh_pipes.o
                0x0800af5e                USBH_AllocPipe
 .text.USBH_FreePipe
                0x0800afa0       0x3c ./Middlewares/ST/STM32_USB_Host_Library/Core/Src/usbh_pipes.o
                0x0800afa0                USBH_FreePipe
 .text.USBH_GetFreePipe
                0x0800afdc       0x48 ./Middlewares/ST/STM32_USB_Host_Library/Core/Src/usbh_pipes.o
 .text.MX_USB_HOST_Init
                0x0800b024       0x4c ./USB_HOST/App/usb_host.o
                0x0800b024                MX_USB_HOST_Init
 .text.MX_USB_HOST_Process
                0x0800b070       0x14 ./USB_HOST/App/usb_host.o
                0x0800b070                MX_USB_HOST_Process
 .text.USBH_UserProcess
                0x0800b084       0x5c ./USB_HOST/App/usb_host.o
 .text.HAL_HCD_MspInit
                0x0800b0e0       0xc4 ./USB_HOST/Target/usbh_conf.o
                0x0800b0e0                HAL_HCD_MspInit
 .text.HAL_HCD_SOF_Callback
                0x0800b1a4       0x1c ./USB_HOST/Target/usbh_conf.o
                0x0800b1a4                HAL_HCD_SOF_Callback
 .text.HAL_HCD_Connect_Callback
                0x0800b1c0       0x1c ./USB_HOST/Target/usbh_conf.o
                0x0800b1c0                HAL_HCD_Connect_Callback
 .text.HAL_HCD_Disconnect_Callback
                0x0800b1dc       0x1c ./USB_HOST/Target/usbh_conf.o
                0x0800b1dc                HAL_HCD_Disconnect_Callback
 .text.HAL_HCD_HC_NotifyURBChange_Callback
                0x0800b1f8       0x1c ./USB_HOST/Target/usbh_conf.o
                0x0800b1f8                HAL_HCD_HC_NotifyURBChange_Callback
 .text.HAL_HCD_PortEnabled_Callback
                0x0800b214       0x1c ./USB_HOST/Target/usbh_conf.o
                0x0800b214                HAL_HCD_PortEnabled_Callback
 .text.HAL_HCD_PortDisabled_Callback
                0x0800b230       0x1c ./USB_HOST/Target/usbh_conf.o
                0x0800b230                HAL_HCD_PortDisabled_Callback
 .text.USBH_LL_Init
                0x0800b24c       0x78 ./USB_HOST/Target/usbh_conf.o
                0x0800b24c                USBH_LL_Init
 .text.USBH_LL_Start
                0x0800b2c4       0x36 ./USB_HOST/Target/usbh_conf.o
                0x0800b2c4                USBH_LL_Start
 .text.USBH_LL_Stop
                0x0800b2fa       0x36 ./USB_HOST/Target/usbh_conf.o
                0x0800b2fa                USBH_LL_Stop
 .text.USBH_LL_GetSpeed
                0x0800b330       0x4e ./USB_HOST/Target/usbh_conf.o
                0x0800b330                USBH_LL_GetSpeed
 .text.USBH_LL_ResetPort
                0x0800b37e       0x36 ./USB_HOST/Target/usbh_conf.o
                0x0800b37e                USBH_LL_ResetPort
 .text.USBH_LL_GetLastXferSize
                0x0800b3b4       0x26 ./USB_HOST/Target/usbh_conf.o
                0x0800b3b4                USBH_LL_GetLastXferSize
 .text.USBH_LL_OpenPipe
                0x0800b3da       0x5e ./USB_HOST/Target/usbh_conf.o
                0x0800b3da                USBH_LL_OpenPipe
 .text.USBH_LL_ClosePipe
                0x0800b438       0x3e ./USB_HOST/Target/usbh_conf.o
                0x0800b438                USBH_LL_ClosePipe
 .text.USBH_LL_SubmitURB
                0x0800b476       0x62 ./USB_HOST/Target/usbh_conf.o
                0x0800b476                USBH_LL_SubmitURB
 .text.USBH_LL_GetURBState
                0x0800b4d8       0x26 ./USB_HOST/Target/usbh_conf.o
                0x0800b4d8                USBH_LL_GetURBState
 .text.USBH_LL_DriverVBUS
                0x0800b4fe       0x2e ./USB_HOST/Target/usbh_conf.o
                0x0800b4fe                USBH_LL_DriverVBUS
 .text.USBH_LL_SetToggle
                0x0800b52c       0x66 ./USB_HOST/Target/usbh_conf.o
                0x0800b52c                USBH_LL_SetToggle
 .text.USBH_Delay
                0x0800b592       0x16 ./USB_HOST/Target/usbh_conf.o
                0x0800b592                USBH_Delay
 .text.USBH_Get_USB_Status
                0x0800b5a8       0x58 ./USB_HOST/Target/usbh_conf.o
                0x0800b5a8                USBH_Get_USB_Status
 .text.MX_DriverVbusFS
                0x0800b600       0x38 ./USB_HOST/Target/usbh_platform.o
                0x0800b600                MX_DriverVbusFS
 .text.malloc   0x0800b638       0x10 /Applications/STM32CubeIDE.app/Contents/Eclipse/plugins/com.st.stm32cube.ide.mcu.externaltools.gnu-tools-for-stm32.13.3.rel1.macos64_1.0.0.202411102158/tools/bin/../lib/gcc/arm-none-eabi/13.3.1/../../../../arm-none-eabi/lib/thumb/v7e-m+fp/hard/libc_nano.a(libc_a-malloc.o)
                0x0800b638                malloc
 .text.free     0x0800b648       0x10 /Applications/STM32CubeIDE.app/Contents/Eclipse/plugins/com.st.stm32cube.ide.mcu.externaltools.gnu-tools-for-stm32.13.3.rel1.macos64_1.0.0.202411102158/tools/bin/../lib/gcc/arm-none-eabi/13.3.1/../../../../arm-none-eabi/lib/thumb/v7e-m+fp/hard/libc_nano.a(libc_a-malloc.o)
                0x0800b648                free
 .text.sbrk_aligned
                0x0800b658       0x44 /Applications/STM32CubeIDE.app/Contents/Eclipse/plugins/com.st.stm32cube.ide.mcu.externaltools.gnu-tools-for-stm32.13.3.rel1.macos64_1.0.0.202411102158/tools/bin/../lib/gcc/arm-none-eabi/13.3.1/../../../../arm-none-eabi/lib/thumb/v7e-m+fp/hard/libc_nano.a(libc_a-mallocr.o)
 .text._malloc_r
                0x0800b69c      0x100 /Applications/STM32CubeIDE.app/Contents/Eclipse/plugins/com.st.stm32cube.ide.mcu.externaltools.gnu-tools-for-stm32.13.3.rel1.macos64_1.0.0.202411102158/tools/bin/../lib/gcc/arm-none-eabi/13.3.1/../../../../arm-none-eabi/lib/thumb/v7e-m+fp/hard/libc_nano.a(libc_a-mallocr.o)
                0x0800b69c                _malloc_r
 .text.__malloc_lock
                0x0800b79c        0xc /Applications/STM32CubeIDE.app/Contents/Eclipse/plugins/com.st.stm32cube.ide.mcu.externaltools.gnu-tools-for-stm32.13.3.rel1.macos64_1.0.0.202411102158/tools/bin/../lib/gcc/arm-none-eabi/13.3.1/../../../../arm-none-eabi/lib/thumb/v7e-m+fp/hard/libc_nano.a(libc_a-mlock.o)
                0x0800b79c                __malloc_lock
 .text.__malloc_unlock
                0x0800b7a8        0xc /Applications/STM32CubeIDE.app/Contents/Eclipse/plugins/com.st.stm32cube.ide.mcu.externaltools.gnu-tools-for-stm32.13.3.rel1.macos64_1.0.0.202411102158/tools/bin/../lib/gcc/arm-none-eabi/13.3.1/../../../../arm-none-eabi/lib/thumb/v7e-m+fp/hard/libc_nano.a(libc_a-mlock.o)
                0x0800b7a8                __malloc_unlock
 .text.memset   0x0800b7b4       0x10 /Applications/STM32CubeIDE.app/Contents/Eclipse/plugins/com.st.stm32cube.ide.mcu.externaltools.gnu-tools-for-stm32.13.3.rel1.macos64_1.0.0.202411102158/tools/bin/../lib/gcc/arm-none-eabi/13.3.1/../../../../arm-none-eabi/lib/thumb/v7e-m+fp/hard/libc_nano.a(libc_a-memset.o)
                0x0800b7b4                memset
 .text._sbrk_r  0x0800b7c4       0x20 /Applications/STM32CubeIDE.app/Contents/Eclipse/plugins/com.st.stm32cube.ide.mcu.externaltools.gnu-tools-for-stm32.13.3.rel1.macos64_1.0.0.202411102158/tools/bin/../lib/gcc/arm-none-eabi/13.3.1/../../../../arm-none-eabi/lib/thumb/v7e-m+fp/hard/libc_nano.a(libc_a-sbrkr.o)
                0x0800b7c4                _sbrk_r
 .text.__errno  0x0800b7e4        0xc /Applications/STM32CubeIDE.app/Contents/Eclipse/plugins/com.st.stm32cube.ide.mcu.externaltools.gnu-tools-for-stm32.13.3.rel1.macos64_1.0.0.202411102158/tools/bin/../lib/gcc/arm-none-eabi/13.3.1/../../../../arm-none-eabi/lib/thumb/v7e-m+fp/hard/libc_nano.a(libc_a-errno.o)
                0x0800b7e4                __errno
 .text.__libc_init_array
                0x0800b7f0       0x48 /Applications/STM32CubeIDE.app/Contents/Eclipse/plugins/com.st.stm32cube.ide.mcu.externaltools.gnu-tools-for-stm32.13.3.rel1.macos64_1.0.0.202411102158/tools/bin/../lib/gcc/arm-none-eabi/13.3.1/../../../../arm-none-eabi/lib/thumb/v7e-m+fp/hard/libc_nano.a(libc_a-init.o)
                0x0800b7f0                __libc_init_array
 .text.__retarget_lock_acquire_recursive
                0x0800b838        0x2 /Applications/STM32CubeIDE.app/Contents/Eclipse/plugins/com.st.stm32cube.ide.mcu.externaltools.gnu-tools-for-stm32.13.3.rel1.macos64_1.0.0.202411102158/tools/bin/../lib/gcc/arm-none-eabi/13.3.1/../../../../arm-none-eabi/lib/thumb/v7e-m+fp/hard/libc_nano.a(libc_a-lock.o)
                0x0800b838                __retarget_lock_acquire_recursive
 .text.__retarget_lock_release_recursive
                0x0800b83a        0x2 /Applications/STM32CubeIDE.app/Contents/Eclipse/plugins/com.st.stm32cube.ide.mcu.externaltools.gnu-tools-for-stm32.13.3.rel1.macos64_1.0.0.202411102158/tools/bin/../lib/gcc/arm-none-eabi/13.3.1/../../../../arm-none-eabi/lib/thumb/v7e-m+fp/hard/libc_nano.a(libc_a-lock.o)
                0x0800b83a                __retarget_lock_release_recursive
 .text._free_r  0x0800b83c       0x94 /Applications/STM32CubeIDE.app/Contents/Eclipse/plugins/com.st.stm32cube.ide.mcu.externaltools.gnu-tools-for-stm32.13.3.rel1.macos64_1.0.0.202411102158/tools/bin/../lib/gcc/arm-none-eabi/13.3.1/../../../../arm-none-eabi/lib/thumb/v7e-m+fp/hard/libc_nano.a(libc_a-freer.o)
                0x0800b83c                _free_r
 *(.glue_7)
 .glue_7        0x0800b8d0        0x0 linker stubs
 *(.glue_7t)
 .glue_7t       0x0800b8d0        0x0 linker stubs
 *(.eh_frame)
 .eh_frame      0x0800b8d0        0x0 /Applications/STM32CubeIDE.app/Contents/Eclipse/plugins/com.st.stm32cube.ide.mcu.externaltools.gnu-tools-for-stm32.13.3.rel1.macos64_1.0.0.202411102158/tools/bin/../lib/gcc/arm-none-eabi/13.3.1/thumb/v7e-m+fp/hard/crtbegin.o
 *(.init)
 .init          0x0800b8d0        0x4 /Applications/STM32CubeIDE.app/Contents/Eclipse/plugins/com.st.stm32cube.ide.mcu.externaltools.gnu-tools-for-stm32.13.3.rel1.macos64_1.0.0.202411102158/tools/bin/../lib/gcc/arm-none-eabi/13.3.1/thumb/v7e-m+fp/hard/crti.o
                0x0800b8d0                _init
 .init          0x0800b8d4        0x8 /Applications/STM32CubeIDE.app/Contents/Eclipse/plugins/com.st.stm32cube.ide.mcu.externaltools.gnu-tools-for-stm32.13.3.rel1.macos64_1.0.0.202411102158/tools/bin/../lib/gcc/arm-none-eabi/13.3.1/thumb/v7e-m+fp/hard/crtn.o
 *(.fini)
 .fini          0x0800b8dc        0x4 /Applications/STM32CubeIDE.app/Contents/Eclipse/plugins/com.st.stm32cube.ide.mcu.externaltools.gnu-tools-for-stm32.13.3.rel1.macos64_1.0.0.202411102158/tools/bin/../lib/gcc/arm-none-eabi/13.3.1/thumb/v7e-m+fp/hard/crti.o
                0x0800b8dc                _fini
 .fini          0x0800b8e0        0x8 /Applications/STM32CubeIDE.app/Contents/Eclipse/plugins/com.st.stm32cube.ide.mcu.externaltools.gnu-tools-for-stm32.13.3.rel1.macos64_1.0.0.202411102158/tools/bin/../lib/gcc/arm-none-eabi/13.3.1/thumb/v7e-m+fp/hard/crtn.o
                0x0800b8e8                        . = ALIGN (0x4)
                0x0800b8e8                        _etext = .

.vfp11_veneer   0x0800b8e8        0x0
 .vfp11_veneer  0x0800b8e8        0x0 linker stubs

.v4_bx          0x0800b8e8        0x0
 .v4_bx         0x0800b8e8        0x0 linker stubs

.iplt           0x0800b8e8        0x0
 .iplt          0x0800b8e8        0x0 /Applications/STM32CubeIDE.app/Contents/Eclipse/plugins/com.st.stm32cube.ide.mcu.externaltools.gnu-tools-for-stm32.13.3.rel1.macos64_1.0.0.202411102158/tools/bin/../lib/gcc/arm-none-eabi/13.3.1/thumb/v7e-m+fp/hard/crtbegin.o

.rodata         0x0800b8e8       0x28
                0x0800b8e8                        . = ALIGN (0x4)
 *(.rodata)
 .rodata        0x0800b8e8        0x4 ./Middlewares/ST/STM32_USB_Host_Library/Class/CDC/Src/usbh_cdc.o
 *(.rodata*)
 .rodata.orden_eval.0
                0x0800b8ec        0x4 ./Core/Src/navegacion.o
 .rodata.AHBPrescTable
                0x0800b8f0       0x10 ./Core/Src/system_stm32f4xx.o
                0x0800b8f0                AHBPrescTable
 .rodata.APBPrescTable
                0x0800b900        0x8 ./Core/Src/system_stm32f4xx.o
                0x0800b900                APBPrescTable
 .rodata.flagBitshiftOffset.0
                0x0800b908        0x8 ./Drivers/STM32F4xx_HAL_Driver/Src/stm32f4xx_hal_dma.o
                0x0800b910                        . = ALIGN (0x4)

.ARM.extab      0x0800b910        0x0
                0x0800b910                        . = ALIGN (0x4)
 *(.ARM.extab* .gnu.linkonce.armextab.*)
                0x0800b910                        . = ALIGN (0x4)

.ARM            0x0800b910        0x8
                0x0800b910                        . = ALIGN (0x4)
                0x0800b910                        __exidx_start = .
 *(.ARM.exidx*)
 .ARM.exidx     0x0800b910        0x8 /Applications/STM32CubeIDE.app/Contents/Eclipse/plugins/com.st.stm32cube.ide.mcu.externaltools.gnu-tools-for-stm32.13.3.rel1.macos64_1.0.0.202411102158/tools/bin/../lib/gcc/arm-none-eabi/13.3.1/thumb/v7e-m+fp/hard/libgcc.a(_udivmoddi4.o)
                0x0800b918                        __exidx_end = .
                0x0800b918                        . = ALIGN (0x4)

.preinit_array  0x0800b918        0x0
                0x0800b918                        . = ALIGN (0x4)
                0x0800b918                        PROVIDE (__preinit_array_start = .)
 *(.preinit_array*)
                0x0800b918                        PROVIDE (__preinit_array_end = .)
                0x0800b918                        . = ALIGN (0x4)

.init_array     0x0800b918        0x4
                0x0800b918                        . = ALIGN (0x4)
                0x0800b918                        PROVIDE (__init_array_start = .)
 *(SORT_BY_NAME(.init_array.*))
 *(.init_array*)
 .init_array    0x0800b918        0x4 /Applications/STM32CubeIDE.app/Contents/Eclipse/plugins/com.st.stm32cube.ide.mcu.externaltools.gnu-tools-for-stm32.13.3.rel1.macos64_1.0.0.202411102158/tools/bin/../lib/gcc/arm-none-eabi/13.3.1/thumb/v7e-m+fp/hard/crtbegin.o
                0x0800b91c                        PROVIDE (__init_array_end = .)
                0x0800b91c                        . = ALIGN (0x4)

.fini_array     0x0800b91c        0x4
                0x0800b91c                        . = ALIGN (0x4)
                [!provide]                        PROVIDE (__fini_array_start = .)
 *(SORT_BY_NAME(.fini_array.*))
 *(.fini_array*)
 .fini_array    0x0800b91c        0x4 /Applications/STM32CubeIDE.app/Contents/Eclipse/plugins/com.st.stm32cube.ide.mcu.externaltools.gnu-tools-for-stm32.13.3.rel1.macos64_1.0.0.202411102158/tools/bin/../lib/gcc/arm-none-eabi/13.3.1/thumb/v7e-m+fp/hard/crtbegin.o
                [!provide]                        PROVIDE (__fini_array_end = .)
                0x0800b920                        . = ALIGN (0x4)
                0x0800b920                        _sidata = LOADADDR (.data)

.rel.dyn        0x0800b920        0x0
 .rel.iplt      0x0800b920        0x0 /Applications/STM32CubeIDE.app/Contents/Eclipse/plugins/com.st.stm32cube.ide.mcu.externaltools.gnu-tools-for-stm32.13.3.rel1.macos64_1.0.0.202411102158/tools/bin/../lib/gcc/arm-none-eabi/13.3.1/thumb/v7e-m+fp/hard/crtbegin.o

.data           0x20000000       0x8c load address 0x0800b920
                0x20000000                        . = ALIGN (0x4)
                0x20000000                        _sdata = .
 *(.data)
 *(.data*)
 .data.velocidad_actual_izq
                0x20000000        0x2 ./Core/Src/control_motor.o
                0x20000000                velocidad_actual_izq
 .data.velocidad_actual_der
                0x20000002        0x2 ./Core/Src/control_motor.o
                0x20000002                velocidad_actual_der
 .data.velocidad_giro_actual_izq
                0x20000004        0x2 ./Core/Src/control_motor.o
                0x20000004                velocidad_giro_actual_izq
 .data.velocidad_giro_actual_der
                0x20000006        0x2 ./Core/Src/control_motor.o
                0x20000006                velocidad_giro_actual_der
 .data.fila_actual
                0x20000008        0x1 ./Core/Src/main.o
                0x20000008                fila_actual
 .data.columna_actual
                0x20000009        0x1 ./Core/Src/main.o
                0x20000009                columna_actual
 .data.TIEMPO_AVANCE_LINEA
                0x2000000a        0x2 ./Core/Src/main.o
                0x2000000a                TIEMPO_AVANCE_LINEA
 .data.ultimo_estado_linea
                0x2000000c        0x1 ./Core/Src/main.o
                0x2000000c                ultimo_estado_linea
 .data.ultimo_estado_muro
                0x2000000d        0x1 ./Core/Src/main.o
                0x2000000d                ultimo_estado_muro
 *fill*         0x2000000e        0x2 
 .data.SystemCoreClock
                0x20000010        0x4 ./Core/Src/system_stm32f4xx.o
                0x20000010                SystemCoreClock
 .data.uwTickPrio
                0x20000014        0x4 ./Drivers/STM32F4xx_HAL_Driver/Src/stm32f4xx_hal.o
                0x20000014                uwTickPrio
 .data.uwTickFreq
                0x20000018        0x1 ./Drivers/STM32F4xx_HAL_Driver/Src/stm32f4xx_hal.o
                0x20000018                uwTickFreq
 *fill*         0x20000019        0x3 
 .data.CDC_Class
                0x2000001c       0x20 ./Middlewares/ST/STM32_USB_Host_Library/Class/CDC/Src/usbh_cdc.o
                0x2000001c                CDC_Class
 .data._impure_ptr
                0x2000003c        0x4 /Applications/STM32CubeIDE.app/Contents/Eclipse/plugins/com.st.stm32cube.ide.mcu.externaltools.gnu-tools-for-stm32.13.3.rel1.macos64_1.0.0.202411102158/tools/bin/../lib/gcc/arm-none-eabi/13.3.1/../../../../arm-none-eabi/lib/thumb/v7e-m+fp/hard/libc_nano.a(libc_a-impure.o)
                0x2000003c                _impure_ptr
 .data._impure_data
                0x20000040       0x4c /Applications/STM32CubeIDE.app/Contents/Eclipse/plugins/com.st.stm32cube.ide.mcu.externaltools.gnu-tools-for-stm32.13.3.rel1.macos64_1.0.0.202411102158/tools/bin/../lib/gcc/arm-none-eabi/13.3.1/../../../../arm-none-eabi/lib/thumb/v7e-m+fp/hard/libc_nano.a(libc_a-impure.o)
                0x20000040                _impure_data
 *(.RamFunc)
 *(.RamFunc*)
                0x2000008c                        . = ALIGN (0x4)
                0x2000008c                        _edata = .
                0x0800b9ac                        _siccmram = LOADADDR (.ccmram)

.igot.plt       0x2000008c        0x0 load address 0x0800b9ac
 .igot.plt      0x2000008c        0x0 /Applications/STM32CubeIDE.app/Contents/Eclipse/plugins/com.st.stm32cube.ide.mcu.externaltools.gnu-tools-for-stm32.13.3.rel1.macos64_1.0.0.202411102158/tools/bin/../lib/gcc/arm-none-eabi/13.3.1/thumb/v7e-m+fp/hard/crtbegin.o

.ccmram         0x10000000        0x0 load address 0x0800b9ac
                0x10000000                        . = ALIGN (0x4)
                0x10000000                        _sccmram = .
 *(.ccmram)
 *(.ccmram*)
                0x10000000                        . = ALIGN (0x4)
                0x10000000                        _eccmram = .
                0x10000000                        . = ALIGN (0x4)

.bss            0x2000008c      0xd38
                0x2000008c                        _sbss = .
                0x2000008c                        __bss_start__ = _sbss
 *(.bss)
 .bss           0x2000008c       0x1c /Applications/STM32CubeIDE.app/Contents/Eclipse/plugins/com.st.stm32cube.ide.mcu.externaltools.gnu-tools-for-stm32.13.3.rel1.macos64_1.0.0.202411102158/tools/bin/../lib/gcc/arm-none-eabi/13.3.1/thumb/v7e-m+fp/hard/crtbegin.o
 *(.bss*)
 .bss.inicializado.1
                0x200000a8       0x10 ./Core/Src/antirebote.o
 .bss.ultimas_lecturas.0
                0x200000b8       0x10 ./Core/Src/antirebote.o
 .bss.sensor_izq_avg
                0x200000c8        0x2 ./Core/Src/control_linearecta.o
                0x200000c8                sensor_izq_avg
 .bss.sensor_der_avg
                0x200000ca        0x2 ./Core/Src/control_linearecta.o
                0x200000ca                sensor_der_avg
 .bss.laberinto
                0x200000cc       0x70 ./Core/Src/laberinto.o
 .bss.hadc1     0x2000013c       0x48 ./Core/Src/main.o
                0x2000013c                hadc1
 .bss.hdma_adc1
                0x20000184       0x60 ./Core/Src/main.o
                0x20000184                hdma_adc1
 .bss.hi2c1     0x200001e4       0x54 ./Core/Src/main.o
                0x200001e4                hi2c1
 .bss.hi2s3     0x20000238       0x48 ./Core/Src/main.o
                0x20000238                hi2s3
 .bss.hspi1     0x20000280       0x58 ./Core/Src/main.o
                0x20000280                hspi1
 .bss.htim3     0x200002d8       0x48 ./Core/Src/main.o
                0x200002d8                htim3
 .bss.sentido_actual
                0x20000320        0x1 ./Core/Src/main.o
                0x20000320                sentido_actual
 .bss.terminado
                0x20000321        0x1 ./Core/Src/main.o
                0x20000321                terminado
 *fill*         0x20000322        0x2 
 .bss.dma_buffer
                0x20000324      0x190 ./Core/Src/main.o
                0x20000324                dma_buffer
 .bss.flag_linea_detectada
                0x200004b4        0x1 ./Core/Src/main.o
                0x200004b4                flag_linea_detectada
 .bss.flag_muro_detectado
                0x200004b5        0x1 ./Core/Src/main.o
                0x200004b5                flag_muro_detectado
 *fill*         0x200004b6        0x2 
 .bss.__sbrk_heap_end
                0x200004b8        0x4 ./Core/Src/sysmem.o
 .bss.uwTick    0x200004bc        0x4 ./Drivers/STM32F4xx_HAL_Driver/Src/stm32f4xx_hal.o
                0x200004bc                uwTick
 .bss.hUsbHostFS
                0x200004c0      0x3d8 ./USB_HOST/App/usb_host.o
                0x200004c0                hUsbHostFS
 .bss.Appli_state
                0x20000898        0x1 ./USB_HOST/App/usb_host.o
                0x20000898                Appli_state
 *fill*         0x20000899        0x3 
 .bss.hhcd_USB_OTG_FS
                0x2000089c      0x3e0 ./USB_HOST/Target/usbh_conf.o
                0x2000089c                hhcd_USB_OTG_FS
 .bss.__malloc_sbrk_start
                0x20000c7c        0x4 /Applications/STM32CubeIDE.app/Contents/Eclipse/plugins/com.st.stm32cube.ide.mcu.externaltools.gnu-tools-for-stm32.13.3.rel1.macos64_1.0.0.202411102158/tools/bin/../lib/gcc/arm-none-eabi/13.3.1/../../../../arm-none-eabi/lib/thumb/v7e-m+fp/hard/libc_nano.a(libc_a-mallocr.o)
                0x20000c7c                __malloc_sbrk_start
 .bss.__malloc_free_list
                0x20000c80        0x4 /Applications/STM32CubeIDE.app/Contents/Eclipse/plugins/com.st.stm32cube.ide.mcu.externaltools.gnu-tools-for-stm32.13.3.rel1.macos64_1.0.0.202411102158/tools/bin/../lib/gcc/arm-none-eabi/13.3.1/../../../../arm-none-eabi/lib/thumb/v7e-m+fp/hard/libc_nano.a(libc_a-mallocr.o)
                0x20000c80                __malloc_free_list
 .bss.__sf      0x20000c84      0x138 /Applications/STM32CubeIDE.app/Contents/Eclipse/plugins/com.st.stm32cube.ide.mcu.externaltools.gnu-tools-for-stm32.13.3.rel1.macos64_1.0.0.202411102158/tools/bin/../lib/gcc/arm-none-eabi/13.3.1/../../../../arm-none-eabi/lib/thumb/v7e-m+fp/hard/libc_nano.a(libc_a-findfp.o)
                0x20000c84                __sf
 .bss.__lock___malloc_recursive_mutex
                0x20000dbc        0x1 /Applications/STM32CubeIDE.app/Contents/Eclipse/plugins/com.st.stm32cube.ide.mcu.externaltools.gnu-tools-for-stm32.13.3.rel1.macos64_1.0.0.202411102158/tools/bin/../lib/gcc/arm-none-eabi/13.3.1/../../../../arm-none-eabi/lib/thumb/v7e-m+fp/hard/libc_nano.a(libc_a-lock.o)
                0x20000dbc                __lock___malloc_recursive_mutex
 *fill*         0x20000dbd        0x3 
 .bss.errno     0x20000dc0        0x4 /Applications/STM32CubeIDE.app/Contents/Eclipse/plugins/com.st.stm32cube.ide.mcu.externaltools.gnu-tools-for-stm32.13.3.rel1.macos64_1.0.0.202411102158/tools/bin/../lib/gcc/arm-none-eabi/13.3.1/../../../../arm-none-eabi/lib/thumb/v7e-m+fp/hard/libc_nano.a(libc_a-reent.o)
                0x20000dc0                errno
 *(COMMON)
                0x20000dc4                        . = ALIGN (0x4)
                0x20000dc4                        _ebss = .
                0x20000dc4                        __bss_end__ = _ebss

._user_heap_stack
                0x20000dc4      0x604
                0x20000dc8                        . = ALIGN (0x8)
 *fill*         0x20000dc4        0x4 
                [!provide]                        PROVIDE (end = .)
                0x20000dc8                        PROVIDE (_end = .)
                0x20000fc8                        . = (. + _Min_Heap_Size)
 *fill*         0x20000dc8      0x200 
                0x200013c8                        . = (. + _Min_Stack_Size)
 *fill*         0x20000fc8      0x400 
                0x200013c8                        . = ALIGN (0x8)

/DISCARD/
 libc.a(*)
 libm.a(*)
 libgcc.a(*)

.ARM.attributes
                0x00000000       0x30
 *(.ARM.attributes)
 .ARM.attributes
                0x00000000       0x22 /Applications/STM32CubeIDE.app/Contents/Eclipse/plugins/com.st.stm32cube.ide.mcu.externaltools.gnu-tools-for-stm32.13.3.rel1.macos64_1.0.0.202411102158/tools/bin/../lib/gcc/arm-none-eabi/13.3.1/thumb/v7e-m+fp/hard/crti.o
 .ARM.attributes
                0x00000022       0x34 /Applications/STM32CubeIDE.app/Contents/Eclipse/plugins/com.st.stm32cube.ide.mcu.externaltools.gnu-tools-for-stm32.13.3.rel1.macos64_1.0.0.202411102158/tools/bin/../lib/gcc/arm-none-eabi/13.3.1/thumb/v7e-m+fp/hard/crtbegin.o
 .ARM.attributes
                0x00000056       0x34 ./Core/Src/antirebote.o
 .ARM.attributes
                0x0000008a       0x34 ./Core/Src/control_linearecta.o
 .ARM.attributes
                0x000000be       0x34 ./Core/Src/control_motor.o
 .ARM.attributes
                0x000000f2       0x34 ./Core/Src/laberinto.o
 .ARM.attributes
                0x00000126       0x34 ./Core/Src/main.o
 .ARM.attributes
                0x0000015a       0x34 ./Core/Src/navegacion.o
 .ARM.attributes
                0x0000018e       0x34 ./Core/Src/stm32f4xx_hal_msp.o
 .ARM.attributes
                0x000001c2       0x34 ./Core/Src/stm32f4xx_it.o
 .ARM.attributes
                0x000001f6       0x34 ./Core/Src/sysmem.o
 .ARM.attributes
                0x0000022a       0x34 ./Core/Src/system_stm32f4xx.o
 .ARM.attributes
                0x0000025e       0x21 ./Core/Startup/startup_stm32f407vgtx.o
 .ARM.attributes
                0x0000027f       0x34 ./Drivers/STM32F4xx_HAL_Driver/Src/stm32f4xx_hal.o
 .ARM.attributes
                0x000002b3       0x34 ./Drivers/STM32F4xx_HAL_Driver/Src/stm32f4xx_hal_adc.o
 .ARM.attributes
                0x000002e7       0x34 ./Drivers/STM32F4xx_HAL_Driver/Src/stm32f4xx_hal_cortex.o
 .ARM.attributes
                0x0000031b       0x34 ./Drivers/STM32F4xx_HAL_Driver/Src/stm32f4xx_hal_dma.o
 .ARM.attributes
                0x0000034f       0x34 ./Drivers/STM32F4xx_HAL_Driver/Src/stm32f4xx_hal_gpio.o
 .ARM.attributes
                0x00000383       0x34 ./Drivers/STM32F4xx_HAL_Driver/Src/stm32f4xx_hal_hcd.o
 .ARM.attributes
                0x000003b7       0x34 ./Drivers/STM32F4xx_HAL_Driver/Src/stm32f4xx_hal_i2c.o
 .ARM.attributes
                0x000003eb       0x34 ./Drivers/STM32F4xx_HAL_Driver/Src/stm32f4xx_hal_i2s.o
 .ARM.attributes
                0x0000041f       0x34 ./Drivers/STM32F4xx_HAL_Driver/Src/stm32f4xx_hal_i2s_ex.o
 .ARM.attributes
                0x00000453       0x34 ./Drivers/STM32F4xx_HAL_Driver/Src/stm32f4xx_hal_rcc.o
 .ARM.attributes
                0x00000487       0x34 ./Drivers/STM32F4xx_HAL_Driver/Src/stm32f4xx_hal_rcc_ex.o
 .ARM.attributes
                0x000004bb       0x34 ./Drivers/STM32F4xx_HAL_Driver/Src/stm32f4xx_hal_spi.o
 .ARM.attributes
                0x000004ef       0x34 ./Drivers/STM32F4xx_HAL_Driver/Src/stm32f4xx_hal_tim.o
 .ARM.attributes
                0x00000523       0x34 ./Drivers/STM32F4xx_HAL_Driver/Src/stm32f4xx_hal_tim_ex.o
 .ARM.attributes
                0x00000557       0x34 ./Drivers/STM32F4xx_HAL_Driver/Src/stm32f4xx_ll_usb.o
 .ARM.attributes
                0x0000058b       0x34 ./Middlewares/ST/STM32_USB_Host_Library/Class/CDC/Src/usbh_cdc.o
 .ARM.attributes
                0x000005bf       0x34 ./Middlewares/ST/STM32_USB_Host_Library/Core/Src/usbh_core.o
 .ARM.attributes
                0x000005f3       0x34 ./Middlewares/ST/STM32_USB_Host_Library/Core/Src/usbh_ctlreq.o
 .ARM.attributes
                0x00000627       0x34 ./Middlewares/ST/STM32_USB_Host_Library/Core/Src/usbh_ioreq.o
 .ARM.attributes
                0x0000065b       0x34 ./Middlewares/ST/STM32_USB_Host_Library/Core/Src/usbh_pipes.o
 .ARM.attributes
                0x0000068f       0x34 ./USB_HOST/App/usb_host.o
 .ARM.attributes
                0x000006c3       0x34 ./USB_HOST/Target/usbh_conf.o
 .ARM.attributes
                0x000006f7       0x34 ./USB_HOST/Target/usbh_platform.o
 .ARM.attributes
                0x0000072b       0x34 /Applications/STM32CubeIDE.app/Contents/Eclipse/plugins/com.st.stm32cube.ide.mcu.externaltools.gnu-tools-for-stm32.13.3.rel1.macos64_1.0.0.202411102158/tools/bin/../lib/gcc/arm-none-eabi/13.3.1/../../../../arm-none-eabi/lib/thumb/v7e-m+fp/hard/libc_nano.a(libc_a-malloc.o)
 .ARM.attributes
                0x0000075f       0x34 /Applications/STM32CubeIDE.app/Contents/Eclipse/plugins/com.st.stm32cube.ide.mcu.externaltools.gnu-tools-for-stm32.13.3.rel1.macos64_1.0.0.202411102158/tools/bin/../lib/gcc/arm-none-eabi/13.3.1/../../../../arm-none-eabi/lib/thumb/v7e-m+fp/hard/libc_nano.a(libc_a-mallocr.o)
 .ARM.attributes
                0x00000793       0x34 /Applications/STM32CubeIDE.app/Contents/Eclipse/plugins/com.st.stm32cube.ide.mcu.externaltools.gnu-tools-for-stm32.13.3.rel1.macos64_1.0.0.202411102158/tools/bin/../lib/gcc/arm-none-eabi/13.3.1/../../../../arm-none-eabi/lib/thumb/v7e-m+fp/hard/libc_nano.a(libc_a-mlock.o)
 .ARM.attributes
                0x000007c7       0x34 /Applications/STM32CubeIDE.app/Contents/Eclipse/plugins/com.st.stm32cube.ide.mcu.externaltools.gnu-tools-for-stm32.13.3.rel1.macos64_1.0.0.202411102158/tools/bin/../lib/gcc/arm-none-eabi/13.3.1/../../../../arm-none-eabi/lib/thumb/v7e-m+fp/hard/libc_nano.a(libc_a-findfp.o)
 .ARM.attributes
                0x000007fb       0x34 /Applications/STM32CubeIDE.app/Contents/Eclipse/plugins/com.st.stm32cube.ide.mcu.externaltools.gnu-tools-for-stm32.13.3.rel1.macos64_1.0.0.202411102158/tools/bin/../lib/gcc/arm-none-eabi/13.3.1/../../../../arm-none-eabi/lib/thumb/v7e-m+fp/hard/libc_nano.a(libc_a-memset.o)
 .ARM.attributes
                0x0000082f       0x34 /Applications/STM32CubeIDE.app/Contents/Eclipse/plugins/com.st.stm32cube.ide.mcu.externaltools.gnu-tools-for-stm32.13.3.rel1.macos64_1.0.0.202411102158/tools/bin/../lib/gcc/arm-none-eabi/13.3.1/../../../../arm-none-eabi/lib/thumb/v7e-m+fp/hard/libc_nano.a(libc_a-sbrkr.o)
 .ARM.attributes
                0x00000863       0x34 /Applications/STM32CubeIDE.app/Contents/Eclipse/plugins/com.st.stm32cube.ide.mcu.externaltools.gnu-tools-for-stm32.13.3.rel1.macos64_1.0.0.202411102158/tools/bin/../lib/gcc/arm-none-eabi/13.3.1/../../../../arm-none-eabi/lib/thumb/v7e-m+fp/hard/libc_nano.a(libc_a-errno.o)
 .ARM.attributes
                0x00000897       0x34 /Applications/STM32CubeIDE.app/Contents/Eclipse/plugins/com.st.stm32cube.ide.mcu.externaltools.gnu-tools-for-stm32.13.3.rel1.macos64_1.0.0.202411102158/tools/bin/../lib/gcc/arm-none-eabi/13.3.1/../../../../arm-none-eabi/lib/thumb/v7e-m+fp/hard/libc_nano.a(libc_a-init.o)
 .ARM.attributes
                0x000008cb       0x34 /Applications/STM32CubeIDE.app/Contents/Eclipse/plugins/com.st.stm32cube.ide.mcu.externaltools.gnu-tools-for-stm32.13.3.rel1.macos64_1.0.0.202411102158/tools/bin/../lib/gcc/arm-none-eabi/13.3.1/../../../../arm-none-eabi/lib/thumb/v7e-m+fp/hard/libc_nano.a(libc_a-lock.o)
 .ARM.attributes
                0x000008ff       0x34 /Applications/STM32CubeIDE.app/Contents/Eclipse/plugins/com.st.stm32cube.ide.mcu.externaltools.gnu-tools-for-stm32.13.3.rel1.macos64_1.0.0.202411102158/tools/bin/../lib/gcc/arm-none-eabi/13.3.1/../../../../arm-none-eabi/lib/thumb/v7e-m+fp/hard/libc_nano.a(libc_a-reent.o)
 .ARM.attributes
                0x00000933       0x34 /Applications/STM32CubeIDE.app/Contents/Eclipse/plugins/com.st.stm32cube.ide.mcu.externaltools.gnu-tools-for-stm32.13.3.rel1.macos64_1.0.0.202411102158/tools/bin/../lib/gcc/arm-none-eabi/13.3.1/../../../../arm-none-eabi/lib/thumb/v7e-m+fp/hard/libc_nano.a(libc_a-impure.o)
 .ARM.attributes
                0x00000967       0x34 /Applications/STM32CubeIDE.app/Contents/Eclipse/plugins/com.st.stm32cube.ide.mcu.externaltools.gnu-tools-for-stm32.13.3.rel1.macos64_1.0.0.202411102158/tools/bin/../lib/gcc/arm-none-eabi/13.3.1/../../../../arm-none-eabi/lib/thumb/v7e-m+fp/hard/libc_nano.a(libc_a-freer.o)
 .ARM.attributes
                0x0000099b       0x22 /Applications/STM32CubeIDE.app/Contents/Eclipse/plugins/com.st.stm32cube.ide.mcu.externaltools.gnu-tools-for-stm32.13.3.rel1.macos64_1.0.0.202411102158/tools/bin/../lib/gcc/arm-none-eabi/13.3.1/thumb/v7e-m+fp/hard/libgcc.a(_aeabi_uldivmod.o)
 .ARM.attributes
                0x000009bd       0x34 /Applications/STM32CubeIDE.app/Contents/Eclipse/plugins/com.st.stm32cube.ide.mcu.externaltools.gnu-tools-for-stm32.13.3.rel1.macos64_1.0.0.202411102158/tools/bin/../lib/gcc/arm-none-eabi/13.3.1/thumb/v7e-m+fp/hard/libgcc.a(_udivmoddi4.o)
 .ARM.attributes
                0x000009f1       0x22 /Applications/STM32CubeIDE.app/Contents/Eclipse/plugins/com.st.stm32cube.ide.mcu.externaltools.gnu-tools-for-stm32.13.3.rel1.macos64_1.0.0.202411102158/tools/bin/../lib/gcc/arm-none-eabi/13.3.1/thumb/v7e-m+fp/hard/libgcc.a(_dvmd_tls.o)
 .ARM.attributes
                0x00000a13       0x22 /Applications/STM32CubeIDE.app/Contents/Eclipse/plugins/com.st.stm32cube.ide.mcu.externaltools.gnu-tools-for-stm32.13.3.rel1.macos64_1.0.0.202411102158/tools/bin/../lib/gcc/arm-none-eabi/13.3.1/thumb/v7e-m+fp/hard/crtn.o
OUTPUT(stm32-maze-solver.elf elf32-littlearm)
LOAD linker stubs
LOAD /Applications/STM32CubeIDE.app/Contents/Eclipse/plugins/com.st.stm32cube.ide.mcu.externaltools.gnu-tools-for-stm32.13.3.rel1.macos64_1.0.0.202411102158/tools/bin/../lib/gcc/arm-none-eabi/13.3.1/../../../../arm-none-eabi/lib/thumb/v7e-m+fp/hard/libc.a
LOAD /Applications/STM32CubeIDE.app/Contents/Eclipse/plugins/com.st.stm32cube.ide.mcu.externaltools.gnu-tools-for-stm32.13.3.rel1.macos64_1.0.0.202411102158/tools/bin/../lib/gcc/arm-none-eabi/13.3.1/../../../../arm-none-eabi/lib/thumb/v7e-m+fp/hard/libm.a
LOAD /Applications/STM32CubeIDE.app/Contents/Eclipse/plugins/com.st.stm32cube.ide.mcu.externaltools.gnu-tools-for-stm32.13.3.rel1.macos64_1.0.0.202411102158/tools/bin/../lib/gcc/arm-none-eabi/13.3.1/thumb/v7e-m+fp/hard/libgcc.a

.debug_info     0x00000000    0x1d158
 .debug_info    0x00000000      0x27c ./Core/Src/antirebote.o
 .debug_info    0x0000027c      0x830 ./Core/Src/control_linearecta.o
 .debug_info    0x00000aac      0x9cb ./Core/Src/control_motor.o
 .debug_info    0x00001477      0x41e ./Core/Src/laberinto.o
 .debug_info    0x00001895     0x1efa ./Core/Src/main.o
 .debug_info    0x0000378f      0x30a ./Core/Src/navegacion.o
 .debug_info    0x00003a99     0x16d7 ./Core/Src/stm32f4xx_hal_msp.o
 .debug_info    0x00005170      0x931 ./Core/Src/stm32f4xx_it.o
 .debug_info    0x00005aa1      0x168 ./Core/Src/sysmem.o
 .debug_info    0x00005c09      0x512 ./Core/Src/system_stm32f4xx.o
 .debug_info    0x0000611b       0x30 ./Core/Startup/startup_stm32f407vgtx.o
 .debug_info    0x0000614b      0x944 ./Drivers/STM32F4xx_HAL_Driver/Src/stm32f4xx_hal.o
 .debug_info    0x00006a8f      0xce3 ./Drivers/STM32F4xx_HAL_Driver/Src/stm32f4xx_hal_adc.o
 .debug_info    0x00007772      0xd8c ./Drivers/STM32F4xx_HAL_Driver/Src/stm32f4xx_hal_cortex.o
 .debug_info    0x000084fe      0x8e7 ./Drivers/STM32F4xx_HAL_Driver/Src/stm32f4xx_hal_dma.o
 .debug_info    0x00008de5      0x6c3 ./Drivers/STM32F4xx_HAL_Driver/Src/stm32f4xx_hal_gpio.o
 .debug_info    0x000094a8     0x114c ./Drivers/STM32F4xx_HAL_Driver/Src/stm32f4xx_hal_hcd.o
 .debug_info    0x0000a5f4     0x2415 ./Drivers/STM32F4xx_HAL_Driver/Src/stm32f4xx_hal_i2c.o
 .debug_info    0x0000ca09      0xe02 ./Drivers/STM32F4xx_HAL_Driver/Src/stm32f4xx_hal_i2s.o
 .debug_info    0x0000d80b      0xaae ./Drivers/STM32F4xx_HAL_Driver/Src/stm32f4xx_hal_i2s_ex.o
 .debug_info    0x0000e2b9      0x8c3 ./Drivers/STM32F4xx_HAL_Driver/Src/stm32f4xx_hal_rcc.o
 .debug_info    0x0000eb7c      0x536 ./Drivers/STM32F4xx_HAL_Driver/Src/stm32f4xx_hal_rcc_ex.o
 .debug_info    0x0000f0b2     0x1525 ./Drivers/STM32F4xx_HAL_Driver/Src/stm32f4xx_hal_spi.o
 .debug_info    0x000105d7     0x299d ./Drivers/STM32F4xx_HAL_Driver/Src/stm32f4xx_hal_tim.o
 .debug_info    0x00012f74     0x14db ./Drivers/STM32F4xx_HAL_Driver/Src/stm32f4xx_hal_tim_ex.o
 .debug_info    0x0001444f     0x1993 ./Drivers/STM32F4xx_HAL_Driver/Src/stm32f4xx_ll_usb.o
 .debug_info    0x00015de2     0x1479 ./Middlewares/ST/STM32_USB_Host_Library/Class/CDC/Src/usbh_cdc.o
 .debug_info    0x0001725b      0xfb5 ./Middlewares/ST/STM32_USB_Host_Library/Core/Src/usbh_core.o
 .debug_info    0x00018210      0xfaf ./Middlewares/ST/STM32_USB_Host_Library/Core/Src/usbh_ctlreq.o
 .debug_info    0x000191bf      0xc2e ./Middlewares/ST/STM32_USB_Host_Library/Core/Src/usbh_ioreq.o
 .debug_info    0x00019ded      0xa91 ./Middlewares/ST/STM32_USB_Host_Library/Core/Src/usbh_pipes.o
 .debug_info    0x0001a87e      0xa13 ./USB_HOST/App/usb_host.o
 .debug_info    0x0001b291     0x1cef ./USB_HOST/Target/usbh_conf.o
 .debug_info    0x0001cf80      0x1d8 ./USB_HOST/Target/usbh_platform.o

.debug_abbrev   0x00000000     0x4b5e
 .debug_abbrev  0x00000000      0x148 ./Core/Src/antirebote.o
 .debug_abbrev  0x00000148      0x22c ./Core/Src/control_linearecta.o
 .debug_abbrev  0x00000374      0x22c ./Core/Src/control_motor.o
 .debug_abbrev  0x000005a0      0x14e ./Core/Src/laberinto.o
 .debug_abbrev  0x000006ee      0x32e ./Core/Src/main.o
 .debug_abbrev  0x00000a1c      0x122 ./Core/Src/navegacion.o
 .debug_abbrev  0x00000b3e      0x270 ./Core/Src/stm32f4xx_hal_msp.o
 .debug_abbrev  0x00000dae      0x1e7 ./Core/Src/stm32f4xx_it.o
 .debug_abbrev  0x00000f95       0xbc ./Core/Src/sysmem.o
 .debug_abbrev  0x00001051      0x11a ./Core/Src/system_stm32f4xx.o
 .debug_abbrev  0x0000116b       0x24 ./Core/Startup/startup_stm32f407vgtx.o
 .debug_abbrev  0x0000118f      0x214 ./Drivers/STM32F4xx_HAL_Driver/Src/stm32f4xx_hal.o
 .debug_abbrev  0x000013a3      0x252 ./Drivers/STM32F4xx_HAL_Driver/Src/stm32f4xx_hal_adc.o
 .debug_abbrev  0x000015f5      0x31d ./Drivers/STM32F4xx_HAL_Driver/Src/stm32f4xx_hal_cortex.o
 .debug_abbrev  0x00001912      0x264 ./Drivers/STM32F4xx_HAL_Driver/Src/stm32f4xx_hal_dma.o
 .debug_abbrev  0x00001b76      0x1d4 ./Drivers/STM32F4xx_HAL_Driver/Src/stm32f4xx_hal_gpio.o
 .debug_abbrev  0x00001d4a      0x296 ./Drivers/STM32F4xx_HAL_Driver/Src/stm32f4xx_hal_hcd.o
 .debug_abbrev  0x00001fe0      0x2ad ./Drivers/STM32F4xx_HAL_Driver/Src/stm32f4xx_hal_i2c.o
 .debug_abbrev  0x0000228d      0x25d ./Drivers/STM32F4xx_HAL_Driver/Src/stm32f4xx_hal_i2s.o
 .debug_abbrev  0x000024ea      0x276 ./Drivers/STM32F4xx_HAL_Driver/Src/stm32f4xx_hal_i2s_ex.o
 .debug_abbrev  0x00002760      0x2b7 ./Drivers/STM32F4xx_HAL_Driver/Src/stm32f4xx_hal_rcc.o
 .debug_abbrev  0x00002a17      0x1b0 ./Drivers/STM32F4xx_HAL_Driver/Src/stm32f4xx_hal_rcc_ex.o
 .debug_abbrev  0x00002bc7      0x27a ./Drivers/STM32F4xx_HAL_Driver/Src/stm32f4xx_hal_spi.o
 .debug_abbrev  0x00002e41      0x278 ./Drivers/STM32F4xx_HAL_Driver/Src/stm32f4xx_hal_tim.o
 .debug_abbrev  0x000030b9      0x283 ./Drivers/STM32F4xx_HAL_Driver/Src/stm32f4xx_hal_tim_ex.o
 .debug_abbrev  0x0000333c      0x2b3 ./Drivers/STM32F4xx_HAL_Driver/Src/stm32f4xx_ll_usb.o
 .debug_abbrev  0x000035ef      0x33c ./Middlewares/ST/STM32_USB_Host_Library/Class/CDC/Src/usbh_cdc.o
 .debug_abbrev  0x0000392b      0x32a ./Middlewares/ST/STM32_USB_Host_Library/Core/Src/usbh_core.o
 .debug_abbrev  0x00003c55      0x2ff ./Middlewares/ST/STM32_USB_Host_Library/Core/Src/usbh_ctlreq.o
 .debug_abbrev  0x00003f54      0x245 ./Middlewares/ST/STM32_USB_Host_Library/Core/Src/usbh_ioreq.o
 .debug_abbrev  0x00004199      0x281 ./Middlewares/ST/STM32_USB_Host_Library/Core/Src/usbh_pipes.o
 .debug_abbrev  0x0000441a      0x26e ./USB_HOST/App/usb_host.o
 .debug_abbrev  0x00004688      0x3c2 ./USB_HOST/Target/usbh_conf.o
 .debug_abbrev  0x00004a4a      0x114 ./USB_HOST/Target/usbh_platform.o

.debug_aranges  0x00000000     0x19b0
 .debug_aranges
                0x00000000       0x20 ./Core/Src/antirebote.o
 .debug_aranges
                0x00000020       0x40 ./Core/Src/control_linearecta.o
 .debug_aranges
                0x00000060       0x70 ./Core/Src/control_motor.o
 .debug_aranges
                0x000000d0       0x50 ./Core/Src/laberinto.o
 .debug_aranges
                0x00000120       0x90 ./Core/Src/main.o
 .debug_aranges
                0x000001b0       0x28 ./Core/Src/navegacion.o
 .debug_aranges
                0x000001d8       0x78 ./Core/Src/stm32f4xx_hal_msp.o
 .debug_aranges
                0x00000250       0x78 ./Core/Src/stm32f4xx_it.o
 .debug_aranges
                0x000002c8       0x20 ./Core/Src/sysmem.o
 .debug_aranges
                0x000002e8       0x28 ./Core/Src/system_stm32f4xx.o
 .debug_aranges
                0x00000310       0x28 ./Core/Startup/startup_stm32f407vgtx.o
 .debug_aranges
                0x00000338       0xf0 ./Drivers/STM32F4xx_HAL_Driver/Src/stm32f4xx_hal.o
 .debug_aranges
                0x00000428       0xe8 ./Drivers/STM32F4xx_HAL_Driver/Src/stm32f4xx_hal_adc.o
 .debug_aranges
                0x00000510      0x130 ./Drivers/STM32F4xx_HAL_Driver/Src/stm32f4xx_hal_cortex.o
 .debug_aranges
                0x00000640       0x90 ./Drivers/STM32F4xx_HAL_Driver/Src/stm32f4xx_hal_dma.o
 .debug_aranges
                0x000006d0       0x58 ./Drivers/STM32F4xx_HAL_Driver/Src/stm32f4xx_hal_gpio.o
 .debug_aranges
                0x00000728      0x108 ./Drivers/STM32F4xx_HAL_Driver/Src/stm32f4xx_hal_hcd.o
 .debug_aranges
                0x00000830      0x2a8 ./Drivers/STM32F4xx_HAL_Driver/Src/stm32f4xx_hal_i2c.o
 .debug_aranges
                0x00000ad8      0x108 ./Drivers/STM32F4xx_HAL_Driver/Src/stm32f4xx_hal_i2s.o
 .debug_aranges
                0x00000be0       0x88 ./Drivers/STM32F4xx_HAL_Driver/Src/stm32f4xx_hal_i2s_ex.o
 .debug_aranges
                0x00000c68       0x88 ./Drivers/STM32F4xx_HAL_Driver/Src/stm32f4xx_hal_rcc.o
 .debug_aranges
                0x00000cf0       0x48 ./Drivers/STM32F4xx_HAL_Driver/Src/stm32f4xx_hal_rcc_ex.o
 .debug_aranges
                0x00000d38      0x1d0 ./Drivers/STM32F4xx_HAL_Driver/Src/stm32f4xx_hal_spi.o
 .debug_aranges
                0x00000f08      0x3d0 ./Drivers/STM32F4xx_HAL_Driver/Src/stm32f4xx_hal_tim.o
 .debug_aranges
                0x000012d8      0x168 ./Drivers/STM32F4xx_HAL_Driver/Src/stm32f4xx_hal_tim_ex.o
 .debug_aranges
                0x00001440      0x1a0 ./Drivers/STM32F4xx_HAL_Driver/Src/stm32f4xx_ll_usb.o
 .debug_aranges
                0x000015e0       0xa8 ./Middlewares/ST/STM32_USB_Host_Library/Class/CDC/Src/usbh_cdc.o
 .debug_aranges
                0x00001688       0xc0 ./Middlewares/ST/STM32_USB_Host_Library/Core/Src/usbh_core.o
 .debug_aranges
                0x00001748       0xa0 ./Middlewares/ST/STM32_USB_Host_Library/Core/Src/usbh_ctlreq.o
 .debug_aranges
                0x000017e8       0x60 ./Middlewares/ST/STM32_USB_Host_Library/Core/Src/usbh_ioreq.o
 .debug_aranges
                0x00001848       0x40 ./Middlewares/ST/STM32_USB_Host_Library/Core/Src/usbh_pipes.o
 .debug_aranges
                0x00001888       0x30 ./USB_HOST/App/usb_host.o
 .debug_aranges
                0x000018b8       0xd8 ./USB_HOST/Target/usbh_conf.o
 .debug_aranges
                0x00001990       0x20 ./USB_HOST/Target/usbh_platform.o

.debug_rnglists
                0x00000000     0x13ca
 .debug_rnglists
                0x00000000       0x14 ./Core/Src/antirebote.o
 .debug_rnglists
                0x00000014       0x2d ./Core/Src/control_linearecta.o
 .debug_rnglists
                0x00000041       0x51 ./Core/Src/control_motor.o
 .debug_rnglists
                0x00000092       0x3a ./Core/Src/laberinto.o
 .debug_rnglists
                0x000000cc       0x6f ./Core/Src/main.o
 .debug_rnglists
                0x0000013b       0x1a ./Core/Src/navegacion.o
 .debug_rnglists
                0x00000155       0x59 ./Core/Src/stm32f4xx_hal_msp.o
 .debug_rnglists
                0x000001ae       0x55 ./Core/Src/stm32f4xx_it.o
 .debug_rnglists
                0x00000203       0x13 ./Core/Src/sysmem.o
 .debug_rnglists
                0x00000216       0x1a ./Core/Src/system_stm32f4xx.o
 .debug_rnglists
                0x00000230       0x19 ./Core/Startup/startup_stm32f407vgtx.o
 .debug_rnglists
                0x00000249       0xaf ./Drivers/STM32F4xx_HAL_Driver/Src/stm32f4xx_hal.o
 .debug_rnglists
                0x000002f8       0xb5 ./Drivers/STM32F4xx_HAL_Driver/Src/stm32f4xx_hal_adc.o
 .debug_rnglists
                0x000003ad       0xe0 ./Drivers/STM32F4xx_HAL_Driver/Src/stm32f4xx_hal_cortex.o
 .debug_rnglists
                0x0000048d       0x70 ./Drivers/STM32F4xx_HAL_Driver/Src/stm32f4xx_hal_dma.o
 .debug_rnglists
                0x000004fd       0x3f ./Drivers/STM32F4xx_HAL_Driver/Src/stm32f4xx_hal_gpio.o
 .debug_rnglists
                0x0000053c       0xca ./Drivers/STM32F4xx_HAL_Driver/Src/stm32f4xx_hal_hcd.o
 .debug_rnglists
                0x00000606      0x23c ./Drivers/STM32F4xx_HAL_Driver/Src/stm32f4xx_hal_i2c.o
 .debug_rnglists
                0x00000842       0xcc ./Drivers/STM32F4xx_HAL_Driver/Src/stm32f4xx_hal_i2s.o
 .debug_rnglists
                0x0000090e       0x6a ./Drivers/STM32F4xx_HAL_Driver/Src/stm32f4xx_hal_i2s_ex.o
 .debug_rnglists
                0x00000978       0x66 ./Drivers/STM32F4xx_HAL_Driver/Src/stm32f4xx_hal_rcc.o
 .debug_rnglists