../Core/Src/control_motor.c:14:6:activar_modo_sprint	4	static
../Core/Src/control_motor.c:22:6:control_motor_init	8	static
../Core/Src/control_motor.c:37:6:set_motor_izq	16	static
../Core/Src/control_motor.c:68:6:set_motor_der	16	static
../Core/Src/control_motor.c:97:6:avanza	8	static
../Core/Src/control_motor.c:107:9:gira90izq	16	static
../Core/Src/control_motor.c:141:9:gira90der	16	static
../Core/Src/control_motor.c:175:9:gira180	16	static
../Core/Src/control_motor.c:208:6:termino	8	static
../Core/Src/control_motor.c:214:6:correccion_izquierda	16	static
../Core/Src/control_motor.c:228:6:correccion_derecha	16	static
